******************************************************************************
                  TI ARM Linker PC v20.2.5                     
******************************************************************************
>> Linked Thu Apr 28 18:06:20 2022

OUTPUT FILE NAME:   <Dual_Way_Security_and_data_logging_system_using_RFID_and_SPI_protocols.out>
ENTRY POINT SYMBOL: "_c_int00_noargs"  address: 00007ef1


MEMORY CONFIGURATION

         name            origin    length      used     unused   attr    fill
----------------------  --------  ---------  --------  --------  ----  --------
  MAIN                  00000000   00040000  00008422  00037bde  R  X
  INFO                  00200000   00004000  00000000  00004000  R  X
  SRAM_CODE             01000000   00010000  00000dcc  0000f234  RW X
  SRAM_DATA             20000000   00010000  00000dcc  0000f234  RW  


SEGMENT ALLOCATION MAP

run origin  load origin   length   init length attrs members
----------  ----------- ---------- ----------- ----- -------
00000000    00000000    00008428   00008428    r-x
  00000000    00000000    000000e4   000000e4    r-- .intvecs
  000000e4    000000e4    00008100   00008100    r-x .text
  000081e4    000081e4    000001be   000001be    r-- .const
  000083a8    000083a8    00000080   00000080    r-- .cinit
20000000    20000000    00000bcf   00000000    rw-
  20000000    20000000    00000b19   00000000    rw- .bss
  20000b1c    20000b1c    000000b3   00000000    rw- .data
2000fe00    2000fe00    00000200   00000000    rw-
  2000fe00    2000fe00    00000200   00000000    rw- .stack


SECTION ALLOCATION MAP

 output                                  attributes/
section   page    origin      length       input sections
--------  ----  ----------  ----------   ----------------
.intvecs   0    00000000    000000e4     
                  00000000    000000e4     startup_msp432p401r_ccs.obj (.intvecs:retain)

.text      0    000000e4    00008100     
                  000000e4    000030b2     ff.obj (.text)
                  00003196    00000002     rtsv7M4_T_le_v4SPD16_eabi.lib : _lock.c.obj (.text:_nop)
                  00003198    00000a4e                                   : _printfi.c.obj (.text:__TI_printfi)
                  00003be6    00000002                                   : div0.asm.obj (.text)
                  00003be8    00000858     mmc_MSP432P401r.obj (.text)
                  00004440    00000468     main.obj (.text)
                  000048a8    00000334     system_msp432p401r.obj (.text)
                  00004bdc    000002e0     UART_Driver.obj (.text)
                  00004ebc    000002a0     rtsv7M4_T_le_v4SPD16_eabi.lib : mktime.c.obj (.text:__mktime32)
                  0000515c    0000028a     msp432p4xx_driverlib.lib : pcm.o (.text:__PCM_setPowerStateAdvanced)
                  000053e6    00000002     --HOLE-- [fill = 0]
                  000053e8    00000270     rtsv7M4_T_le_v4SPD16_eabi.lib : _printfi.c.obj (.text:_pconv_a)
                  00005658    00000224     MSPIO.obj (.text)
                  0000587c    000001f0     keypad.obj (.text)
                  00005a6c    000001d0     rtsv7M4_T_le_v4SPD16_eabi.lib : _printfi.c.obj (.text:_pconv_g)
                  00005c3c    000001b6                                   : fd_add_t2.asm.obj (.text)
                  00005df2    00000002     --HOLE-- [fill = 0]
                  00005df4    0000017c     lcd.obj (.text)
                  00005f70    0000015c     msp432p4xx_driverlib.lib : pcm.o (.text:__PCM_setPowerModeAdvanced)
                  000060cc    0000013c     rtsv7M4_T_le_v4SPD16_eabi.lib : _printfi.c.obj (.text:_pconv_e)
                  00006208    00000136                                   : fd_div_t2.asm.obj (.text)
                  0000633e    00000002     --HOLE-- [fill = 0]
                  00006340    00000134                                   : localtim.c.obj (.text:__localtime32)
                  00006474    00000130     msp432p4xx_driverlib.lib : cs.o (.text:CS_initClockSignal)
                  000065a4    0000012a     diskio.obj (.text)
                  000066ce    00000002     --HOLE-- [fill = 0]
                  000066d0    00000124     rtsv7M4_T_le_v4SPD16_eabi.lib : _printfi.c.obj (.text:fcvt)
                  000067f4    0000011c     msp432p4xx_driverlib.lib : uart.o (.text:UART_initModule)
                  00006910    00000110     rtsv7M4_T_le_v4SPD16_eabi.lib : s_scalbn.c.obj (.text:scalbn)
                  00006a20    00000108     msp432p4xx_driverlib.lib : pcm.o (.text:__PCM_setCoreVoltageLevelAdvanced)
                  00006b28    000000fe     test.obj (.text)
                  00006c26    00000002     --HOLE-- [fill = 0]
                  00006c28    000000fc     TIMERA_Driver.obj (.text)
                  00006d24    000000fc     rtsv7M4_T_le_v4SPD16_eabi.lib : fd_mul_t2.asm.obj (.text)
                  00006e20    000000d0     SPI_Driver.obj (.text)
                  00006ef0    000000d0     rtc.obj (.text)
                  00006fc0    000000c4     buzzer.obj (.text)
                  00007084    000000b1     rtsv7M4_T_le_v4SPD16_eabi.lib : _printfi.c.obj (.text:_ltostr)
                  00007135    00000001     --HOLE-- [fill = 0]
                  00007136    000000b0     msp432p4xx_driverlib.lib : spi.o (.text:SPI_initMaster)
                  000071e6    0000009c     rtsv7M4_T_le_v4SPD16_eabi.lib : memcpy_t2.asm.obj (.text)
                  00007282    00000096                                   : ull_div_t2.asm.obj (.text)
                  00007318    00000094     msp432p4xx_driverlib.lib : rtc_c.o (.text:RTC_C_getEnabledInterruptStatus)
                  000073ac    00000088                              : gpio.o (.text:GPIO_setAsPeripheralModuleFunctionOutputPin)
                  00007434    00000086     rtsv7M4_T_le_v4SPD16_eabi.lib : fd_cmp_t2.asm.obj (.text:__aeabi_cdcmple)
                  000074ba    00000086                                   : fd_cmp_t2.asm.obj (.text:__aeabi_cdrcmple)
                  00007540    00000084     msp432p4xx_driverlib.lib : pcm.o (.text:PCM_gotoLPM3)
                  000075c4    0000007c                              : rtc_c.o (.text:RTC_C_getCalendarTime)
                  00007640    0000007a     rtsv7M4_T_le_v4SPD16_eabi.lib : memset_t2.asm.obj (.text)
                  000076ba    0000006e                                   : _printfi.c.obj (.text:_mcpy)
                  00007728    0000006e                                   : ll_div_t2.asm.obj (.text)
                  00007796    00000068                                   : copy_decompress_lzss.c.obj (.text:decompress:lzss:__TI_decompress_lzss)
                  000077fe    00000002     --HOLE-- [fill = 0]
                  00007800    00000064     msp432p4xx_driverlib.lib : rtc_c.o (.text:RTC_C_enableInterrupt)
                  00007864    00000064                              : uart.o (.text:UART_getEnabledInterruptStatus)
                  000078c8    00000064     rtsv7M4_T_le_v4SPD16_eabi.lib : s_frexp.c.obj (.text:frexp)
                  0000792c    0000005e     msp432p4xx_driverlib.lib : pcm.o (.text:PCM_getCoreVoltageLevel)
                  0000798a    00000002     --HOLE-- [fill = 0]
                  0000798c    0000005c                              : rtc_c.o (.text:RTC_C_getInterruptStatus)
                  000079e8    0000005a                              : pcm.o (.text:PCM_getPowerMode)
                  00007a42    00000056     rtsv7M4_T_le_v4SPD16_eabi.lib : _printfi.c.obj (.text:_pconv_f)
                  00007a98    00000054     GPIO_Driver.obj (.text)
                  00007aec    00000054     msp432p4xx_driverlib.lib : pcm.o (.text:PCM_shutdownDevice)
                  00007b40    00000054     rtsv7M4_T_le_v4SPD16_eabi.lib : _ltoa.c.obj (.text:__TI_ltoa)
                  00007b94    00000052                                   : _printfi.c.obj (.text:_ecpy)
                  00007be6    00000002     --HOLE-- [fill = 0]
                  00007be8    0000004c                                   : atoi.c.obj (.text:atoi)
                  00007c34    00000048     msp432p4xx_driverlib.lib : flash.o (.text:FlashCtl_setWaitState)
                  00007c7c    00000048     rtsv7M4_T_le_v4SPD16_eabi.lib : hosttime.c.obj (.text:HOSTtime)
                  00007cc4    00000048                                   : fd_toi_t2.asm.obj (.text)
                  00007d0c    00000044                                   : autoinit.c.obj (.text:__TI_auto_init_nobinit_nopinit:__TI_auto_init_nobinit_nopinit)
                  00007d50    00000040     msp432p4xx_driverlib.lib : spi.o (.text:is_A_Module)
                  00007d90    00000040     rtsv7M4_T_le_v4SPD16_eabi.lib : u_divt2.asm.obj (.text)
                  00007dd0    00000040                                   : sprintf.c.obj (.text:sprintf)
                  00007e10    0000003e                                   : _printfi.c.obj (.text:_fcpy)
                  00007e4e    00000002     --HOLE-- [fill = 0]
                  00007e50    00000038                                   : trgmsg.c.obj (.text:__TI_writemsg)
                  00007e88    00000034     msp432p4xx_driverlib.lib : cs.o (.text:CS_setDCOCenteredFrequency)
                  00007ebc    00000034     rtsv7M4_T_le_v4SPD16_eabi.lib : trgmsg.c.obj (.text:__TI_readmsg)
                  00007ef0    00000034                                   : boot_cortex_m.c.obj (.text:_c_int00_noargs:_c_int00_noargs)
                  00007f24    00000030     msp432p4xx_driverlib.lib : cs.o (.text:CS_setReferenceOscillatorFrequency)
                  00007f54    00000030     pwm.obj (.text)
                  00007f84    0000002e     rtsv7M4_T_le_v4SPD16_eabi.lib : i_tofd_t2.asm.obj (.text)
                  00007fb2    00000002     --HOLE-- [fill = 0]
                  00007fb4    0000002c     msp432p4xx_driverlib.lib : rtc_c.o (.text:RTC_C_holdClock)
                  00007fe0    0000002c     rtsv7M4_T_le_v4SPD16_eabi.lib : strncmp.c.obj (.text:strncmp)
                  0000800c    00000028     msp432p4xx_driverlib.lib : pcm.o (.text:PCM_gotoLPM0)
                  00008034    00000024                              : wdt_a.o (.text:WDT_A_holdTimer)
                  00008058    00000022     CS_Driver.obj (.text)
                  0000807a    0000001c     rtsv7M4_T_le_v4SPD16_eabi.lib : memccpy.c.obj (.text:memccpy)
                  00008096    0000001a                                   : s_copysign.c.obj (.text:copysign)
                  000080b0    00000018     msp432p4xx_driverlib.lib : uart.o (.text:UART_getInterruptStatus)
                  000080c8    00000018     rtsv7M4_T_le_v4SPD16_eabi.lib : sprintf.c.obj (.text:_outs)
                  000080e0    00000016                                   : strchr.c.obj (.text:strchr)
                  000080f6    00000002     --HOLE-- [fill = 0]
                  000080f8    00000014     msp432p4xx_driverlib.lib : pcm.o (.text:PCM_getPowerState)
                  0000810c    00000014     rtsv7M4_T_le_v4SPD16_eabi.lib : strlen.c.obj (.text:strlen)
                  00008120    00000012                                   : wcslen.c.obj (.text:wcslen)
                  00008132    00000010     msp432p4xx_driverlib.lib : interrupt.o (.text:Interrupt_enableMaster)
                  00008142    00000010                              : pcm.o (.text:PCM_gotoLPM4)
                  00008152    00000010                              : pcm.o (.text:PCM_setCoreVoltageLevel)
                  00008162    00000010                              : pcm.o (.text:PCM_setPowerMode)
                  00008172    00000010                              : pcm.o (.text:PCM_setPowerState)
                  00008182    0000000e     rtsv7M4_T_le_v4SPD16_eabi.lib : time.c.obj (.text:__time32)
                  00008190    0000000e                                   : copy_decompress_none.c.obj (.text:decompress:none:__TI_decompress_none)
                  0000819e    0000000e     startup_msp432p401r_ccs.obj (.text)
                  000081ac    0000000c     msp432p4xx_driverlib.lib : cpu.o (.text:CPU_cpsie)
                  000081b8    0000000c     rtsv7M4_T_le_v4SPD16_eabi.lib : copy_zero_init.c.obj (.text:decompress:ZI:__TI_zero_init)
                  000081c4    0000000a                                   : sprintf.c.obj (.text:_outc)
                  000081ce    00000002     --HOLE-- [fill = 0]
                  000081d0    00000008                                   : errno.c.obj (.text:__aeabi_errno_addr)
                  000081d8    00000004     msp432p4xx_driverlib.lib : cpu.o (.text:CPU_wfi)
                  000081dc    00000004     rtsv7M4_T_le_v4SPD16_eabi.lib : pre_init.c.obj (.text:_system_pre_init)
                  000081e0    00000004                                   : exit.c.obj (.text:abort:abort)

.const     0    000081e4    000001be     
                  000081e4    00000101     rtsv7M4_T_le_v4SPD16_eabi.lib : ctype.c.obj (.const:.string:_ctypes_)
                  000082e5    00000003     --HOLE-- [fill = 0]
                  000082e8    00000060                                   : mktime.c.obj (.const:$O1$$)
                  00008348    00000030     msp432p4xx_driverlib.lib : gpio.o (.const:GPIO_PORT_TO_BASE)
                  00008378    0000001c     main.obj (.const:$P$T0$1)
                  00008394    0000000a     ff.obj (.const:.string:DbcTbl)
                  0000839e    00000004     keypad.obj (.const:.string:$P$T0$1)

.cinit     0    000083a8    00000080     
                  000083a8    0000005a     (.cinit..data.load) [load image, compression = lzss]
                  00008402    00000002     --HOLE-- [fill = 0]
                  00008404    0000000c     (__TI_handler_table)
                  00008410    00000008     (.cinit..bss.load) [load image, compression = zero_init]
                  00008418    00000010     (__TI_cinit_table)

.init_array 
*          0    00000000    00000000     UNINITIALIZED

.binit     0    00000000    00000000     

.bss       0    20000000    00000b19     UNINITIALIZED
                  20000000    00000234     (.common:fs)
                  20000234    00000228     (.common:accepted_fil)
                  2000045c    00000228     (.common:fil)
                  20000684    00000228     (.common:rejected_fil)
                  200008ac    00000120     rtsv7M4_T_le_v4SPD16_eabi.lib : trgmsg.c.obj (.bss:_CIOBUF_)
                  200009cc    00000080     (.common:UARTA0Data)
                  20000a4c    00000080     (.common:UARTA2Data)
                  20000acc    0000001c     rtc.obj (.bss:current_time)
                  20000ae8    00000009     mmc_MSP432P401r.obj (.bss)
                  20000af1    00000008     (.common:parmbuf)
                  20000af9    00000008     (.common:result)
                  20000b01    00000001     rtc.obj (.bss)
                  20000b02    00000002     ff.obj (.bss)
                  20000b04    00000004     ff.obj (.bss:FatFs)
                  20000b08    00000004     (.common:UARTA0ReadIndex)
                  20000b0c    00000004     (.common:UARTA0WriteIndex)
                  20000b10    00000004     (.common:UARTA2ReadIndex)
                  20000b14    00000004     (.common:UARTA2WriteIndex)
                  20000b18    00000001     (.common:key)

.data      0    20000b1c    000000b3     UNINITIALIZED
                  20000b1c    00000024     rtsv7M4_T_le_v4SPD16_eabi.lib : localtim.c.obj (.data:local_tm)
                  20000b40    0000001c     main.obj (.data:SPI0MasterConfig)
                  20000b5c    00000018     main.obj (.data:buzzer_config)
                  20000b74    00000018     main.obj (.data:pwmConfig)
                  20000b8c    00000018     main.obj (.data:upConfig)
                  20000ba4    00000010     rtsv7M4_T_le_v4SPD16_eabi.lib : tmzone.c.obj (.data:_tz)
                  20000bb4    00000008                                   : _lock.c.obj (.data:$O1$$)
                  20000bbc    00000008     TIMERA_Driver.obj (.data)
                  20000bc4    00000004     rtsv7M4_T_le_v4SPD16_eabi.lib : errno.c.obj (.data)
                  20000bc8    00000004     system_msp432p401r.obj (.data)
                  20000bcc    00000002     mmc_MSP432P401r.obj (.data)
                  20000bce    00000001     buzzer.obj (.data)

.stack     0    2000fe00    00000200     UNINITIALIZED
                  2000fe00    00000004     rtsv7M4_T_le_v4SPD16_eabi.lib : boot_cortex_m.c.obj (.stack)
                  2000fe04    000001fc     --HOLE--

__llvm_prf_cnts 
*          0    20000000    00000000     UNINITIALIZED

MODULE SUMMARY

       Module                        code    ro data   rw data
       ------                        ----    -------   -------
    .\
       main.obj                      1128    28        4658   
       system_msp432p401r.obj        820     0         8      
       startup_msp432p401r_ccs.obj   14      228       0      
    +--+-----------------------------+-------+---------+---------+
       Total:                        1962    256       4666   
                                                              
    .\Devices\
       MSPIO.obj                     548     0         0      
    +--+-----------------------------+-------+---------+---------+
       Total:                        548     0         0      
                                                              
    .\Hardware\
       UART_Driver.obj               736     0         544    
       TIMERA_Driver.obj             252     0         16     
       SPI_Driver.obj                208     0         0      
       GPIO_Driver.obj               84      0         0      
       CS_Driver.obj                 34      0         0      
    +--+-----------------------------+-------+---------+---------+
       Total:                        1314    0         560    
                                                              
    .\fatfs\
       ff.obj                        12466   10        12     
       mmc_MSP432P401r.obj           2136    0         22     
       diskio.obj                    298     0         0      
    +--+-----------------------------+-------+---------+---------+
       Total:                        14900   10        34     
                                                              
    .\src\
       keypad.obj                    496     4         0      
       lcd.obj                       380     0         0      
       rtc.obj                       208     0         58     
       test.obj                      254     0         0      
       buzzer.obj                    196     0         2      
       pwm.obj                       48      0         0      
    +--+-----------------------------+-------+---------+---------+
       Total:                        1582    4         60     
                                                              
    C:/ti/simplelink_msp432p4_sdk_3_40_01_02/source/ti/devices/msp432p4xx/driverlib/ccs/msp432p4xx_driverlib.lib
       pcm.o                         1786    0         0      
       rtc_c.o                       508     0         0      
       uart.o                        408     0         0      
       cs.o                          404     0         0      
       spi.o                         240     0         0      
       gpio.o                        136     48        0      
       flash.o                       72      0         0      
       wdt_a.o                       36      0         0      
       cpu.o                         16      0         0      
       interrupt.o                   16      0         0      
    +--+-----------------------------+-------+---------+---------+
       Total:                        3622    48        0      
                                                              
    C:\ti\ccs1120\ccs\tools\compiler\ti-cgt-arm_20.2.5.LTS\lib\rtsv7M4_T_le_v4SPD16_eabi.lib
       _printfi.c.obj                4851    0         0      
       mktime.c.obj                  672     96        0      
       trgmsg.c.obj                  108     0         576    
       fd_add_t2.asm.obj             438     0         0      
       localtim.c.obj                308     0         72     
       fd_div_t2.asm.obj             310     0         0      
       s_scalbn.c.obj                272     0         0      
       fd_cmp_t2.asm.obj             268     0         0      
       ctype.c.obj                   0       257       0      
       fd_mul_t2.asm.obj             252     0         0      
       memcpy_t2.asm.obj             156     0         0      
       ull_div_t2.asm.obj            150     0         0      
       memset_t2.asm.obj             122     0         0      
       ll_div_t2.asm.obj             110     0         0      
       copy_decompress_lzss.c.obj    104     0         0      
       s_frexp.c.obj                 100     0         0      
       sprintf.c.obj                 98      0         0      
       _ltoa.c.obj                   84      0         0      
       atoi.c.obj                    76      0         0      
       fd_toi_t2.asm.obj             72      0         0      
       hosttime.c.obj                72      0         0      
       autoinit.c.obj                68      0         0      
       u_divt2.asm.obj               64      0         0      
       boot_cortex_m.c.obj           52      0         0      
       i_tofd_t2.asm.obj             46      0         0      
       strncmp.c.obj                 44      0         0      
       tmzone.c.obj                  0       0         32     
       memccpy.c.obj                 28      0         0      
       s_copysign.c.obj              26      0         0      
       strchr.c.obj                  22      0         0      
       strlen.c.obj                  20      0         0      
       _lock.c.obj                   2       0         16     
       wcslen.c.obj                  18      0         0      
       errno.c.obj                   8       0         8      
       hostopen.c.obj                0       0         16     
       copy_decompress_none.c.obj    14      0         0      
       time.c.obj                    14      0         0      
       copy_zero_init.c.obj          12      0         0      
       exit.c.obj                    4       0         0      
       pre_init.c.obj                4       0         0      
       div0.asm.obj                  2       0         0      
    +--+-----------------------------+-------+---------+---------+
       Total:                        9071    353       720    
                                                              
       Stack:                        0       0         1024   
       Linker Generated:             0       126       0      
    +--+-----------------------------+-------+---------+---------+
       Grand Total:                  32999   797       7064   


LINKER GENERATED COPY TABLES

__TI_cinit_table @ 00008418 records: 2, size/record: 8, table size: 16
	.data: load addr=000083a8, load size=0000005a bytes, run addr=20000b1c, run size=000000b3 bytes, compression=lzss
	.bss: load addr=00008410, load size=00000008 bytes, run addr=20000000, run size=00000b19 bytes, compression=zero_init


LINKER GENERATED HANDLER TABLE

__TI_handler_table @ 00008404 records: 3, size/record: 4, table size: 12
	index: 0, handler: __TI_decompress_lzss
	index: 1, handler: __TI_decompress_none
	index: 2, handler: __TI_zero_init


GLOBAL SYMBOLS: SORTED ALPHABETICALLY BY Name 

address   name                                       
-------   ----                                       
000081ab  ADC14_IRQHandler                           
000081ab  AES256_IRQHandler                          
000081ab  BusFault_Handler                           
000081e1  C$$EXIT                                    
00007e7f  C$$IO$$                                    
000081ab  COMP_E0_IRQHandler                         
000081ab  COMP_E1_IRQHandler                         
000081ad  CPU_cpsie                                  
000081d9  CPU_wfi                                    
000081ab  CS_IRQHandler                              
00008059  CS_Init                                    
00006475  CS_initClockSignal                         
00007e89  CS_setDCOCenteredFrequency                 
00007f25  CS_setReferenceOscillatorFrequency         
000081ab  DMA_ERR_IRQHandler                         
000081ab  DMA_INT0_IRQHandler                        
000081ab  DMA_INT1_IRQHandler                        
000081ab  DMA_INT2_IRQHandler                        
000081ab  DMA_INT3_IRQHandler                        
000081ab  DebugMon_Handler                           
000081ab  Default_Handler                            
00004db9  EUSCIA0_IRQHandler                         
00004db9  EUSCIA0_IRQHandler                         
000081ab  EUSCIA1_IRQHandler                         
00004e2d  EUSCIA2_IRQHandler                         
00004e2d  EUSCIA2_IRQHandler                         
000081ab  EUSCIA3_IRQHandler                         
000081ab  EUSCIB0_IRQHandler                         
000081ab  EUSCIB1_IRQHandler                         
000081ab  EUSCIB2_IRQHandler                         
000081ab  EUSCIB3_IRQHandler                         
000081ab  FLCTL_IRQHandler                           
000081ab  FPU_IRQHandler                             
00007c35  FlashCtl_setWaitState                      
00007ab3  GPIO_High                                  
00007a99  GPIO_Init                                  
00007acd  GPIO_Low                                   
000073ad  GPIO_setAsPeripheralModuleFunctionOutputPin
00007c7d  HOSTtime                                   
000081ab  HardFault_Handler                          
00008133  Interrupt_enableMaster                     
00003ea1  MMC_disk_initialize                        
000041ad  MMC_disk_ioctl                             
00004045  MMC_disk_read                              
0000403f  MMC_disk_status                            
000040db  MMC_disk_write                             
000057d5  MSPgets                                    
0000571b  MSPrintf                                   
000081ab  MemManage_Handler                          
000081ab  NMI_Handler                                
000081ab  PCM_IRQHandler                             
0000792d  PCM_getCoreVoltageLevel                    
000079e9  PCM_getPowerMode                           
000080f9  PCM_getPowerState                          
0000800d  PCM_gotoLPM0                               
00007541  PCM_gotoLPM3                               
00008143  PCM_gotoLPM4                               
00008153  PCM_setCoreVoltageLevel                    
00008163  PCM_setPowerMode                           
00008173  PCM_setPowerState                          
00007aed  PCM_shutdownDevice                         
000081ab  PORT1_IRQHandler                           
000081ab  PORT2_IRQHandler                           
000081ab  PORT3_IRQHandler                           
000081ab  PORT4_IRQHandler                           
000081ab  PORT5_IRQHandler                           
000081ab  PORT6_IRQHandler                           
000081ab  PSS_IRQHandler                             
000081ab  PendSV_Handler                             
00005659  PrintChar                                  
0000568f  PrintInteger                               
0000566d  PrintString                                
00006f5f  RTC_C_IRQHandler                           
00006f5f  RTC_C_IRQHandler                           
00007801  RTC_C_enableInterrupt                      
000075c5  RTC_C_getCalendarTime                      
00007319  RTC_C_getEnabledInterruptStatus            
0000798d  RTC_C_getInterruptStatus                   
00007fb5  RTC_C_holdClock                            
00006ef1  RTC_init                                   
0000819f  Reset_Handler                              
20000b40  SPI0MasterConfig                           
00006e21  SPI_Init                                   
00006ea9  SPI_Read                                   
00006e6d  SPI_Write                                  
00007137  SPI_initMaster                             
000081ab  SVC_Handler                                
000081ab  SysTick_Handler                            
20000bc8  SystemCoreClock                            
000048a9  SystemCoreClockUpdate                      
00004b21  SystemInit                                 
000081ab  T32_INT1_IRQHandler                        
000081ab  T32_INT2_IRQHandler                        
000081ab  T32_INTC_IRQHandler                        
00006ce3  TA0_0_IRQHandler                           
00006ce3  TA0_0_IRQHandler                           
000081ab  TA0_N_IRQHandler                           
00006cf3  TA1_0_IRQHandler                           
00006cf3  TA1_0_IRQHandler                           
000081ab  TA1_N_IRQHandler                           
000081ab  TA2_0_IRQHandler                           
000081ab  TA2_N_IRQHandler                           
000081ab  TA3_0_IRQHandler                           
000081ab  TA3_N_IRQHandler                           
00006c29  TIMERA_Init                                
20000bbc  TIMER_A0_CB                                
20000bc0  TIMER_A1_CB                                
200009cc  UARTA0Data                                 
20000b08  UARTA0ReadIndex                            
20000b0c  UARTA0WriteIndex                           
20000a4c  UARTA2Data                                 
20000b10  UARTA2ReadIndex                            
20000b14  UARTA2WriteIndex                           
00004bdd  UART_Init                                  
00004cc1  UART_Read                                  
00004c85  UART_Write                                 
00007865  UART_getEnabledInterruptStatus             
000080b1  UART_getInterruptStatus                    
000067f5  UART_initModule                            
000081ab  UsageFault_Handler                         
4000480c  WDTCTL_SYM                                 
000081ab  WDT_A_IRQHandler                           
00008035  WDT_A_holdTimer                            
200008ac  __CIOBUF_                                  
20010000  __STACK_END                                
00000200  __STACK_SIZE                               
00008418  __TI_CINIT_Base                            
00008428  __TI_CINIT_Limit                           
00008404  __TI_Handler_Table_Base                    
00008410  __TI_Handler_Table_Limit                   
00007d0d  __TI_auto_init_nobinit_nopinit             
00007797  __TI_decompress_lzss                       
00008191  __TI_decompress_none                       
00007b41  __TI_ltoa                                  
ffffffff  __TI_pprof_out_hndl                        
00003199  __TI_printfi                               
ffffffff  __TI_prof_data_size                        
ffffffff  __TI_prof_data_start                       
00007ebd  __TI_readmsg                               
00000000  __TI_static_base__                         
00007e51  __TI_writemsg                              
000081b9  __TI_zero_init                             
00007435  __aeabi_cdcmpeq                            
00007435  __aeabi_cdcmple                            
000074bb  __aeabi_cdrcmple                           
00007cc5  __aeabi_d2iz                               
00005c47  __aeabi_dadd                               
00006209  __aeabi_ddiv                               
00006d25  __aeabi_dmul                               
00005c3d  __aeabi_dsub                               
000081d1  __aeabi_errno_addr                         
00007f85  __aeabi_i2d                                
00003be7  __aeabi_idiv0                              
00003be7  __aeabi_ldiv0                              
00007729  __aeabi_ldivmod                            
00007641  __aeabi_memclr                             
00007641  __aeabi_memclr4                            
00007641  __aeabi_memclr8                            
000071e7  __aeabi_memcpy                             
000071e7  __aeabi_memcpy4                            
000071e7  __aeabi_memcpy8                            
00007643  __aeabi_memset                             
00007643  __aeabi_memset4                            
00007643  __aeabi_memset8                            
00007d91  __aeabi_uidiv                              
00007d91  __aeabi_uidivmod                           
00007283  __aeabi_uldivmod                           
ffffffff  __binit__                                  
ffffffff  __c_args__                                 
00006341  __localtime32                              
00004ebd  __mktime32                                 
UNDEFED   __mpu_init                                 
2000fe00  __stack                                    
20000000  __start___llvm_prf_cnts                    
20000000  __stop___llvm_prf_cnts                     
00008183  __time32                                   
00007ef1  _c_int00_noargs                            
000081e4  _ctypes_                                   
20000bb4  _lock                                      
00003197  _nop                                       
UNDEFED   _system_post_cinit                         
000081dd  _system_pre_init                           
20000ba4  _tz                                        
20000bb8  _unlock                                    
000081e1  abort                                      
20000234  accepted_fil                               
00007be9  atoi                                       
ffffffff  binit                                      
20000b5c  buzzer_config                              
00004453  buzzer_generate                            
00007067  buzzer_state_change                        
00008097  copysign                                   
00008097  copysignl                                  
000044dd  degenerate_motor                           
000065d7  disk_initialize                            
00006691  disk_ioctl                                 
00006609  disk_read                                  
000065a5  disk_status                                
000043a9  disk_timerproc                             
0000664d  disk_write                                 
20000bce  enable_buzzer                              
20000bc4  errno                                      
000020a1  f_chdir                                    
0000206f  f_close                                    
00002555  f_closedir                                 
00002115  f_getcwd                                   
00002643  f_getfree                                  
00002c89  f_gets                                     
00002289  f_lseek                                    
0000299d  f_mkdir                                    
000017e1  f_mount                                    
00001861  f_open                                     
000024b1  f_opendir                                  
00002e19  f_printf                                   
00002dbd  f_putc                                     
00002de5  f_puts                                     
00001b05  f_read                                     
00002577  f_readdir                                  
00002b1f  f_rename                                   
000025ef  f_stat                                     
00001fa7  f_sync                                     
00002777  f_truncate                                 
00002885  f_unlink                                   
00001d25  f_write                                    
2000045c  fil                                        
000078c9  frexp                                      
000078c9  frexpl                                     
20000000  fs                                         
00004499  generate_motor                             
000043ed  get_fattime                                
00004441  get_motor_functioning                      
00000000  interruptVectors                           
20000b18  key                                        
00005891  keypad_getkey                              
0000587d  keypad_init                                
00005f5d  lcd_clear                                  
00005df5  lcd_init                                   
00005f37  lcd_set_text                               
00005e79  lcd_trigger_en                             
00005ee5  lcd_write_cmd                              
00005e8f  lcd_write_data                             
00006911  ldexp                                      
00006911  ldexpl                                     
00006341  localtime                                  
00004539  main                                       
0000807b  memccpy                                    
000071e7  memcpy                                     
00007649  memset                                     
00004ebd  mktime                                     
00007f55  new_pwm_init                               
20000af1  parmbuf                                    
00006fc1  play_buzzer                                
20000b74  pwmConfig                                  
20000684  rejected_fil                               
20000af9  result                                     
00006911  scalbn                                     
00006911  scalbnl                                    
00007dd1  sprintf                                    
000080e1  strchr                                     
0000810d  strlen                                     
00007fe1  strncmp                                    
00006b29  test                                       
00008183  time                                       
20000b8c  upConfig                                   
00008121  wcslen                                     


GLOBAL SYMBOLS: SORTED BY Symbol Address 

address   name                                       
-------   ----                                       
00000000  __TI_static_base__                         
00000000  interruptVectors                           
00000200  __STACK_SIZE                               
000017e1  f_mount                                    
00001861  f_open                                     
00001b05  f_read                                     
00001d25  f_write                                    
00001fa7  f_sync                                     
0000206f  f_close                                    
000020a1  f_chdir                                    
00002115  f_getcwd                                   
00002289  f_lseek                                    
000024b1  f_opendir                                  
00002555  f_closedir                                 
00002577  f_readdir                                  
000025ef  f_stat                                     
00002643  f_getfree                                  
00002777  f_truncate                                 
00002885  f_unlink                                   
0000299d  f_mkdir                                    
00002b1f  f_rename                                   
00002c89  f_gets                                     
00002dbd  f_putc                                     
00002de5  f_puts                                     
00002e19  f_printf                                   
00003197  _nop                                       
00003199  __TI_printfi                               
00003be7  __aeabi_idiv0                              
00003be7  __aeabi_ldiv0                              
00003ea1  MMC_disk_initialize                        
0000403f  MMC_disk_status                            
00004045  MMC_disk_read                              
000040db  MMC_disk_write                             
000041ad  MMC_disk_ioctl                             
000043a9  disk_timerproc                             
000043ed  get_fattime                                
00004441  get_motor_functioning                      
00004453  buzzer_generate                            
00004499  generate_motor                             
000044dd  degenerate_motor                           
00004539  main                                       
000048a9  SystemCoreClockUpdate                      
00004b21  SystemInit                                 
00004bdd  UART_Init                                  
00004c85  UART_Write                                 
00004cc1  UART_Read                                  
00004db9  EUSCIA0_IRQHandler                         
00004db9  EUSCIA0_IRQHandler                         
00004e2d  EUSCIA2_IRQHandler                         
00004e2d  EUSCIA2_IRQHandler                         
00004ebd  __mktime32                                 
00004ebd  mktime                                     
00005659  PrintChar                                  
0000566d  PrintString                                
0000568f  PrintInteger                               
0000571b  MSPrintf                                   
000057d5  MSPgets                                    
0000587d  keypad_init                                
00005891  keypad_getkey                              
00005c3d  __aeabi_dsub                               
00005c47  __aeabi_dadd                               
00005df5  lcd_init                                   
00005e79  lcd_trigger_en                             
00005e8f  lcd_write_data                             
00005ee5  lcd_write_cmd                              
00005f37  lcd_set_text                               
00005f5d  lcd_clear                                  
00006209  __aeabi_ddiv                               
00006341  __localtime32                              
00006341  localtime                                  
00006475  CS_initClockSignal                         
000065a5  disk_status                                
000065d7  disk_initialize                            
00006609  disk_read                                  
0000664d  disk_write                                 
00006691  disk_ioctl                                 
000067f5  UART_initModule                            
00006911  ldexp                                      
00006911  ldexpl                                     
00006911  scalbn                                     
00006911  scalbnl                                    
00006b29  test                                       
00006c29  TIMERA_Init                                
00006ce3  TA0_0_IRQHandler                           
00006ce3  TA0_0_IRQHandler                           
00006cf3  TA1_0_IRQHandler                           
00006cf3  TA1_0_IRQHandler                           
00006d25  __aeabi_dmul                               
00006e21  SPI_Init                                   
00006e6d  SPI_Write                                  
00006ea9  SPI_Read                                   
00006ef1  RTC_init                                   
00006f5f  RTC_C_IRQHandler                           
00006f5f  RTC_C_IRQHandler                           
00006fc1  play_buzzer                                
00007067  buzzer_state_change                        
00007137  SPI_initMaster                             
000071e7  __aeabi_memcpy                             
000071e7  __aeabi_memcpy4                            
000071e7  __aeabi_memcpy8                            
000071e7  memcpy                                     
00007283  __aeabi_uldivmod                           
00007319  RTC_C_getEnabledInterruptStatus            
000073ad  GPIO_setAsPeripheralModuleFunctionOutputPin
00007435  __aeabi_cdcmpeq                            
00007435  __aeabi_cdcmple                            
000074bb  __aeabi_cdrcmple                           
00007541  PCM_gotoLPM3                               
000075c5  RTC_C_getCalendarTime                      
00007641  __aeabi_memclr                             
00007641  __aeabi_memclr4                            
00007641  __aeabi_memclr8                            
00007643  __aeabi_memset                             
00007643  __aeabi_memset4                            
00007643  __aeabi_memset8                            
00007649  memset                                     
00007729  __aeabi_ldivmod                            
00007797  __TI_decompress_lzss                       
00007801  RTC_C_enableInterrupt                      
00007865  UART_getEnabledInterruptStatus             
000078c9  frexp                                      
000078c9  frexpl                                     
0000792d  PCM_getCoreVoltageLevel                    
0000798d  RTC_C_getInterruptStatus                   
000079e9  PCM_getPowerMode                           
00007a99  GPIO_Init                                  
00007ab3  GPIO_High                                  
00007acd  GPIO_Low                                   
00007aed  PCM_shutdownDevice                         
00007b41  __TI_ltoa                                  
00007be9  atoi                                       
00007c35  FlashCtl_setWaitState                      
00007c7d  HOSTtime                                   
00007cc5  __aeabi_d2iz                               
00007d0d  __TI_auto_init_nobinit_nopinit             
00007d91  __aeabi_uidiv                              
00007d91  __aeabi_uidivmod                           
00007dd1  sprintf                                    
00007e51  __TI_writemsg                              
00007e7f  C$$IO$$                                    
00007e89  CS_setDCOCenteredFrequency                 
00007ebd  __TI_readmsg                               
00007ef1  _c_int00_noargs                            
00007f25  CS_setReferenceOscillatorFrequency         
00007f55  new_pwm_init                               
00007f85  __aeabi_i2d                                
00007fb5  RTC_C_holdClock                            
00007fe1  strncmp                                    
0000800d  PCM_gotoLPM0                               
00008035  WDT_A_holdTimer                            
00008059  CS_Init                                    
0000807b  memccpy                                    
00008097  copysign                                   
00008097  copysignl                                  
000080b1  UART_getInterruptStatus                    
000080e1  strchr                                     
000080f9  PCM_getPowerState                          
0000810d  strlen                                     
00008121  wcslen                                     
00008133  Interrupt_enableMaster                     
00008143  PCM_gotoLPM4                               
00008153  PCM_setCoreVoltageLevel                    
00008163  PCM_setPowerMode                           
00008173  PCM_setPowerState                          
00008183  __time32                                   
00008183  time                                       
00008191  __TI_decompress_none                       
0000819f  Reset_Handler                              
000081ab  ADC14_IRQHandler                           
000081ab  AES256_IRQHandler                          
000081ab  BusFault_Handler                           
000081ab  COMP_E0_IRQHandler                         
000081ab  COMP_E1_IRQHandler                         
000081ab  CS_IRQHandler                              
000081ab  DMA_ERR_IRQHandler                         
000081ab  DMA_INT0_IRQHandler                        
000081ab  DMA_INT1_IRQHandler                        
000081ab  DMA_INT2_IRQHandler                        
000081ab  DMA_INT3_IRQHandler                        
000081ab  DebugMon_Handler                           
000081ab  Default_Handler                            
000081ab  EUSCIA1_IRQHandler                         
000081ab  EUSCIA3_IRQHandler                         
000081ab  EUSCIB0_IRQHandler                         
000081ab  EUSCIB1_IRQHandler                         
000081ab  EUSCIB2_IRQHandler                         
000081ab  EUSCIB3_IRQHandler                         
000081ab  FLCTL_IRQHandler                           
000081ab  FPU_IRQHandler                             
000081ab  HardFault_Handler                          
000081ab  MemManage_Handler                          
000081ab  NMI_Handler                                
000081ab  PCM_IRQHandler                             
000081ab  PORT1_IRQHandler                           
000081ab  PORT2_IRQHandler                           
000081ab  PORT3_IRQHandler                           
000081ab  PORT4_IRQHandler                           
000081ab  PORT5_IRQHandler                           
000081ab  PORT6_IRQHandler                           
000081ab  PSS_IRQHandler                             
000081ab  PendSV_Handler                             
000081ab  SVC_Handler                                
000081ab  SysTick_Handler                            
000081ab  T32_INT1_IRQHandler                        
000081ab  T32_INT2_IRQHandler                        
000081ab  T32_INTC_IRQHandler                        
000081ab  TA0_N_IRQHandler                           
000081ab  TA1_N_IRQHandler                           
000081ab  TA2_0_IRQHandler                           
000081ab  TA2_N_IRQHandler                           
000081ab  TA3_0_IRQHandler                           
000081ab  TA3_N_IRQHandler                           
000081ab  UsageFault_Handler                         
000081ab  WDT_A_IRQHandler                           
000081ad  CPU_cpsie                                  
000081b9  __TI_zero_init                             
000081d1  __aeabi_errno_addr                         
000081d9  CPU_wfi                                    
000081dd  _system_pre_init                           
000081e1  C$$EXIT                                    
000081e1  abort                                      
000081e4  _ctypes_                                   
00008404  __TI_Handler_Table_Base                    
00008410  __TI_Handler_Table_Limit                   
00008418  __TI_CINIT_Base                            
00008428  __TI_CINIT_Limit                           
20000000  __start___llvm_prf_cnts                    
20000000  __stop___llvm_prf_cnts                     
20000000  fs                                         
20000234  accepted_fil                               
2000045c  fil                                        
20000684  rejected_fil                               
200008ac  __CIOBUF_                                  
200009cc  UARTA0Data                                 
20000a4c  UARTA2Data                                 
20000af1  parmbuf                                    
20000af9  result                                     
20000b08  UARTA0ReadIndex                            
20000b0c  UARTA0WriteIndex                           
20000b10  UARTA2ReadIndex                            
20000b14  UARTA2WriteIndex                           
20000b18  key                                        
20000b40  SPI0MasterConfig                           
20000b5c  buzzer_config                              
20000b74  pwmConfig                                  
20000b8c  upConfig                                   
20000ba4  _tz                                        
20000bb4  _lock                                      
20000bb8  _unlock                                    
20000bbc  TIMER_A0_CB                                
20000bc0  TIMER_A1_CB                                
20000bc4  errno                                      
20000bc8  SystemCoreClock                            
20000bce  enable_buzzer                              
2000fe00  __stack                                    
20010000  __STACK_END                                
4000480c  WDTCTL_SYM                                 
ffffffff  __TI_pprof_out_hndl                        
ffffffff  __TI_prof_data_size                        
ffffffff  __TI_prof_data_start                       
ffffffff  __binit__                                  
ffffffff  __c_args__                                 
ffffffff  binit                                      
UNDEFED   __mpu_init                                 
UNDEFED   _system_post_cinit                         

[265 symbols]
