<?xml version="1.0" encoding="ISO-8859-1" ?>
<link_info>
   <banner>TI ARM Linker PC v20.2.5.LTS</banner>
   <copyright>Copyright (c) 1996-2018 Texas Instruments Incorporated</copyright>
   <link_time>0x626c7869</link_time>
   <link_errors>0x0</link_errors>
   <output_file>Dual_Way_Security_and_data_logging_system_using_RFID_and_SPI_protocols.out</output_file>
   <entry_point>
      <name>_c_int00_noargs</name>
      <address>0x85d1</address>
   </entry_point>
   <input_file_list>
      <input_file id="fl-2">
         <path>.\</path>
         <kind>object</kind>
         <file>main.obj</file>
         <name>main.obj</name>
      </input_file>
      <input_file id="fl-3">
         <path>.\</path>
         <kind>object</kind>
         <file>startup_msp432p401r_ccs.obj</file>
         <name>startup_msp432p401r_ccs.obj</name>
      </input_file>
      <input_file id="fl-4">
         <path>.\</path>
         <kind>object</kind>
         <file>system_msp432p401r.obj</file>
         <name>system_msp432p401r.obj</name>
      </input_file>
      <input_file id="fl-5">
         <path>.\Devices\</path>
         <kind>object</kind>
         <file>MSPIO.obj</file>
         <name>MSPIO.obj</name>
      </input_file>
      <input_file id="fl-6">
         <path>.\Hardware\</path>
         <kind>object</kind>
         <file>CS_Driver.obj</file>
         <name>CS_Driver.obj</name>
      </input_file>
      <input_file id="fl-7">
         <path>.\Hardware\</path>
         <kind>object</kind>
         <file>GPIO_Driver.obj</file>
         <name>GPIO_Driver.obj</name>
      </input_file>
      <input_file id="fl-8">
         <path>.\Hardware\</path>
         <kind>object</kind>
         <file>SPI_Driver.obj</file>
         <name>SPI_Driver.obj</name>
      </input_file>
      <input_file id="fl-9">
         <path>.\Hardware\</path>
         <kind>object</kind>
         <file>TIMERA_Driver.obj</file>
         <name>TIMERA_Driver.obj</name>
      </input_file>
      <input_file id="fl-a">
         <path>.\Hardware\</path>
         <kind>object</kind>
         <file>UART_Driver.obj</file>
         <name>UART_Driver.obj</name>
      </input_file>
      <input_file id="fl-b">
         <path>.\fatfs\</path>
         <kind>object</kind>
         <file>diskio.obj</file>
         <name>diskio.obj</name>
      </input_file>
      <input_file id="fl-c">
         <path>.\fatfs\</path>
         <kind>object</kind>
         <file>ff.obj</file>
         <name>ff.obj</name>
      </input_file>
      <input_file id="fl-d">
         <path>.\fatfs\</path>
         <kind>object</kind>
         <file>ffsystem.obj</file>
         <name>ffsystem.obj</name>
      </input_file>
      <input_file id="fl-e">
         <path>.\fatfs\</path>
         <kind>object</kind>
         <file>ffunicode.obj</file>
         <name>ffunicode.obj</name>
      </input_file>
      <input_file id="fl-f">
         <path>.\fatfs\</path>
         <kind>object</kind>
         <file>mmc_MSP432P401r.obj</file>
         <name>mmc_MSP432P401r.obj</name>
      </input_file>
      <input_file id="fl-10">
         <path>.\src\</path>
         <kind>object</kind>
         <file>buzzer.obj</file>
         <name>buzzer.obj</name>
      </input_file>
      <input_file id="fl-11">
         <path>.\src\</path>
         <kind>object</kind>
         <file>keypad.obj</file>
         <name>keypad.obj</name>
      </input_file>
      <input_file id="fl-12">
         <path>.\src\</path>
         <kind>object</kind>
         <file>lcd.obj</file>
         <name>lcd.obj</name>
      </input_file>
      <input_file id="fl-13">
         <path>.\src\</path>
         <kind>object</kind>
         <file>mfrc522.obj</file>
         <name>mfrc522.obj</name>
      </input_file>
      <input_file id="fl-14">
         <path>.\src\</path>
         <kind>object</kind>
         <file>port.obj</file>
         <name>port.obj</name>
      </input_file>
      <input_file id="fl-15">
         <path>.\src\</path>
         <kind>object</kind>
         <file>pwm.obj</file>
         <name>pwm.obj</name>
      </input_file>
      <input_file id="fl-16">
         <path>.\src\</path>
         <kind>object</kind>
         <file>rtc.obj</file>
         <name>rtc.obj</name>
      </input_file>
      <input_file id="fl-17">
         <path>.\src\</path>
         <kind>object</kind>
         <file>test.obj</file>
         <name>test.obj</name>
      </input_file>
      <input_file id="fl-18">
         <path>.\src\</path>
         <kind>object</kind>
         <file>ti_drivers_config.obj</file>
         <name>ti_drivers_config.obj</name>
      </input_file>
      <input_file id="fl-1d">
         <kind>object</kind>
         <file>&lt;internal&gt;</file>
         <name>&lt;internal&gt;</name>
      </input_file>
      <input_file id="fl-d3">
         <path>C:\ti\ccs1120\ccs\tools\compiler\ti-cgt-arm_20.2.5.LTS\lib\</path>
         <kind>archive</kind>
         <file>rtsv7M4_T_le_v4SPD16_eabi.lib</file>
         <name>sprintf.c.obj</name>
      </input_file>
      <input_file id="fl-d4">
         <path>C:\ti\ccs1120\ccs\tools\compiler\ti-cgt-arm_20.2.5.LTS\lib\</path>
         <kind>archive</kind>
         <file>rtsv7M4_T_le_v4SPD16_eabi.lib</file>
         <name>memcpy_t2.asm.obj</name>
      </input_file>
      <input_file id="fl-d5">
         <path>C:\ti\ccs1120\ccs\tools\compiler\ti-cgt-arm_20.2.5.LTS\lib\</path>
         <kind>archive</kind>
         <file>rtsv7M4_T_le_v4SPD16_eabi.lib</file>
         <name>copy_zero_init.c.obj</name>
      </input_file>
      <input_file id="fl-d6">
         <path>C:\ti\ccs1120\ccs\tools\compiler\ti-cgt-arm_20.2.5.LTS\lib\</path>
         <kind>archive</kind>
         <file>rtsv7M4_T_le_v4SPD16_eabi.lib</file>
         <name>copy_decompress_none.c.obj</name>
      </input_file>
      <input_file id="fl-d7">
         <path>C:\ti\ccs1120\ccs\tools\compiler\ti-cgt-arm_20.2.5.LTS\lib\</path>
         <kind>archive</kind>
         <file>rtsv7M4_T_le_v4SPD16_eabi.lib</file>
         <name>copy_decompress_lzss.c.obj</name>
      </input_file>
      <input_file id="fl-d8">
         <path>C:\ti\ccs1120\ccs\tools\compiler\ti-cgt-arm_20.2.5.LTS\lib\</path>
         <kind>archive</kind>
         <file>rtsv7M4_T_le_v4SPD16_eabi.lib</file>
         <name>localtim.c.obj</name>
      </input_file>
      <input_file id="fl-d9">
         <path>C:\ti\ccs1120\ccs\tools\compiler\ti-cgt-arm_20.2.5.LTS\lib\</path>
         <kind>archive</kind>
         <file>rtsv7M4_T_le_v4SPD16_eabi.lib</file>
         <name>mktime.c.obj</name>
      </input_file>
      <input_file id="fl-da">
         <path>C:\ti\ccs1120\ccs\tools\compiler\ti-cgt-arm_20.2.5.LTS\lib\</path>
         <kind>archive</kind>
         <file>rtsv7M4_T_le_v4SPD16_eabi.lib</file>
         <name>strncmp.c.obj</name>
      </input_file>
      <input_file id="fl-db">
         <path>C:\ti\ccs1120\ccs\tools\compiler\ti-cgt-arm_20.2.5.LTS\lib\</path>
         <kind>archive</kind>
         <file>rtsv7M4_T_le_v4SPD16_eabi.lib</file>
         <name>tmzone.c.obj</name>
      </input_file>
      <input_file id="fl-dc">
         <path>C:\ti\ccs1120\ccs\tools\compiler\ti-cgt-arm_20.2.5.LTS\lib\</path>
         <kind>archive</kind>
         <file>rtsv7M4_T_le_v4SPD16_eabi.lib</file>
         <name>boot_cortex_m.c.obj</name>
      </input_file>
      <input_file id="fl-dd">
         <path>C:\ti\ccs1120\ccs\tools\compiler\ti-cgt-arm_20.2.5.LTS\lib\</path>
         <kind>archive</kind>
         <file>rtsv7M4_T_le_v4SPD16_eabi.lib</file>
         <name>time.c.obj</name>
      </input_file>
      <input_file id="fl-de">
         <path>C:\ti\ccs1120\ccs\tools\compiler\ti-cgt-arm_20.2.5.LTS\lib\</path>
         <kind>archive</kind>
         <file>rtsv7M4_T_le_v4SPD16_eabi.lib</file>
         <name>_printfi.c.obj</name>
      </input_file>
      <input_file id="fl-df">
         <path>C:\ti\ccs1120\ccs\tools\compiler\ti-cgt-arm_20.2.5.LTS\lib\</path>
         <kind>archive</kind>
         <file>rtsv7M4_T_le_v4SPD16_eabi.lib</file>
         <name>s_frexp.c.obj</name>
      </input_file>
      <input_file id="fl-e0">
         <path>C:\ti\ccs1120\ccs\tools\compiler\ti-cgt-arm_20.2.5.LTS\lib\</path>
         <kind>archive</kind>
         <file>rtsv7M4_T_le_v4SPD16_eabi.lib</file>
         <name>s_scalbn.c.obj</name>
      </input_file>
      <input_file id="fl-e1">
         <path>C:\ti\ccs1120\ccs\tools\compiler\ti-cgt-arm_20.2.5.LTS\lib\</path>
         <kind>archive</kind>
         <file>rtsv7M4_T_le_v4SPD16_eabi.lib</file>
         <name>wcslen.c.obj</name>
      </input_file>
      <input_file id="fl-e2">
         <path>C:\ti\ccs1120\ccs\tools\compiler\ti-cgt-arm_20.2.5.LTS\lib\</path>
         <kind>archive</kind>
         <file>rtsv7M4_T_le_v4SPD16_eabi.lib</file>
         <name>fd_add_t2.asm.obj</name>
      </input_file>
      <input_file id="fl-e3">
         <path>C:\ti\ccs1120\ccs\tools\compiler\ti-cgt-arm_20.2.5.LTS\lib\</path>
         <kind>archive</kind>
         <file>rtsv7M4_T_le_v4SPD16_eabi.lib</file>
         <name>fd_cmp_t2.asm.obj</name>
      </input_file>
      <input_file id="fl-e4">
         <path>C:\ti\ccs1120\ccs\tools\compiler\ti-cgt-arm_20.2.5.LTS\lib\</path>
         <kind>archive</kind>
         <file>rtsv7M4_T_le_v4SPD16_eabi.lib</file>
         <name>fd_div_t2.asm.obj</name>
      </input_file>
      <input_file id="fl-e5">
         <path>C:\ti\ccs1120\ccs\tools\compiler\ti-cgt-arm_20.2.5.LTS\lib\</path>
         <kind>archive</kind>
         <file>rtsv7M4_T_le_v4SPD16_eabi.lib</file>
         <name>fd_mul_t2.asm.obj</name>
      </input_file>
      <input_file id="fl-e6">
         <path>C:\ti\ccs1120\ccs\tools\compiler\ti-cgt-arm_20.2.5.LTS\lib\</path>
         <kind>archive</kind>
         <file>rtsv7M4_T_le_v4SPD16_eabi.lib</file>
         <name>fd_toi_t2.asm.obj</name>
      </input_file>
      <input_file id="fl-e7">
         <path>C:\ti\ccs1120\ccs\tools\compiler\ti-cgt-arm_20.2.5.LTS\lib\</path>
         <kind>archive</kind>
         <file>rtsv7M4_T_le_v4SPD16_eabi.lib</file>
         <name>i_tofd_t2.asm.obj</name>
      </input_file>
      <input_file id="fl-e8">
         <path>C:\ti\ccs1120\ccs\tools\compiler\ti-cgt-arm_20.2.5.LTS\lib\</path>
         <kind>archive</kind>
         <file>rtsv7M4_T_le_v4SPD16_eabi.lib</file>
         <name>u_divt2.asm.obj</name>
      </input_file>
      <input_file id="fl-e9">
         <path>C:\ti\ccs1120\ccs\tools\compiler\ti-cgt-arm_20.2.5.LTS\lib\</path>
         <kind>archive</kind>
         <file>rtsv7M4_T_le_v4SPD16_eabi.lib</file>
         <name>ll_div_t2.asm.obj</name>
      </input_file>
      <input_file id="fl-ea">
         <path>C:\ti\ccs1120\ccs\tools\compiler\ti-cgt-arm_20.2.5.LTS\lib\</path>
         <kind>archive</kind>
         <file>rtsv7M4_T_le_v4SPD16_eabi.lib</file>
         <name>ull_div_t2.asm.obj</name>
      </input_file>
      <input_file id="fl-eb">
         <path>C:\ti\ccs1120\ccs\tools\compiler\ti-cgt-arm_20.2.5.LTS\lib\</path>
         <kind>archive</kind>
         <file>rtsv7M4_T_le_v4SPD16_eabi.lib</file>
         <name>memset_t2.asm.obj</name>
      </input_file>
      <input_file id="fl-ec">
         <path>C:\ti\ccs1120\ccs\tools\compiler\ti-cgt-arm_20.2.5.LTS\lib\</path>
         <kind>archive</kind>
         <file>rtsv7M4_T_le_v4SPD16_eabi.lib</file>
         <name>autoinit.c.obj</name>
      </input_file>
      <input_file id="fl-ed">
         <path>C:\ti\ccs1120\ccs\tools\compiler\ti-cgt-arm_20.2.5.LTS\lib\</path>
         <kind>archive</kind>
         <file>rtsv7M4_T_le_v4SPD16_eabi.lib</file>
         <name>pre_init.c.obj</name>
      </input_file>
      <input_file id="fl-ee">
         <path>C:\ti\ccs1120\ccs\tools\compiler\ti-cgt-arm_20.2.5.LTS\lib\</path>
         <kind>archive</kind>
         <file>rtsv7M4_T_le_v4SPD16_eabi.lib</file>
         <name>cpy_tbl.c.obj</name>
      </input_file>
      <input_file id="fl-ef">
         <path>C:\ti\ccs1120\ccs\tools\compiler\ti-cgt-arm_20.2.5.LTS\lib\</path>
         <kind>archive</kind>
         <file>rtsv7M4_T_le_v4SPD16_eabi.lib</file>
         <name>exit.c.obj</name>
      </input_file>
      <input_file id="fl-f0">
         <path>C:\ti\ccs1120\ccs\tools\compiler\ti-cgt-arm_20.2.5.LTS\lib\</path>
         <kind>archive</kind>
         <file>rtsv7M4_T_le_v4SPD16_eabi.lib</file>
         <name>_lock.c.obj</name>
      </input_file>
      <input_file id="fl-f1">
         <path>C:\ti\ccs1120\ccs\tools\compiler\ti-cgt-arm_20.2.5.LTS\lib\</path>
         <kind>archive</kind>
         <file>rtsv7M4_T_le_v4SPD16_eabi.lib</file>
         <name>_ltoa.c.obj</name>
      </input_file>
      <input_file id="fl-f2">
         <path>C:\ti\ccs1120\ccs\tools\compiler\ti-cgt-arm_20.2.5.LTS\lib\</path>
         <kind>archive</kind>
         <file>rtsv7M4_T_le_v4SPD16_eabi.lib</file>
         <name>args_main.c.obj</name>
      </input_file>
      <input_file id="fl-f3">
         <path>C:\ti\ccs1120\ccs\tools\compiler\ti-cgt-arm_20.2.5.LTS\lib\</path>
         <kind>archive</kind>
         <file>rtsv7M4_T_le_v4SPD16_eabi.lib</file>
         <name>atoi.c.obj</name>
      </input_file>
      <input_file id="fl-f4">
         <path>C:\ti\ccs1120\ccs\tools\compiler\ti-cgt-arm_20.2.5.LTS\lib\</path>
         <kind>archive</kind>
         <file>rtsv7M4_T_le_v4SPD16_eabi.lib</file>
         <name>ctype.c.obj</name>
      </input_file>
      <input_file id="fl-f5">
         <path>C:\ti\ccs1120\ccs\tools\compiler\ti-cgt-arm_20.2.5.LTS\lib\</path>
         <kind>archive</kind>
         <file>rtsv7M4_T_le_v4SPD16_eabi.lib</file>
         <name>memccpy.c.obj</name>
      </input_file>
      <input_file id="fl-f6">
         <path>C:\ti\ccs1120\ccs\tools\compiler\ti-cgt-arm_20.2.5.LTS\lib\</path>
         <kind>archive</kind>
         <file>rtsv7M4_T_le_v4SPD16_eabi.lib</file>
         <name>strchr.c.obj</name>
      </input_file>
      <input_file id="fl-f7">
         <path>C:\ti\ccs1120\ccs\tools\compiler\ti-cgt-arm_20.2.5.LTS\lib\</path>
         <kind>archive</kind>
         <file>rtsv7M4_T_le_v4SPD16_eabi.lib</file>
         <name>strlen.c.obj</name>
      </input_file>
      <input_file id="fl-f8">
         <path>C:\ti\ccs1120\ccs\tools\compiler\ti-cgt-arm_20.2.5.LTS\lib\</path>
         <kind>archive</kind>
         <file>rtsv7M4_T_le_v4SPD16_eabi.lib</file>
         <name>errno.c.obj</name>
      </input_file>
      <input_file id="fl-f9">
         <path>C:\ti\ccs1120\ccs\tools\compiler\ti-cgt-arm_20.2.5.LTS\lib\</path>
         <kind>archive</kind>
         <file>rtsv7M4_T_le_v4SPD16_eabi.lib</file>
         <name>hosttime.c.obj</name>
      </input_file>
      <input_file id="fl-fa">
         <path>C:\ti\ccs1120\ccs\tools\compiler\ti-cgt-arm_20.2.5.LTS\lib\</path>
         <kind>archive</kind>
         <file>rtsv7M4_T_le_v4SPD16_eabi.lib</file>
         <name>trgmsg.c.obj</name>
      </input_file>
      <input_file id="fl-fb">
         <path>C:\ti\ccs1120\ccs\tools\compiler\ti-cgt-arm_20.2.5.LTS\lib\</path>
         <kind>archive</kind>
         <file>rtsv7M4_T_le_v4SPD16_eabi.lib</file>
         <name>s_copysign.c.obj</name>
      </input_file>
      <input_file id="fl-fc">
         <path>C:\ti\ccs1120\ccs\tools\compiler\ti-cgt-arm_20.2.5.LTS\lib\</path>
         <kind>archive</kind>
         <file>rtsv7M4_T_le_v4SPD16_eabi.lib</file>
         <name>div0.asm.obj</name>
      </input_file>
      <input_file id="fl-fd">
         <path>C:\ti\ccs1120\ccs\tools\compiler\ti-cgt-arm_20.2.5.LTS\lib\</path>
         <kind>archive</kind>
         <file>rtsv7M4_T_le_v4SPD16_eabi.lib</file>
         <name>hostopen.c.obj</name>
      </input_file>
      <input_file id="fl-fe">
         <path>C:\ti\simplelink_msp432p4_sdk_3_40_01_02\source\ti\devices\msp432p4xx\driverlib\ccs\</path>
         <kind>archive</kind>
         <file>msp432p4xx_driverlib.lib</file>
         <name>cs.o</name>
      </input_file>
      <input_file id="fl-ff">
         <path>C:\ti\simplelink_msp432p4_sdk_3_40_01_02\source\ti\devices\msp432p4xx\driverlib\ccs\</path>
         <kind>archive</kind>
         <file>msp432p4xx_driverlib.lib</file>
         <name>flash.o</name>
      </input_file>
      <input_file id="fl-100">
         <path>C:\ti\simplelink_msp432p4_sdk_3_40_01_02\source\ti\devices\msp432p4xx\driverlib\ccs\</path>
         <kind>archive</kind>
         <file>msp432p4xx_driverlib.lib</file>
         <name>gpio.o</name>
      </input_file>
      <input_file id="fl-101">
         <path>C:\ti\simplelink_msp432p4_sdk_3_40_01_02\source\ti\devices\msp432p4xx\driverlib\ccs\</path>
         <kind>archive</kind>
         <file>msp432p4xx_driverlib.lib</file>
         <name>interrupt.o</name>
      </input_file>
      <input_file id="fl-102">
         <path>C:\ti\simplelink_msp432p4_sdk_3_40_01_02\source\ti\devices\msp432p4xx\driverlib\ccs\</path>
         <kind>archive</kind>
         <file>msp432p4xx_driverlib.lib</file>
         <name>pcm.o</name>
      </input_file>
      <input_file id="fl-103">
         <path>C:\ti\simplelink_msp432p4_sdk_3_40_01_02\source\ti\devices\msp432p4xx\driverlib\ccs\</path>
         <kind>archive</kind>
         <file>msp432p4xx_driverlib.lib</file>
         <name>rtc_c.o</name>
      </input_file>
      <input_file id="fl-104">
         <path>C:\ti\simplelink_msp432p4_sdk_3_40_01_02\source\ti\devices\msp432p4xx\driverlib\ccs\</path>
         <kind>archive</kind>
         <file>msp432p4xx_driverlib.lib</file>
         <name>spi.o</name>
      </input_file>
      <input_file id="fl-105">
         <path>C:\ti\simplelink_msp432p4_sdk_3_40_01_02\source\ti\devices\msp432p4xx\driverlib\ccs\</path>
         <kind>archive</kind>
         <file>msp432p4xx_driverlib.lib</file>
         <name>sysctl.o</name>
      </input_file>
      <input_file id="fl-106">
         <path>C:\ti\simplelink_msp432p4_sdk_3_40_01_02\source\ti\devices\msp432p4xx\driverlib\ccs\</path>
         <kind>archive</kind>
         <file>msp432p4xx_driverlib.lib</file>
         <name>sysctl_a.o</name>
      </input_file>
      <input_file id="fl-107">
         <path>C:\ti\simplelink_msp432p4_sdk_3_40_01_02\source\ti\devices\msp432p4xx\driverlib\ccs\</path>
         <kind>archive</kind>
         <file>msp432p4xx_driverlib.lib</file>
         <name>uart.o</name>
      </input_file>
      <input_file id="fl-108">
         <path>C:\ti\simplelink_msp432p4_sdk_3_40_01_02\source\ti\devices\msp432p4xx\driverlib\ccs\</path>
         <kind>archive</kind>
         <file>msp432p4xx_driverlib.lib</file>
         <name>wdt_a.o</name>
      </input_file>
      <input_file id="fl-109">
         <path>C:\ti\simplelink_msp432p4_sdk_3_40_01_02\source\ti\devices\msp432p4xx\driverlib\ccs\</path>
         <kind>archive</kind>
         <file>msp432p4xx_driverlib.lib</file>
         <name>cpu.o</name>
      </input_file>
   </input_file_list>
   <object_component_list>
      <object_component id="oc-26">
         <name>.intvecs:retain</name>
         <load_address>0x0</load_address>
         <run_address>0x0</run_address>
         <size>0xe4</size>
         <input_file_ref idref="fl-3"/>
      </object_component>
      <object_component id="oc-159">
         <name>.text</name>
         <load_address>0xe4</load_address>
         <run_address>0xe4</run_address>
         <size>0x30b2</size>
         <input_file_ref idref="fl-c"/>
      </object_component>
      <object_component id="oc-3f9">
         <name>.text:_nop</name>
         <load_address>0x3196</load_address>
         <run_address>0x3196</run_address>
         <size>0x2</size>
         <input_file_ref idref="fl-f0"/>
      </object_component>
      <object_component id="oc-27c">
         <name>.text:__TI_printfi</name>
         <load_address>0x3198</load_address>
         <run_address>0x3198</run_address>
         <size>0xa4e</size>
         <input_file_ref idref="fl-de"/>
      </object_component>
      <object_component id="oc-437">
         <name>.text</name>
         <load_address>0x3be6</load_address>
         <run_address>0x3be6</run_address>
         <size>0x2</size>
         <input_file_ref idref="fl-fc"/>
      </object_component>
      <object_component id="oc-129">
         <name>.text</name>
         <load_address>0x3be8</load_address>
         <run_address>0x3be8</run_address>
         <size>0x858</size>
         <input_file_ref idref="fl-f"/>
      </object_component>
      <object_component id="oc-a5">
         <name>.text</name>
         <load_address>0x4440</load_address>
         <run_address>0x4440</run_address>
         <size>0x5c8</size>
         <input_file_ref idref="fl-2"/>
      </object_component>
      <object_component id="oc-141">
         <name>.text</name>
         <load_address>0x4a08</load_address>
         <run_address>0x4a08</run_address>
         <size>0x57e</size>
         <input_file_ref idref="fl-13"/>
      </object_component>
      <object_component id="oc-b7">
         <name>.text</name>
         <load_address>0x4f88</load_address>
         <run_address>0x4f88</run_address>
         <size>0x334</size>
         <input_file_ref idref="fl-4"/>
      </object_component>
      <object_component id="oc-73">
         <name>.text</name>
         <load_address>0x52bc</load_address>
         <run_address>0x52bc</run_address>
         <size>0x2e0</size>
         <input_file_ref idref="fl-a"/>
      </object_component>
      <object_component id="oc-34d">
         <name>.text:__mktime32</name>
         <load_address>0x559c</load_address>
         <run_address>0x559c</run_address>
         <size>0x2a0</size>
         <input_file_ref idref="fl-d9"/>
      </object_component>
      <object_component id="oc-3e6">
         <name>.text:__PCM_setPowerStateAdvanced</name>
         <load_address>0x583c</load_address>
         <run_address>0x583c</run_address>
         <size>0x28a</size>
         <input_file_ref idref="fl-102"/>
      </object_component>
      <object_component id="oc-3b0">
         <name>.text:_pconv_a</name>
         <load_address>0x5ac8</load_address>
         <run_address>0x5ac8</run_address>
         <size>0x270</size>
         <input_file_ref idref="fl-de"/>
      </object_component>
      <object_component id="oc-153">
         <name>.text</name>
         <load_address>0x5d38</load_address>
         <run_address>0x5d38</run_address>
         <size>0x224</size>
         <input_file_ref idref="fl-5"/>
      </object_component>
      <object_component id="oc-11d">
         <name>.text</name>
         <load_address>0x5f5c</load_address>
         <run_address>0x5f5c</run_address>
         <size>0x1f0</size>
         <input_file_ref idref="fl-11"/>
      </object_component>
      <object_component id="oc-39e">
         <name>.text:_pconv_g</name>
         <load_address>0x614c</load_address>
         <run_address>0x614c</run_address>
         <size>0x1d0</size>
         <input_file_ref idref="fl-de"/>
      </object_component>
      <object_component id="oc-4a1">
         <name>.text</name>
         <load_address>0x631c</load_address>
         <run_address>0x631c</run_address>
         <size>0x1b6</size>
         <input_file_ref idref="fl-e2"/>
      </object_component>
      <object_component id="oc-123">
         <name>.text</name>
         <load_address>0x64d4</load_address>
         <run_address>0x64d4</run_address>
         <size>0x17c</size>
         <input_file_ref idref="fl-12"/>
      </object_component>
      <object_component id="oc-4f5">
         <name>.text:__PCM_setPowerModeAdvanced</name>
         <load_address>0x6650</load_address>
         <run_address>0x6650</run_address>
         <size>0x15c</size>
         <input_file_ref idref="fl-102"/>
      </object_component>
      <object_component id="oc-3aa">
         <name>.text:_pconv_e</name>
         <load_address>0x67ac</load_address>
         <run_address>0x67ac</run_address>
         <size>0x13c</size>
         <input_file_ref idref="fl-de"/>
      </object_component>
      <object_component id="oc-487">
         <name>.text</name>
         <load_address>0x68e8</load_address>
         <run_address>0x68e8</run_address>
         <size>0x136</size>
         <input_file_ref idref="fl-e4"/>
      </object_component>
      <object_component id="oc-236">
         <name>.text:__localtime32</name>
         <load_address>0x6a20</load_address>
         <run_address>0x6a20</run_address>
         <size>0x134</size>
         <input_file_ref idref="fl-d8"/>
      </object_component>
      <object_component id="oc-2b3">
         <name>.text:CS_initClockSignal</name>
         <load_address>0x6b54</load_address>
         <run_address>0x6b54</run_address>
         <size>0x130</size>
         <input_file_ref idref="fl-fe"/>
      </object_component>
      <object_component id="oc-297">
         <name>.text</name>
         <load_address>0x6c84</load_address>
         <run_address>0x6c84</run_address>
         <size>0x12a</size>
         <input_file_ref idref="fl-b"/>
      </object_component>
      <object_component id="oc-4b3">
         <name>.text:fcvt</name>
         <load_address>0x6db0</load_address>
         <run_address>0x6db0</run_address>
         <size>0x124</size>
         <input_file_ref idref="fl-de"/>
      </object_component>
      <object_component id="oc-c8">
         <name>.text:UART_initModule</name>
         <load_address>0x6ed4</load_address>
         <run_address>0x6ed4</run_address>
         <size>0x11c</size>
         <input_file_ref idref="fl-107"/>
      </object_component>
      <object_component id="oc-4c7">
         <name>.text:scalbn</name>
         <load_address>0x6ff0</load_address>
         <run_address>0x6ff0</run_address>
         <size>0x110</size>
         <input_file_ref idref="fl-e0"/>
      </object_component>
      <object_component id="oc-368">
         <name>.text:__PCM_setCoreVoltageLevelAdvanced</name>
         <load_address>0x7100</load_address>
         <run_address>0x7100</run_address>
         <size>0x108</size>
         <input_file_ref idref="fl-102"/>
      </object_component>
      <object_component id="oc-165">
         <name>.text</name>
         <load_address>0x7208</load_address>
         <run_address>0x7208</run_address>
         <size>0xfe</size>
         <input_file_ref idref="fl-17"/>
      </object_component>
      <object_component id="oc-6d">
         <name>.text</name>
         <load_address>0x7308</load_address>
         <run_address>0x7308</run_address>
         <size>0xfc</size>
         <input_file_ref idref="fl-9"/>
      </object_component>
      <object_component id="oc-482">
         <name>.text</name>
         <load_address>0x7404</load_address>
         <run_address>0x7404</run_address>
         <size>0xfc</size>
         <input_file_ref idref="fl-e5"/>
      </object_component>
      <object_component id="oc-135">
         <name>.text</name>
         <load_address>0x7500</load_address>
         <run_address>0x7500</run_address>
         <size>0xd0</size>
         <input_file_ref idref="fl-8"/>
      </object_component>
      <object_component id="oc-79">
         <name>.text</name>
         <load_address>0x75d0</load_address>
         <run_address>0x75d0</run_address>
         <size>0xd0</size>
         <input_file_ref idref="fl-16"/>
      </object_component>
      <object_component id="oc-171">
         <name>.text</name>
         <load_address>0x76a0</load_address>
         <run_address>0x76a0</run_address>
         <size>0xc4</size>
         <input_file_ref idref="fl-10"/>
      </object_component>
      <object_component id="oc-393">
         <name>.text:_ltostr</name>
         <load_address>0x7764</load_address>
         <run_address>0x7764</run_address>
         <size>0xb1</size>
         <input_file_ref idref="fl-de"/>
      </object_component>
      <object_component id="oc-25b">
         <name>.text:SPI_initMaster</name>
         <load_address>0x7816</load_address>
         <run_address>0x7816</run_address>
         <size>0xb0</size>
         <input_file_ref idref="fl-104"/>
      </object_component>
      <object_component id="oc-37">
         <name>.text</name>
         <load_address>0x78c6</load_address>
         <run_address>0x78c6</run_address>
         <size>0x9c</size>
         <input_file_ref idref="fl-d4"/>
      </object_component>
      <object_component id="oc-47b">
         <name>.text</name>
         <load_address>0x7962</load_address>
         <run_address>0x7962</run_address>
         <size>0x96</size>
         <input_file_ref idref="fl-ea"/>
      </object_component>
      <object_component id="oc-ee">
         <name>.text:RTC_C_getEnabledInterruptStatus</name>
         <load_address>0x79f8</load_address>
         <run_address>0x79f8</run_address>
         <size>0x94</size>
         <input_file_ref idref="fl-103"/>
      </object_component>
      <object_component id="oc-2bf">
         <name>.text:GPIO_setAsPeripheralModuleFunctionOutputPin</name>
         <load_address>0x7a8c</load_address>
         <run_address>0x7a8c</run_address>
         <size>0x88</size>
         <input_file_ref idref="fl-100"/>
      </object_component>
      <object_component id="oc-399">
         <name>.text:__aeabi_cdcmple</name>
         <load_address>0x7b14</load_address>
         <run_address>0x7b14</run_address>
         <size>0x86</size>
         <input_file_ref idref="fl-e3"/>
      </object_component>
      <object_component id="oc-48c">
         <name>.text:__aeabi_cdrcmple</name>
         <load_address>0x7b9a</load_address>
         <run_address>0x7b9a</run_address>
         <size>0x86</size>
         <input_file_ref idref="fl-e3"/>
      </object_component>
      <object_component id="oc-501">
         <name>.text:PCM_gotoLPM3</name>
         <load_address>0x7c20</load_address>
         <run_address>0x7c20</run_address>
         <size>0x84</size>
         <input_file_ref idref="fl-102"/>
      </object_component>
      <object_component id="oc-e8">
         <name>.text:RTC_C_getCalendarTime</name>
         <load_address>0x7ca4</load_address>
         <run_address>0x7ca4</run_address>
         <size>0x7c</size>
         <input_file_ref idref="fl-103"/>
      </object_component>
      <object_component id="oc-99">
         <name>.text</name>
         <load_address>0x7d20</load_address>
         <run_address>0x7d20</run_address>
         <size>0x7a</size>
         <input_file_ref idref="fl-eb"/>
      </object_component>
      <object_component id="oc-4ac">
         <name>.text:_mcpy</name>
         <load_address>0x7d9a</load_address>
         <run_address>0x7d9a</run_address>
         <size>0x6e</size>
         <input_file_ref idref="fl-de"/>
      </object_component>
      <object_component id="oc-43d">
         <name>.text</name>
         <load_address>0x7e08</load_address>
         <run_address>0x7e08</run_address>
         <size>0x6e</size>
         <input_file_ref idref="fl-e9"/>
      </object_component>
      <object_component id="oc-17">
         <name>.text:decompress:lzss:__TI_decompress_lzss</name>
         <load_address>0x7e76</load_address>
         <run_address>0x7e76</run_address>
         <size>0x68</size>
         <input_file_ref idref="fl-d7"/>
      </object_component>
      <object_component id="oc-e2">
         <name>.text:RTC_C_enableInterrupt</name>
         <load_address>0x7ee0</load_address>
         <run_address>0x7ee0</run_address>
         <size>0x64</size>
         <input_file_ref idref="fl-103"/>
      </object_component>
      <object_component id="oc-ce">
         <name>.text:UART_getEnabledInterruptStatus</name>
         <load_address>0x7f44</load_address>
         <run_address>0x7f44</run_address>
         <size>0x64</size>
         <input_file_ref idref="fl-107"/>
      </object_component>
      <object_component id="oc-4c1">
         <name>.text:frexp</name>
         <load_address>0x7fa8</load_address>
         <run_address>0x7fa8</run_address>
         <size>0x64</size>
         <input_file_ref idref="fl-df"/>
      </object_component>
      <object_component id="oc-459">
         <name>.text:PCM_getCoreVoltageLevel</name>
         <load_address>0x800c</load_address>
         <run_address>0x800c</run_address>
         <size>0x5e</size>
         <input_file_ref idref="fl-102"/>
      </object_component>
      <object_component id="oc-213">
         <name>.text:RTC_C_getInterruptStatus</name>
         <load_address>0x806c</load_address>
         <run_address>0x806c</run_address>
         <size>0x5c</size>
         <input_file_ref idref="fl-103"/>
      </object_component>
      <object_component id="oc-453">
         <name>.text:PCM_getPowerMode</name>
         <load_address>0x80c8</load_address>
         <run_address>0x80c8</run_address>
         <size>0x5a</size>
         <input_file_ref idref="fl-102"/>
      </object_component>
      <object_component id="oc-3a4">
         <name>.text:_pconv_f</name>
         <load_address>0x8122</load_address>
         <run_address>0x8122</run_address>
         <size>0x56</size>
         <input_file_ref idref="fl-de"/>
      </object_component>
      <object_component id="oc-13b">
         <name>.text</name>
         <load_address>0x8178</load_address>
         <run_address>0x8178</run_address>
         <size>0x54</size>
         <input_file_ref idref="fl-7"/>
      </object_component>
      <object_component id="oc-50d">
         <name>.text:PCM_shutdownDevice</name>
         <load_address>0x81cc</load_address>
         <run_address>0x81cc</run_address>
         <size>0x54</size>
         <input_file_ref idref="fl-102"/>
      </object_component>
      <object_component id="oc-496">
         <name>.text:__TI_ltoa</name>
         <load_address>0x8220</load_address>
         <run_address>0x8220</run_address>
         <size>0x54</size>
         <input_file_ref idref="fl-f1"/>
      </object_component>
      <object_component id="oc-4a6">
         <name>.text:_ecpy</name>
         <load_address>0x8274</load_address>
         <run_address>0x8274</run_address>
         <size>0x52</size>
         <input_file_ref idref="fl-de"/>
      </object_component>
      <object_component id="oc-38d">
         <name>.text:atoi</name>
         <load_address>0x82c8</load_address>
         <run_address>0x82c8</run_address>
         <size>0x4c</size>
         <input_file_ref idref="fl-f3"/>
      </object_component>
      <object_component id="oc-248">
         <name>.text:FlashCtl_setWaitState</name>
         <load_address>0x8314</load_address>
         <run_address>0x8314</run_address>
         <size>0x48</size>
         <input_file_ref idref="fl-ff"/>
      </object_component>
      <object_component id="oc-33b">
         <name>.text:HOSTtime</name>
         <load_address>0x835c</load_address>
         <run_address>0x835c</run_address>
         <size>0x48</size>
         <input_file_ref idref="fl-f9"/>
      </object_component>
      <object_component id="oc-491">
         <name>.text</name>
         <load_address>0x83a4</load_address>
         <run_address>0x83a4</run_address>
         <size>0x48</size>
         <input_file_ref idref="fl-e6"/>
      </object_component>
      <object_component id="oc-1a4">
         <name>.text:__TI_auto_init_nobinit_nopinit:__TI_auto_init_nobinit_nopinit</name>
         <load_address>0x83ec</load_address>
         <run_address>0x83ec</run_address>
         <size>0x44</size>
         <input_file_ref idref="fl-ec"/>
      </object_component>
      <object_component id="oc-370">
         <name>.text:is_A_Module</name>
         <load_address>0x8430</load_address>
         <run_address>0x8430</run_address>
         <size>0x40</size>
         <input_file_ref idref="fl-104"/>
      </object_component>
      <object_component id="oc-348">
         <name>.text</name>
         <load_address>0x8470</load_address>
         <run_address>0x8470</run_address>
         <size>0x40</size>
         <input_file_ref idref="fl-e8"/>
      </object_component>
      <object_component id="oc-14d">
         <name>.text:sprintf</name>
         <load_address>0x84b0</load_address>
         <run_address>0x84b0</run_address>
         <size>0x40</size>
         <input_file_ref idref="fl-d3"/>
      </object_component>
      <object_component id="oc-4b9">
         <name>.text:_fcpy</name>
         <load_address>0x84f0</load_address>
         <run_address>0x84f0</run_address>
         <size>0x3e</size>
         <input_file_ref idref="fl-de"/>
      </object_component>
      <object_component id="oc-41b">
         <name>.text:__TI_writemsg</name>
         <load_address>0x8530</load_address>
         <run_address>0x8530</run_address>
         <size>0x38</size>
         <input_file_ref idref="fl-fa"/>
      </object_component>
      <object_component id="oc-254">
         <name>.text:CS_setDCOCenteredFrequency</name>
         <load_address>0x8568</load_address>
         <run_address>0x8568</run_address>
         <size>0x34</size>
         <input_file_ref idref="fl-fe"/>
      </object_component>
      <object_component id="oc-421">
         <name>.text:__TI_readmsg</name>
         <load_address>0x859c</load_address>
         <run_address>0x859c</run_address>
         <size>0x34</size>
         <input_file_ref idref="fl-fa"/>
      </object_component>
      <object_component id="oc-55">
         <name>.text:_c_int00_noargs:_c_int00_noargs</name>
         <load_address>0x85d0</load_address>
         <run_address>0x85d0</run_address>
         <size>0x34</size>
         <input_file_ref idref="fl-dc"/>
      </object_component>
      <object_component id="oc-2ad">
         <name>.text:CS_setReferenceOscillatorFrequency</name>
         <load_address>0x8604</load_address>
         <run_address>0x8604</run_address>
         <size>0x30</size>
         <input_file_ref idref="fl-fe"/>
      </object_component>
      <object_component id="oc-15f">
         <name>.text</name>
         <load_address>0x8634</load_address>
         <run_address>0x8634</run_address>
         <size>0x30</size>
         <input_file_ref idref="fl-15"/>
      </object_component>
      <object_component id="oc-49c">
         <name>.text</name>
         <load_address>0x8664</load_address>
         <run_address>0x8664</run_address>
         <size>0x2e</size>
         <input_file_ref idref="fl-e7"/>
      </object_component>
      <object_component id="oc-58b">
         <name>.text:RTC_C_holdClock</name>
         <load_address>0x8694</load_address>
         <run_address>0x8694</run_address>
         <size>0x2c</size>
         <input_file_ref idref="fl-103"/>
      </object_component>
      <object_component id="oc-16b">
         <name>.text:strncmp</name>
         <load_address>0x86c0</load_address>
         <run_address>0x86c0</run_address>
         <size>0x2c</size>
         <input_file_ref idref="fl-da"/>
      </object_component>
      <object_component id="oc-4fb">
         <name>.text:PCM_gotoLPM0</name>
         <load_address>0x86ec</load_address>
         <run_address>0x86ec</run_address>
         <size>0x28</size>
         <input_file_ref idref="fl-102"/>
      </object_component>
      <object_component id="oc-585">
         <name>.text:WDT_A_holdTimer</name>
         <load_address>0x8714</load_address>
         <run_address>0x8714</run_address>
         <size>0x24</size>
         <input_file_ref idref="fl-108"/>
      </object_component>
      <object_component id="oc-12f">
         <name>.text</name>
         <load_address>0x8738</load_address>
         <run_address>0x8738</run_address>
         <size>0x22</size>
         <input_file_ref idref="fl-6"/>
      </object_component>
      <object_component id="oc-3b6">
         <name>.text:memccpy</name>
         <load_address>0x875a</load_address>
         <run_address>0x875a</run_address>
         <size>0x1c</size>
         <input_file_ref idref="fl-f5"/>
      </object_component>
      <object_component id="oc-560">
         <name>.text:copysign</name>
         <load_address>0x8776</load_address>
         <run_address>0x8776</run_address>
         <size>0x1a</size>
         <input_file_ref idref="fl-fb"/>
      </object_component>
      <object_component id="oc-1f9">
         <name>.text:UART_getInterruptStatus</name>
         <load_address>0x8790</load_address>
         <run_address>0x8790</run_address>
         <size>0x18</size>
         <input_file_ref idref="fl-107"/>
      </object_component>
      <object_component id="oc-282">
         <name>.text:_outs</name>
         <load_address>0x87a8</load_address>
         <run_address>0x87a8</run_address>
         <size>0x18</size>
         <input_file_ref idref="fl-d3"/>
      </object_component>
      <object_component id="oc-4cd">
         <name>.text:strchr</name>
         <load_address>0x87c0</load_address>
         <run_address>0x87c0</run_address>
         <size>0x16</size>
         <input_file_ref idref="fl-f6"/>
      </object_component>
      <object_component id="oc-45f">
         <name>.text:PCM_getPowerState</name>
         <load_address>0x87d8</load_address>
         <run_address>0x87d8</run_address>
         <size>0x14</size>
         <input_file_ref idref="fl-102"/>
      </object_component>
      <object_component id="oc-387">
         <name>.text:strlen</name>
         <load_address>0x87ec</load_address>
         <run_address>0x87ec</run_address>
         <size>0x14</size>
         <input_file_ref idref="fl-f7"/>
      </object_component>
      <object_component id="oc-3bc">
         <name>.text:wcslen</name>
         <load_address>0x8800</load_address>
         <run_address>0x8800</run_address>
         <size>0x12</size>
         <input_file_ref idref="fl-e1"/>
      </object_component>
      <object_component id="oc-147">
         <name>.text:Interrupt_enableMaster</name>
         <load_address>0x8812</load_address>
         <run_address>0x8812</run_address>
         <size>0x10</size>
         <input_file_ref idref="fl-101"/>
      </object_component>
      <object_component id="oc-507">
         <name>.text:PCM_gotoLPM4</name>
         <load_address>0x8822</load_address>
         <run_address>0x8822</run_address>
         <size>0x10</size>
         <input_file_ref idref="fl-102"/>
      </object_component>
      <object_component id="oc-24e">
         <name>.text:PCM_setCoreVoltageLevel</name>
         <load_address>0x8832</load_address>
         <run_address>0x8832</run_address>
         <size>0x10</size>
         <input_file_ref idref="fl-102"/>
      </object_component>
      <object_component id="oc-465">
         <name>.text:PCM_setPowerMode</name>
         <load_address>0x8842</load_address>
         <run_address>0x8842</run_address>
         <size>0x10</size>
         <input_file_ref idref="fl-102"/>
      </object_component>
      <object_component id="oc-2b9">
         <name>.text:PCM_setPowerState</name>
         <load_address>0x8852</load_address>
         <run_address>0x8852</run_address>
         <size>0x10</size>
         <input_file_ref idref="fl-102"/>
      </object_component>
      <object_component id="oc-230">
         <name>.text:__time32</name>
         <load_address>0x8862</load_address>
         <run_address>0x8862</run_address>
         <size>0xe</size>
         <input_file_ref idref="fl-dd"/>
      </object_component>
      <object_component id="oc-1d">
         <name>.text:decompress:none:__TI_decompress_none</name>
         <load_address>0x8870</load_address>
         <run_address>0x8870</run_address>
         <size>0xe</size>
         <input_file_ref idref="fl-d6"/>
      </object_component>
      <object_component id="oc-67">
         <name>.text</name>
         <load_address>0x887e</load_address>
         <run_address>0x887e</run_address>
         <size>0xe</size>
         <input_file_ref idref="fl-3"/>
      </object_component>
      <object_component id="oc-275">
         <name>.text:CPU_cpsie</name>
         <load_address>0x888c</load_address>
         <run_address>0x888c</run_address>
         <size>0xc</size>
         <input_file_ref idref="fl-109"/>
      </object_component>
      <object_component id="oc-49">
         <name>.text:decompress:ZI:__TI_zero_init</name>
         <load_address>0x8898</load_address>
         <run_address>0x8898</run_address>
         <size>0xc</size>
         <input_file_ref idref="fl-d5"/>
      </object_component>
      <object_component id="oc-288">
         <name>.text:_outc</name>
         <load_address>0x88a4</load_address>
         <run_address>0x88a4</run_address>
         <size>0xa</size>
         <input_file_ref idref="fl-d3"/>
      </object_component>
      <object_component id="oc-3c2">
         <name>.text:__aeabi_errno_addr</name>
         <load_address>0x88b0</load_address>
         <run_address>0x88b0</run_address>
         <size>0x8</size>
         <input_file_ref idref="fl-f8"/>
      </object_component>
      <object_component id="oc-57d">
         <name>.text:CPU_wfi</name>
         <load_address>0x88b8</load_address>
         <run_address>0x88b8</run_address>
         <size>0x4</size>
         <input_file_ref idref="fl-109"/>
      </object_component>
      <object_component id="oc-9f">
         <name>.text:_system_pre_init</name>
         <load_address>0x88bc</load_address>
         <run_address>0x88bc</run_address>
         <size>0x4</size>
         <input_file_ref idref="fl-ed"/>
      </object_component>
      <object_component id="oc-198">
         <name>.text:abort:abort</name>
         <load_address>0x88c0</load_address>
         <run_address>0x88c0</run_address>
         <size>0x4</size>
         <input_file_ref idref="fl-ef"/>
      </object_component>
      <object_component id="oc-476">
         <name>.const:.string:_ctypes_</name>
         <load_address>0x88c4</load_address>
         <run_address>0x88c4</run_address>
         <size>0x101</size>
         <input_file_ref idref="fl-f4"/>
      </object_component>
      <object_component id="oc-442">
         <name>.const:$O1$$</name>
         <load_address>0x89c8</load_address>
         <run_address>0x89c8</run_address>
         <size>0x60</size>
         <input_file_ref idref="fl-d9"/>
      </object_component>
      <object_component id="oc-3ed">
         <name>.const:GPIO_PORT_TO_BASE</name>
         <load_address>0x8a28</load_address>
         <run_address>0x8a28</run_address>
         <size>0x30</size>
         <input_file_ref idref="fl-100"/>
      </object_component>
      <object_component id="oc-177">
         <name>.const:$P$T0$1</name>
         <load_address>0x8a58</load_address>
         <run_address>0x8a58</run_address>
         <size>0x1c</size>
         <input_file_ref idref="fl-2"/>
      </object_component>
      <object_component id="oc-29d">
         <name>.const:.string:DbcTbl</name>
         <load_address>0x8a74</load_address>
         <run_address>0x8a74</run_address>
         <size>0xa</size>
         <input_file_ref idref="fl-c"/>
      </object_component>
      <object_component id="oc-223">
         <name>.const:.string:$P$T0$1</name>
         <load_address>0x8a7e</load_address>
         <run_address>0x8a7e</run_address>
         <size>0x4</size>
         <input_file_ref idref="fl-11"/>
      </object_component>
      <object_component id="oc-5df">
         <name>.cinit..data.load</name>
         <load_address>0x8a88</load_address>
         <run_address>0x8a88</run_address>
         <size>0x5a</size>
      </object_component>
      <object_component id="oc-5dd">
         <name>__TI_handler_table</name>
         <load_address>0x8ae4</load_address>
         <run_address>0x8ae4</run_address>
         <size>0xc</size>
      </object_component>
      <object_component id="oc-5e0">
         <name>.cinit..bss.load</name>
         <load_address>0x8af0</load_address>
         <run_address>0x8af0</run_address>
         <size>0x8</size>
      </object_component>
      <object_component id="oc-5de">
         <name>__TI_cinit_table</name>
         <load_address>0x8af8</load_address>
         <run_address>0x8af8</run_address>
         <size>0x10</size>
      </object_component>
      <object_component id="oc-5b1">
         <name>.binit</name>
         <load_address>0x0</load_address>
         <run_address>0x0</run_address>
         <size>0x0</size>
      </object_component>
      <object_component id="oc-17a">
         <name>.data:SPI0MasterConfig</name>
         <load_address>0x20000b40</load_address>
         <run_address>0x20000b40</run_address>
         <size>0x1c</size>
         <input_file_ref idref="fl-2"/>
      </object_component>
      <object_component id="oc-17d">
         <name>.data:upConfig</name>
         <load_address>0x20000b8c</load_address>
         <run_address>0x20000b8c</run_address>
         <size>0x18</size>
         <input_file_ref idref="fl-2"/>
      </object_component>
      <object_component id="oc-117">
         <name>.data:pwmConfig</name>
         <load_address>0x20000b74</load_address>
         <run_address>0x20000b74</run_address>
         <size>0x18</size>
         <input_file_ref idref="fl-2"/>
      </object_component>
      <object_component id="oc-11a">
         <name>.data:buzzer_config</name>
         <load_address>0x20000b5c</load_address>
         <run_address>0x20000b5c</run_address>
         <size>0x18</size>
         <input_file_ref idref="fl-2"/>
      </object_component>
      <object_component id="oc-1d6">
         <name>.data</name>
         <load_address>0x20000bc8</load_address>
         <run_address>0x20000bc8</run_address>
         <size>0x4</size>
         <input_file_ref idref="fl-4"/>
      </object_component>
      <object_component id="oc-be">
         <name>.data</name>
         <load_address>0x20000bbc</load_address>
         <run_address>0x20000bbc</run_address>
         <size>0x8</size>
         <input_file_ref idref="fl-9"/>
      </object_component>
      <object_component id="oc-22d">
         <name>.data</name>
         <load_address>0x20000bcc</load_address>
         <run_address>0x20000bcc</run_address>
         <size>0x2</size>
         <input_file_ref idref="fl-f"/>
      </object_component>
      <object_component id="oc-2c9">
         <name>.data</name>
         <load_address>0x20000bce</load_address>
         <run_address>0x20000bce</run_address>
         <size>0x1</size>
         <input_file_ref idref="fl-10"/>
      </object_component>
      <object_component id="oc-356">
         <name>.data:local_tm</name>
         <load_address>0x20000b1c</load_address>
         <run_address>0x20000b1c</run_address>
         <size>0x24</size>
         <input_file_ref idref="fl-d8"/>
      </object_component>
      <object_component id="oc-353">
         <name>.data:_tz</name>
         <load_address>0x20000ba4</load_address>
         <run_address>0x20000ba4</run_address>
         <size>0x10</size>
         <input_file_ref idref="fl-db"/>
      </object_component>
      <object_component id="oc-2f3">
         <name>.data:$O1$$</name>
         <load_address>0x20000bb4</load_address>
         <run_address>0x20000bb4</run_address>
         <size>0x8</size>
         <input_file_ref idref="fl-f0"/>
      </object_component>
      <object_component id="oc-4dd">
         <name>.data</name>
         <load_address>0x20000bc4</load_address>
         <run_address>0x20000bc4</run_address>
         <size>0x4</size>
         <input_file_ref idref="fl-f8"/>
      </object_component>
      <object_component id="oc-2a0">
         <name>.bss:FatFs</name>
         <uninitialized>true</uninitialized>
         <run_address>0x20000b04</run_address>
         <size>0x4</size>
         <input_file_ref idref="fl-c"/>
      </object_component>
      <object_component id="oc-2a3">
         <name>.bss</name>
         <uninitialized>true</uninitialized>
         <run_address>0x20000b02</run_address>
         <size>0x2</size>
         <input_file_ref idref="fl-c"/>
      </object_component>
      <object_component id="oc-22a">
         <name>.bss</name>
         <uninitialized>true</uninitialized>
         <run_address>0x20000ae8</run_address>
         <size>0x9</size>
         <input_file_ref idref="fl-f"/>
      </object_component>
      <object_component id="oc-f7">
         <name>.bss:current_time</name>
         <uninitialized>true</uninitialized>
         <run_address>0x20000acc</run_address>
         <size>0x1c</size>
         <input_file_ref idref="fl-16"/>
      </object_component>
      <object_component id="oc-f4">
         <name>.bss</name>
         <uninitialized>true</uninitialized>
         <run_address>0x20000b01</run_address>
         <size>0x1</size>
         <input_file_ref idref="fl-16"/>
      </object_component>
      <object_component id="oc-52d">
         <name>.bss:_CIOBUF_</name>
         <uninitialized>true</uninitialized>
         <run_address>0x200008ac</run_address>
         <size>0x120</size>
         <input_file_ref idref="fl-fa"/>
      </object_component>
      <object_component id="oc-184">
         <name>.common:key</name>
         <uninitialized>true</uninitialized>
         <run_address>0x20000b18</run_address>
         <size>0x1</size>
      </object_component>
      <object_component id="oc-185">
         <name>.common:result</name>
         <uninitialized>true</uninitialized>
         <run_address>0x20000af9</run_address>
         <size>0x8</size>
      </object_component>
      <object_component id="oc-180">
         <name>.common:fs</name>
         <uninitialized>true</uninitialized>
         <run_address>0x20000000</run_address>
         <size>0x234</size>
      </object_component>
      <object_component id="oc-183">
         <name>.common:fil</name>
         <uninitialized>true</uninitialized>
         <run_address>0x2000045c</run_address>
         <size>0x228</size>
      </object_component>
      <object_component id="oc-186">
         <name>.common:accepted_fil</name>
         <uninitialized>true</uninitialized>
         <run_address>0x20000234</run_address>
         <size>0x228</size>
      </object_component>
      <object_component id="oc-187">
         <name>.common:rejected_fil</name>
         <uninitialized>true</uninitialized>
         <run_address>0x20000684</run_address>
         <size>0x228</size>
      </object_component>
      <object_component id="oc-d8">
         <name>.common:UARTA0Data</name>
         <uninitialized>true</uninitialized>
         <run_address>0x200009cc</run_address>
         <size>0x80</size>
      </object_component>
      <object_component id="oc-d4">
         <name>.common:UARTA0ReadIndex</name>
         <uninitialized>true</uninitialized>
         <run_address>0x20000b08</run_address>
         <size>0x4</size>
      </object_component>
      <object_component id="oc-d7">
         <name>.common:UARTA0WriteIndex</name>
         <uninitialized>true</uninitialized>
         <run_address>0x20000b0c</run_address>
         <size>0x4</size>
      </object_component>
      <object_component id="oc-db">
         <name>.common:UARTA2Data</name>
         <uninitialized>true</uninitialized>
         <run_address>0x20000a4c</run_address>
         <size>0x80</size>
      </object_component>
      <object_component id="oc-d9">
         <name>.common:UARTA2ReadIndex</name>
         <uninitialized>true</uninitialized>
         <run_address>0x20000b10</run_address>
         <size>0x4</size>
      </object_component>
      <object_component id="oc-da">
         <name>.common:UARTA2WriteIndex</name>
         <uninitialized>true</uninitialized>
         <run_address>0x20000b14</run_address>
         <size>0x4</size>
      </object_component>
      <object_component id="oc-427">
         <name>.common:parmbuf</name>
         <uninitialized>true</uninitialized>
         <run_address>0x20000af1</run_address>
         <size>0x8</size>
      </object_component>
      <object_component id="oc-29">
         <name>.stack</name>
         <uninitialized>true</uninitialized>
         <run_address>0x2000fe00</run_address>
         <size>0x4</size>
         <input_file_ref idref="fl-dc"/>
      </object_component>
      <object_component id="oc-5e2">
         <name>.stack</name>
         <uninitialized>true</uninitialized>
         <run_address>0x2000fe00</run_address>
         <size>0x0</size>
      </object_component>
      <object_component id="oc-181">
         <name>.debug_info</name>
         <load_address>0x0</load_address>
         <run_address>0x0</run_address>
         <size>0xc52</size>
         <input_file_ref idref="fl-2"/>
      </object_component>
      <object_component id="oc-17b">
         <name>.debug_info</name>
         <load_address>0xc52</load_address>
         <run_address>0xc52</run_address>
         <size>0x119</size>
         <input_file_ref idref="fl-2"/>
      </object_component>
      <object_component id="oc-17e">
         <name>.debug_info</name>
         <load_address>0xd6b</load_address>
         <run_address>0xd6b</run_address>
         <size>0x109</size>
         <input_file_ref idref="fl-2"/>
      </object_component>
      <object_component id="oc-118">
         <name>.debug_info</name>
         <load_address>0xe74</load_address>
         <run_address>0xe74</run_address>
         <size>0x10b</size>
         <input_file_ref idref="fl-2"/>
      </object_component>
      <object_component id="oc-11b">
         <name>.debug_info</name>
         <load_address>0xf7f</load_address>
         <run_address>0xf7f</run_address>
         <size>0x113</size>
         <input_file_ref idref="fl-2"/>
      </object_component>
      <object_component id="oc-178">
         <name>.debug_info</name>
         <load_address>0x1092</load_address>
         <run_address>0x1092</run_address>
         <size>0x106</size>
         <input_file_ref idref="fl-2"/>
      </object_component>
      <object_component id="oc-a6">
         <name>.debug_info</name>
         <load_address>0x1198</load_address>
         <run_address>0x1198</run_address>
         <size>0x844</size>
         <input_file_ref idref="fl-2"/>
      </object_component>
      <object_component id="oc-2db">
         <name>.debug_info</name>
         <load_address>0x19dc</load_address>
         <run_address>0x19dc</run_address>
         <size>0x3e8</size>
         <input_file_ref idref="fl-2"/>
      </object_component>
      <object_component id="oc-193">
         <name>.debug_info</name>
         <load_address>0x1dc4</load_address>
         <run_address>0x1dc4</run_address>
         <size>0x4fd</size>
         <input_file_ref idref="fl-2"/>
      </object_component>
      <object_component id="oc-26f">
         <name>.debug_info</name>
         <load_address>0x22c1</load_address>
         <run_address>0x22c1</run_address>
         <size>0x51</size>
         <input_file_ref idref="fl-2"/>
      </object_component>
      <object_component id="oc-23e">
         <name>.debug_info</name>
         <load_address>0x2312</load_address>
         <run_address>0x2312</run_address>
         <size>0x70</size>
         <input_file_ref idref="fl-2"/>
      </object_component>
      <object_component id="oc-102">
         <name>.debug_info</name>
         <load_address>0x2382</load_address>
         <run_address>0x2382</run_address>
         <size>0x26b</size>
         <input_file_ref idref="fl-2"/>
      </object_component>
      <object_component id="oc-1e8">
         <name>.debug_info</name>
         <load_address>0x25ed</load_address>
         <run_address>0x25ed</run_address>
         <size>0x1055</size>
         <input_file_ref idref="fl-2"/>
      </object_component>
      <object_component id="oc-2d6">
         <name>.debug_info</name>
         <load_address>0x3642</load_address>
         <run_address>0x3642</run_address>
         <size>0x37e2</size>
         <input_file_ref idref="fl-2"/>
      </object_component>
      <object_component id="oc-2e5">
         <name>.debug_info</name>
         <load_address>0x6e24</load_address>
         <run_address>0x6e24</run_address>
         <size>0x2ff</size>
         <input_file_ref idref="fl-2"/>
      </object_component>
      <object_component id="oc-2e0">
         <name>.debug_info</name>
         <load_address>0x7123</load_address>
         <run_address>0x7123</run_address>
         <size>0x436</size>
         <input_file_ref idref="fl-2"/>
      </object_component>
      <object_component id="oc-fb">
         <name>.debug_info</name>
         <load_address>0x7559</load_address>
         <run_address>0x7559</run_address>
         <size>0xc6</size>
         <input_file_ref idref="fl-2"/>
      </object_component>
      <object_component id="oc-1ed">
         <name>.debug_info</name>
         <load_address>0x761f</load_address>
         <run_address>0x761f</run_address>
         <size>0x341</size>
         <input_file_ref idref="fl-2"/>
      </object_component>
      <object_component id="oc-189">
         <name>.debug_info</name>
         <load_address>0x7960</load_address>
         <run_address>0x7960</run_address>
         <size>0x8b</size>
         <input_file_ref idref="fl-2"/>
      </object_component>
      <object_component id="oc-1dc">
         <name>.debug_info</name>
         <load_address>0x79eb</load_address>
         <run_address>0x79eb</run_address>
         <size>0x2a4</size>
         <input_file_ref idref="fl-2"/>
      </object_component>
      <object_component id="oc-207">
         <name>.debug_info</name>
         <load_address>0x7c8f</load_address>
         <run_address>0x7c8f</run_address>
         <size>0xef</size>
         <input_file_ref idref="fl-2"/>
      </object_component>
      <object_component id="oc-c2">
         <name>.debug_info</name>
         <load_address>0x7d7e</load_address>
         <run_address>0x7d7e</run_address>
         <size>0xbb</size>
         <input_file_ref idref="fl-2"/>
      </object_component>
      <object_component id="oc-18e">
         <name>.debug_info</name>
         <load_address>0x7e39</load_address>
         <run_address>0x7e39</run_address>
         <size>0x94</size>
         <input_file_ref idref="fl-2"/>
      </object_component>
      <object_component id="oc-10e">
         <name>.debug_info</name>
         <load_address>0x7ecd</load_address>
         <run_address>0x7ecd</run_address>
         <size>0x2c</size>
         <input_file_ref idref="fl-2"/>
      </object_component>
      <object_component id="oc-290">
         <name>.debug_info</name>
         <load_address>0x7ef9</load_address>
         <run_address>0x7ef9</run_address>
         <size>0x2c</size>
         <input_file_ref idref="fl-2"/>
      </object_component>
      <object_component id="oc-262">
         <name>.debug_info</name>
         <load_address>0x7f25</load_address>
         <run_address>0x7f25</run_address>
         <size>0x131</size>
         <input_file_ref idref="fl-2"/>
      </object_component>
      <object_component id="oc-dd">
         <name>.debug_info</name>
         <load_address>0x8056</load_address>
         <run_address>0x8056</run_address>
         <size>0x102</size>
         <input_file_ref idref="fl-2"/>
      </object_component>
      <object_component id="oc-2ea">
         <name>.debug_info</name>
         <load_address>0x8158</load_address>
         <run_address>0x8158</run_address>
         <size>0x35</size>
         <input_file_ref idref="fl-2"/>
      </object_component>
      <object_component id="oc-81">
         <name>.debug_info</name>
         <load_address>0x818d</load_address>
         <run_address>0x818d</run_address>
         <size>0x300</size>
         <input_file_ref idref="fl-3"/>
      </object_component>
      <object_component id="oc-27">
         <name>.debug_info</name>
         <load_address>0x848d</load_address>
         <run_address>0x848d</run_address>
         <size>0x12c</size>
         <input_file_ref idref="fl-3"/>
      </object_component>
      <object_component id="oc-68">
         <name>.debug_info</name>
         <load_address>0x85b9</load_address>
         <run_address>0x85b9</run_address>
         <size>0x1f3</size>
         <input_file_ref idref="fl-3"/>
      </object_component>
      <object_component id="oc-32">
         <name>.debug_info</name>
         <load_address>0x87ac</load_address>
         <run_address>0x87ac</run_address>
         <size>0x84</size>
         <input_file_ref idref="fl-3"/>
      </object_component>
      <object_component id="oc-311">
         <name>.debug_info</name>
         <load_address>0x8830</load_address>
         <run_address>0x8830</run_address>
         <size>0x56e</size>
         <input_file_ref idref="fl-4"/>
      </object_component>
      <object_component id="oc-1d7">
         <name>.debug_info</name>
         <load_address>0x8d9e</load_address>
         <run_address>0x8d9e</run_address>
         <size>0x125</size>
         <input_file_ref idref="fl-4"/>
      </object_component>
      <object_component id="oc-b8">
         <name>.debug_info</name>
         <load_address>0x8ec3</load_address>
         <run_address>0x8ec3</run_address>
         <size>0x297</size>
         <input_file_ref idref="fl-4"/>
      </object_component>
      <object_component id="oc-1e3">
         <name>.debug_info</name>
         <load_address>0x915a</load_address>
         <run_address>0x915a</run_address>
         <size>0x37e2</size>
         <input_file_ref idref="fl-4"/>
      </object_component>
      <object_component id="oc-296">
         <name>.debug_info</name>
         <load_address>0xc93c</load_address>
         <run_address>0xc93c</run_address>
         <size>0x5f6</size>
         <input_file_ref idref="fl-5"/>
      </object_component>
      <object_component id="oc-155">
         <name>.debug_info</name>
         <load_address>0xcf32</load_address>
         <run_address>0xcf32</run_address>
         <size>0x536</size>
         <input_file_ref idref="fl-5"/>
      </object_component>
      <object_component id="oc-133">
         <name>.debug_info</name>
         <load_address>0xd468</load_address>
         <run_address>0xd468</run_address>
         <size>0x1d2</size>
         <input_file_ref idref="fl-6"/>
      </object_component>
      <object_component id="oc-13c">
         <name>.debug_info</name>
         <load_address>0xd63a</load_address>
         <run_address>0xd63a</run_address>
         <size>0x314</size>
         <input_file_ref idref="fl-7"/>
      </object_component>
      <object_component id="oc-267">
         <name>.debug_info</name>
         <load_address>0xd94e</load_address>
         <run_address>0xd94e</run_address>
         <size>0x5b7</size>
         <input_file_ref idref="fl-8"/>
      </object_component>
      <object_component id="oc-136">
         <name>.debug_info</name>
         <load_address>0xdf05</load_address>
         <run_address>0xdf05</run_address>
         <size>0x372</size>
         <input_file_ref idref="fl-8"/>
      </object_component>
      <object_component id="oc-c7">
         <name>.debug_info</name>
         <load_address>0xe277</load_address>
         <run_address>0xe277</run_address>
         <size>0x58c</size>
         <input_file_ref idref="fl-9"/>
      </object_component>
      <object_component id="oc-bf">
         <name>.debug_info</name>
         <load_address>0xe803</load_address>
         <run_address>0xe803</run_address>
         <size>0x148</size>
         <input_file_ref idref="fl-9"/>
      </object_component>
      <object_component id="oc-71">
         <name>.debug_info</name>
         <load_address>0xe94b</load_address>
         <run_address>0xe94b</run_address>
         <size>0x37d</size>
         <input_file_ref idref="fl-9"/>
      </object_component>
      <object_component id="oc-d5">
         <name>.debug_info</name>
         <load_address>0xecc8</load_address>
         <run_address>0xecc8</run_address>
         <size>0x725</size>
         <input_file_ref idref="fl-a"/>
      </object_component>
      <object_component id="oc-74">
         <name>.debug_info</name>
         <load_address>0xf3ed</load_address>
         <run_address>0xf3ed</run_address>
         <size>0x592</size>
         <input_file_ref idref="fl-a"/>
      </object_component>
      <object_component id="oc-3db">
         <name>.debug_info</name>
         <load_address>0xf97f</load_address>
         <run_address>0xf97f</run_address>
         <size>0x682</size>
         <input_file_ref idref="fl-b"/>
      </object_component>
      <object_component id="oc-298">
         <name>.debug_info</name>
         <load_address>0x10001</load_address>
         <run_address>0x10001</run_address>
         <size>0x566</size>
         <input_file_ref idref="fl-b"/>
      </object_component>
      <object_component id="oc-2a7">
         <name>.debug_info</name>
         <load_address>0x10567</load_address>
         <run_address>0x10567</run_address>
         <size>0x4b3</size>
         <input_file_ref idref="fl-c"/>
      </object_component>
      <object_component id="oc-2a1">
         <name>.debug_info</name>
         <load_address>0x10a1a</load_address>
         <run_address>0x10a1a</run_address>
         <size>0x107</size>
         <input_file_ref idref="fl-c"/>
      </object_component>
      <object_component id="oc-2a4">
         <name>.debug_info</name>
         <load_address>0x10b21</load_address>
         <run_address>0x10b21</run_address>
         <size>0x105</size>
         <input_file_ref idref="fl-c"/>
      </object_component>
      <object_component id="oc-29e">
         <name>.debug_info</name>
         <load_address>0x10c26</load_address>
         <run_address>0x10c26</run_address>
         <size>0x109</size>
         <input_file_ref idref="fl-c"/>
      </object_component>
      <object_component id="oc-15b">
         <name>.debug_info</name>
         <load_address>0x10d2f</load_address>
         <run_address>0x10d2f</run_address>
         <size>0x3d30</size>
         <input_file_ref idref="fl-c"/>
      </object_component>
      <object_component id="oc-2a8">
         <name>.debug_info</name>
         <load_address>0x14a5f</load_address>
         <run_address>0x14a5f</run_address>
         <size>0x8c</size>
         <input_file_ref idref="fl-c"/>
      </object_component>
      <object_component id="oc-23d">
         <name>.debug_info</name>
         <load_address>0x14aeb</load_address>
         <run_address>0x14aeb</run_address>
         <size>0x6c9</size>
         <input_file_ref idref="fl-f"/>
      </object_component>
      <object_component id="oc-22e">
         <name>.debug_info</name>
         <load_address>0x151b4</load_address>
         <run_address>0x151b4</run_address>
         <size>0x144</size>
         <input_file_ref idref="fl-f"/>
      </object_component>
      <object_component id="oc-22b">
         <name>.debug_info</name>
         <load_address>0x152f8</load_address>
         <run_address>0x152f8</run_address>
         <size>0x151</size>
         <input_file_ref idref="fl-f"/>
      </object_component>
      <object_component id="oc-12a">
         <name>.debug_info</name>
         <load_address>0x15449</load_address>
         <run_address>0x15449</run_address>
         <size>0x13cf</size>
         <input_file_ref idref="fl-f"/>
      </object_component>
      <object_component id="oc-243">
         <name>.debug_info</name>
         <load_address>0x16818</load_address>
         <run_address>0x16818</run_address>
         <size>0x196</size>
         <input_file_ref idref="fl-f"/>
      </object_component>
      <object_component id="oc-362">
         <name>.debug_info</name>
         <load_address>0x169ae</load_address>
         <run_address>0x169ae</run_address>
         <size>0x35</size>
         <input_file_ref idref="fl-f"/>
      </object_component>
      <object_component id="oc-2cd">
         <name>.debug_info</name>
         <load_address>0x169e3</load_address>
         <run_address>0x169e3</run_address>
         <size>0x576</size>
         <input_file_ref idref="fl-10"/>
      </object_component>
      <object_component id="oc-2ca">
         <name>.debug_info</name>
         <load_address>0x16f59</load_address>
         <run_address>0x16f59</run_address>
         <size>0x119</size>
         <input_file_ref idref="fl-10"/>
      </object_component>
      <object_component id="oc-174">
         <name>.debug_info</name>
         <load_address>0x17072</load_address>
         <run_address>0x17072</run_address>
         <size>0x25b</size>
         <input_file_ref idref="fl-10"/>
      </object_component>
      <object_component id="oc-227">
         <name>.debug_info</name>
         <load_address>0x172cd</load_address>
         <run_address>0x172cd</run_address>
         <size>0x579</size>
         <input_file_ref idref="fl-11"/>
      </object_component>
      <object_component id="oc-224">
         <name>.debug_info</name>
         <load_address>0x17846</load_address>
         <run_address>0x17846</run_address>
         <size>0x10c</size>
         <input_file_ref idref="fl-11"/>
      </object_component>
      <object_component id="oc-11e">
         <name>.debug_info</name>
         <load_address>0x17952</load_address>
         <run_address>0x17952</run_address>
         <size>0x1fc</size>
         <input_file_ref idref="fl-11"/>
      </object_component>
      <object_component id="oc-229">
         <name>.debug_info</name>
         <load_address>0x17b4e</load_address>
         <run_address>0x17b4e</run_address>
         <size>0x575</size>
         <input_file_ref idref="fl-12"/>
      </object_component>
      <object_component id="oc-124">
         <name>.debug_info</name>
         <load_address>0x180c3</load_address>
         <run_address>0x180c3</run_address>
         <size>0x47b</size>
         <input_file_ref idref="fl-12"/>
      </object_component>
      <object_component id="oc-274">
         <name>.debug_info</name>
         <load_address>0x1853e</load_address>
         <run_address>0x1853e</run_address>
         <size>0x67c</size>
         <input_file_ref idref="fl-13"/>
      </object_component>
      <object_component id="oc-142">
         <name>.debug_info</name>
         <load_address>0x18bba</load_address>
         <run_address>0x18bba</run_address>
         <size>0x132e</size>
         <input_file_ref idref="fl-13"/>
      </object_component>
      <object_component id="oc-26a">
         <name>.debug_info</name>
         <load_address>0x19ee8</load_address>
         <run_address>0x19ee8</run_address>
         <size>0x3e8</size>
         <input_file_ref idref="fl-13"/>
      </object_component>
      <object_component id="oc-381">
         <name>.debug_info</name>
         <load_address>0x1a2d0</load_address>
         <run_address>0x1a2d0</run_address>
         <size>0x2ff</size>
         <input_file_ref idref="fl-13"/>
      </object_component>
      <object_component id="oc-37a">
         <name>.debug_info</name>
         <load_address>0x1a5cf</load_address>
         <run_address>0x1a5cf</run_address>
         <size>0x53</size>
         <input_file_ref idref="fl-13"/>
      </object_component>
      <object_component id="oc-161">
         <name>.debug_info</name>
         <load_address>0x1a622</load_address>
         <run_address>0x1a622</run_address>
         <size>0x1e9</size>
         <input_file_ref idref="fl-15"/>
      </object_component>
      <object_component id="oc-21c">
         <name>.debug_info</name>
         <load_address>0x1a80b</load_address>
         <run_address>0x1a80b</run_address>
         <size>0x63d</size>
         <input_file_ref idref="fl-16"/>
      </object_component>
      <object_component id="oc-f8">
         <name>.debug_info</name>
         <load_address>0x1ae48</load_address>
         <run_address>0x1ae48</run_address>
         <size>0x113</size>
         <input_file_ref idref="fl-16"/>
      </object_component>
      <object_component id="oc-f5">
         <name>.debug_info</name>
         <load_address>0x1af5b</load_address>
         <run_address>0x1af5b</run_address>
         <size>0x11f</size>
         <input_file_ref idref="fl-16"/>
      </object_component>
      <object_component id="oc-7b">
         <name>.debug_info</name>
         <load_address>0x1b07a</load_address>
         <run_address>0x1b07a</run_address>
         <size>0x282</size>
         <input_file_ref idref="fl-16"/>
      </object_component>
      <object_component id="oc-167">
         <name>.debug_info</name>
         <load_address>0x1b2fc</load_address>
         <run_address>0x1b2fc</run_address>
         <size>0x28a</size>
         <input_file_ref idref="fl-17"/>
      </object_component>
      <object_component id="oc-28f">
         <name>.debug_info</name>
         <load_address>0x1b586</load_address>
         <run_address>0x1b586</run_address>
         <size>0x333</size>
         <input_file_ref idref="fl-d3"/>
      </object_component>
      <object_component id="oc-14e">
         <name>.debug_info</name>
         <load_address>0x1b8b9</load_address>
         <run_address>0x1b8b9</run_address>
         <size>0x1d1</size>
         <input_file_ref idref="fl-d3"/>
      </object_component>
      <object_component id="oc-283">
         <name>.debug_info</name>
         <load_address>0x1ba8a</load_address>
         <run_address>0x1ba8a</run_address>
         <size>0x18d</size>
         <input_file_ref idref="fl-d3"/>
      </object_component>
      <object_component id="oc-289">
         <name>.debug_info</name>
         <load_address>0x1bc17</load_address>
         <run_address>0x1bc17</run_address>
         <size>0x16d</size>
         <input_file_ref idref="fl-d3"/>
      </object_component>
      <object_component id="oc-4e4">
         <name>.debug_info</name>
         <load_address>0x1bd84</load_address>
         <run_address>0x1bd84</run_address>
         <size>0x2c</size>
         <input_file_ref idref="fl-d3"/>
      </object_component>
      <object_component id="oc-3a">
         <name>.debug_info</name>
         <load_address>0x1bdb0</load_address>
         <run_address>0x1bdb0</run_address>
         <size>0x119</size>
         <input_file_ref idref="fl-d4"/>
      </object_component>
      <object_component id="oc-98">
         <name>.debug_info</name>
         <load_address>0x1bec9</load_address>
         <run_address>0x1bec9</run_address>
         <size>0x2d4</size>
         <input_file_ref idref="fl-d5"/>
      </object_component>
      <object_component id="oc-4a">
         <name>.debug_info</name>
         <load_address>0x1c19d</load_address>
         <run_address>0x1c19d</run_address>
         <size>0x1b5</size>
         <input_file_ref idref="fl-d5"/>
      </object_component>
      <object_component id="oc-93">
         <name>.debug_info</name>
         <load_address>0x1c352</load_address>
         <run_address>0x1c352</run_address>
         <size>0x46</size>
         <input_file_ref idref="fl-d5"/>
      </object_component>
      <object_component id="oc-42">
         <name>.debug_info</name>
         <load_address>0x1c398</load_address>
         <run_address>0x1c398</run_address>
         <size>0x2a8</size>
         <input_file_ref idref="fl-d6"/>
      </object_component>
      <object_component id="oc-1e">
         <name>.debug_info</name>
         <load_address>0x1c640</load_address>
         <run_address>0x1c640</run_address>
         <size>0x1ea</size>
         <input_file_ref idref="fl-d6"/>
      </object_component>
      <object_component id="oc-3d">
         <name>.debug_info</name>
         <load_address>0x1c82a</load_address>
         <run_address>0x1c82a</run_address>
         <size>0x46</size>
         <input_file_ref idref="fl-d6"/>
      </object_component>
      <object_component id="oc-8b">
         <name>.debug_info</name>
         <load_address>0x1c870</load_address>
         <run_address>0x1c870</run_address>
         <size>0x2c</size>
         <input_file_ref idref="fl-d6"/>
      </object_component>
      <object_component id="oc-89">
         <name>.debug_info</name>
         <load_address>0x1c89c</load_address>
         <run_address>0x1c89c</run_address>
         <size>0x29e</size>
         <input_file_ref idref="fl-d7"/>
      </object_component>
      <object_component id="oc-1a">
[...]
      </symbol>
      <symbol id="sm-7d4">
         <name>__mktime32</name>
         <value>0x559d</value>
         <object_component_ref idref="oc-34d"/>
      </symbol>
      <symbol id="sm-7e4">
         <name>strncmp</name>
         <value>0x86c1</value>
         <object_component_ref idref="oc-16b"/>
      </symbol>
      <symbol id="sm-7f4">
         <name>_tz</name>
         <value>0x20000ba4</value>
         <object_component_ref idref="oc-353"/>
      </symbol>
      <symbol id="sm-807">
         <name>__stack</name>
         <value>0x2000fe00</value>
         <object_component_ref idref="oc-29"/>
      </symbol>
      <symbol id="sm-808">
         <name>_c_int00_noargs</name>
         <value>0x85d1</value>
         <object_component_ref idref="oc-55"/>
      </symbol>
      <symbol id="sm-81b">
         <name>__time32</name>
         <value>0x8863</value>
         <object_component_ref idref="oc-230"/>
      </symbol>
      <symbol id="sm-81c">
         <name>time</name>
         <value>0x8863</value>
         <object_component_ref idref="oc-230"/>
      </symbol>
      <symbol id="sm-981">
         <name>__TI_printfi</name>
         <value>0x3199</value>
         <object_component_ref idref="oc-27c"/>
      </symbol>
      <symbol id="sm-9a1">
         <name>frexpl</name>
         <value>0x7fa9</value>
         <object_component_ref idref="oc-4c1"/>
      </symbol>
      <symbol id="sm-9a2">
         <name>frexp</name>
         <value>0x7fa9</value>
         <object_component_ref idref="oc-4c1"/>
      </symbol>
      <symbol id="sm-9bf">
         <name>scalbn</name>
         <value>0x6ff1</value>
         <object_component_ref idref="oc-4c7"/>
      </symbol>
      <symbol id="sm-9c0">
         <name>scalbnl</name>
         <value>0x6ff1</value>
         <object_component_ref idref="oc-4c7"/>
      </symbol>
      <symbol id="sm-9c1">
         <name>ldexpl</name>
         <value>0x6ff1</value>
         <object_component_ref idref="oc-4c7"/>
      </symbol>
      <symbol id="sm-9c2">
         <name>ldexp</name>
         <value>0x6ff1</value>
         <object_component_ref idref="oc-4c7"/>
      </symbol>
      <symbol id="sm-9db">
         <name>wcslen</name>
         <value>0x8801</value>
         <object_component_ref idref="oc-3bc"/>
      </symbol>
      <symbol id="sm-9f2">
         <name>__aeabi_dsub</name>
         <value>0x631d</value>
         <object_component_ref idref="oc-4a1"/>
      </symbol>
      <symbol id="sm-9f3">
         <name>__aeabi_dadd</name>
         <value>0x6327</value>
         <object_component_ref idref="oc-4a1"/>
      </symbol>
      <symbol id="sm-a15">
         <name>__aeabi_cdcmpeq</name>
         <value>0x7b15</value>
         <object_component_ref idref="oc-399"/>
      </symbol>
      <symbol id="sm-a16">
         <name>__aeabi_cdcmple</name>
         <value>0x7b15</value>
         <object_component_ref idref="oc-399"/>
      </symbol>
      <symbol id="sm-a17">
         <name>__aeabi_cdrcmple</name>
         <value>0x7b9b</value>
         <object_component_ref idref="oc-48c"/>
      </symbol>
      <symbol id="sm-a2b">
         <name>__aeabi_ddiv</name>
         <value>0x68e9</value>
         <object_component_ref idref="oc-487"/>
      </symbol>
      <symbol id="sm-a36">
         <name>__aeabi_dmul</name>
         <value>0x7405</value>
         <object_component_ref idref="oc-482"/>
      </symbol>
      <symbol id="sm-a40">
         <name>__aeabi_d2iz</name>
         <value>0x83a5</value>
         <object_component_ref idref="oc-491"/>
      </symbol>
      <symbol id="sm-a4a">
         <name>__aeabi_i2d</name>
         <value>0x8665</value>
         <object_component_ref idref="oc-49c"/>
      </symbol>
      <symbol id="sm-a59">
         <name>__aeabi_uidivmod</name>
         <value>0x8471</value>
         <object_component_ref idref="oc-348"/>
      </symbol>
      <symbol id="sm-a5a">
         <name>__aeabi_uidiv</name>
         <value>0x8471</value>
         <object_component_ref idref="oc-348"/>
      </symbol>
      <symbol id="sm-a68">
         <name>__aeabi_ldivmod</name>
         <value>0x7e09</value>
         <object_component_ref idref="oc-43d"/>
      </symbol>
      <symbol id="sm-a75">
         <name>__aeabi_uldivmod</name>
         <value>0x7963</value>
         <object_component_ref idref="oc-47b"/>
      </symbol>
      <symbol id="sm-a84">
         <name>__aeabi_memset</name>
         <value>0x7d23</value>
         <object_component_ref idref="oc-99"/>
      </symbol>
      <symbol id="sm-a85">
         <name>memset</name>
         <value>0x7d29</value>
         <object_component_ref idref="oc-99"/>
      </symbol>
      <symbol id="sm-a86">
         <name>__aeabi_memset8</name>
         <value>0x7d23</value>
         <object_component_ref idref="oc-99"/>
      </symbol>
      <symbol id="sm-a87">
         <name>__aeabi_memset4</name>
         <value>0x7d23</value>
         <object_component_ref idref="oc-99"/>
      </symbol>
      <symbol id="sm-a88">
         <name>__aeabi_memclr8</name>
         <value>0x7d21</value>
         <object_component_ref idref="oc-99"/>
      </symbol>
      <symbol id="sm-a89">
         <name>__aeabi_memclr4</name>
         <value>0x7d21</value>
         <object_component_ref idref="oc-99"/>
      </symbol>
      <symbol id="sm-a8a">
         <name>__aeabi_memclr</name>
         <value>0x7d21</value>
         <object_component_ref idref="oc-99"/>
      </symbol>
      <symbol id="sm-ab2">
         <name>__TI_auto_init_nobinit_nopinit</name>
         <value>0x83ed</value>
         <object_component_ref idref="oc-1a4"/>
      </symbol>
      <symbol id="sm-abc">
         <name>_system_pre_init</name>
         <value>0x88bd</value>
         <object_component_ref idref="oc-9f"/>
      </symbol>
      <symbol id="sm-ac8">
         <name>C$$EXIT</name>
         <value>0x88c1</value>
         <object_component_ref idref="oc-198"/>
      </symbol>
      <symbol id="sm-ac9">
         <name>abort</name>
         <value>0x88c1</value>
         <object_component_ref idref="oc-198"/>
      </symbol>
      <symbol id="sm-ade">
         <name>_nop</name>
         <value>0x3197</value>
         <object_component_ref idref="oc-3f9"/>
      </symbol>
      <symbol id="sm-adf">
         <name>_lock</name>
         <value>0x20000bb4</value>
         <object_component_ref idref="oc-2f3"/>
      </symbol>
      <symbol id="sm-ae0">
         <name>_unlock</name>
         <value>0x20000bb8</value>
         <object_component_ref idref="oc-2f3"/>
      </symbol>
      <symbol id="sm-aef">
         <name>__TI_ltoa</name>
         <value>0x8221</value>
         <object_component_ref idref="oc-496"/>
      </symbol>
      <symbol id="sm-b06">
         <name>atoi</name>
         <value>0x82c9</value>
         <object_component_ref idref="oc-38d"/>
      </symbol>
      <symbol id="sm-b11">
         <name>_ctypes_</name>
         <value>0x88c4</value>
         <object_component_ref idref="oc-476"/>
      </symbol>
      <symbol id="sm-b21">
         <name>memccpy</name>
         <value>0x875b</value>
         <object_component_ref idref="oc-3b6"/>
      </symbol>
      <symbol id="sm-b31">
         <name>strchr</name>
         <value>0x87c1</value>
         <object_component_ref idref="oc-4cd"/>
      </symbol>
      <symbol id="sm-b3f">
         <name>strlen</name>
         <value>0x87ed</value>
         <object_component_ref idref="oc-387"/>
      </symbol>
      <symbol id="sm-b55">
         <name>__aeabi_errno_addr</name>
         <value>0x88b1</value>
         <object_component_ref idref="oc-3c2"/>
      </symbol>
      <symbol id="sm-b56">
         <name>errno</name>
         <value>0x20000bc4</value>
         <object_component_ref idref="oc-4dd"/>
      </symbol>
      <symbol id="sm-b6e">
         <name>HOSTtime</name>
         <value>0x835d</value>
         <object_component_ref idref="oc-33b"/>
      </symbol>
      <symbol id="sm-b92">
         <name>__TI_readmsg</name>
         <value>0x859d</value>
         <object_component_ref idref="oc-421"/>
      </symbol>
      <symbol id="sm-b93">
         <name>C$$IO$$</name>
         <value>0x855f</value>
         <object_component_ref idref="oc-41b"/>
      </symbol>
      <symbol id="sm-b94">
         <name>__CIOBUF_</name>
         <value>0x200008ac</value>
         <object_component_ref idref="oc-52d"/>
      </symbol>
      <symbol id="sm-b95">
         <name>__TI_writemsg</name>
         <value>0x8531</value>
         <object_component_ref idref="oc-41b"/>
      </symbol>
      <symbol id="sm-b9f">
         <name>copysign</name>
         <value>0x8777</value>
         <object_component_ref idref="oc-560"/>
      </symbol>
      <symbol id="sm-ba0">
         <name>copysignl</name>
         <value>0x8777</value>
         <object_component_ref idref="oc-560"/>
      </symbol>
      <symbol id="sm-baa">
         <name>__aeabi_idiv0</name>
         <value>0x3be7</value>
         <object_component_ref idref="oc-437"/>
      </symbol>
      <symbol id="sm-bab">
         <name>__aeabi_ldiv0</name>
         <value>0x3be7</value>
         <object_component_ref idref="oc-437"/>
      </symbol>
      <symbol id="sm-bb1">
         <name>parmbuf</name>
         <value>0x20000af1</value>
      </symbol>
      <symbol id="sm-c12">
         <name>CS_setDCOCenteredFrequency</name>
         <value>0x8569</value>
         <object_component_ref idref="oc-254"/>
      </symbol>
      <symbol id="sm-c13">
         <name>CS_setReferenceOscillatorFrequency</name>
         <value>0x8605</value>
         <object_component_ref idref="oc-2ad"/>
      </symbol>
      <symbol id="sm-c14">
         <name>CS_initClockSignal</name>
         <value>0x6b55</value>
         <object_component_ref idref="oc-2b3"/>
      </symbol>
      <symbol id="sm-c23">
         <name>FlashCtl_setWaitState</name>
         <value>0x8315</value>
         <object_component_ref idref="oc-248"/>
      </symbol>
      <symbol id="sm-c3e">
         <name>GPIO_setAsPeripheralModuleFunctionOutputPin</name>
         <value>0x7a8d</value>
         <object_component_ref idref="oc-2bf"/>
      </symbol>
      <symbol id="sm-c49">
         <name>Interrupt_enableMaster</name>
         <value>0x8813</value>
         <object_component_ref idref="oc-147"/>
      </symbol>
      <symbol id="sm-d36">
         <name>PCM_setCoreVoltageLevel</name>
         <value>0x8833</value>
         <object_component_ref idref="oc-24e"/>
      </symbol>
      <symbol id="sm-d37">
         <name>PCM_getCoreVoltageLevel</name>
         <value>0x800d</value>
         <object_component_ref idref="oc-459"/>
      </symbol>
      <symbol id="sm-d38">
         <name>PCM_shutdownDevice</name>
         <value>0x81cd</value>
         <object_component_ref idref="oc-50d"/>
      </symbol>
      <symbol id="sm-d39">
         <name>PCM_setPowerState</name>
         <value>0x8853</value>
         <object_component_ref idref="oc-2b9"/>
      </symbol>
      <symbol id="sm-d3a">
         <name>PCM_getPowerMode</name>
         <value>0x80c9</value>
         <object_component_ref idref="oc-453"/>
      </symbol>
      <symbol id="sm-d3b">
         <name>PCM_getPowerState</name>
         <value>0x87d9</value>
         <object_component_ref idref="oc-45f"/>
      </symbol>
      <symbol id="sm-d3c">
         <name>PCM_gotoLPM4</name>
         <value>0x8823</value>
         <object_component_ref idref="oc-507"/>
      </symbol>
      <symbol id="sm-d3d">
         <name>PCM_gotoLPM3</name>
         <value>0x7c21</value>
         <object_component_ref idref="oc-501"/>
      </symbol>
      <symbol id="sm-d3e">
         <name>PCM_gotoLPM0</name>
         <value>0x86ed</value>
         <object_component_ref idref="oc-4fb"/>
      </symbol>
      <symbol id="sm-d3f">
         <name>PCM_setPowerMode</name>
         <value>0x8843</value>
         <object_component_ref idref="oc-465"/>
      </symbol>
      <symbol id="sm-d8f">
         <name>RTC_C_getCalendarTime</name>
         <value>0x7ca5</value>
         <object_component_ref idref="oc-e8"/>
      </symbol>
      <symbol id="sm-d90">
         <name>RTC_C_getInterruptStatus</name>
         <value>0x806d</value>
         <object_component_ref idref="oc-213"/>
      </symbol>
      <symbol id="sm-d91">
         <name>RTC_C_holdClock</name>
         <value>0x8695</value>
         <object_component_ref idref="oc-58b"/>
      </symbol>
      <symbol id="sm-d92">
         <name>RTC_C_getEnabledInterruptStatus</name>
         <value>0x79f9</value>
         <object_component_ref idref="oc-ee"/>
      </symbol>
      <symbol id="sm-d93">
         <name>RTC_C_enableInterrupt</name>
         <value>0x7ee1</value>
         <object_component_ref idref="oc-e2"/>
      </symbol>
      <symbol id="sm-db8">
         <name>SPI_initMaster</name>
         <value>0x7817</value>
         <object_component_ref idref="oc-25b"/>
      </symbol>
      <symbol id="sm-df2">
         <name>UART_getEnabledInterruptStatus</name>
         <value>0x7f45</value>
         <object_component_ref idref="oc-ce"/>
      </symbol>
      <symbol id="sm-df3">
         <name>UART_getInterruptStatus</name>
         <value>0x8791</value>
         <object_component_ref idref="oc-1f9"/>
      </symbol>
      <symbol id="sm-df4">
         <name>UART_initModule</name>
         <value>0x6ed5</value>
         <object_component_ref idref="oc-c8"/>
      </symbol>
      <symbol id="sm-e00">
         <name>WDT_A_holdTimer</name>
         <value>0x8715</value>
         <object_component_ref idref="oc-585"/>
      </symbol>
      <symbol id="sm-e12">
         <name>CPU_wfi</name>
         <value>0x88b9</value>
         <object_component_ref idref="oc-57d"/>
      </symbol>
      <symbol id="sm-e13">
         <name>CPU_cpsie</name>
         <value>0x888d</value>
         <object_component_ref idref="oc-275"/>
      </symbol>
      <symbol id="sm-e14">
         <name>__TI_static_base__</name>
         <value>0x0</value>
      </symbol>
      <symbol id="sm-e17">
         <name>__mpu_init</name>
         <value>0x0</value>
      </symbol>
      <symbol id="sm-e18">
         <name>_system_post_cinit</name>
         <value>0x0</value>
      </symbol>
      <symbol id="sm-e19">
         <name>NMI_Handler</name>
         <value>0x888b</value>
      </symbol>
      <symbol id="sm-e1a">
         <name>HardFault_Handler</name>
         <value>0x888b</value>
      </symbol>
      <symbol id="sm-e1b">
         <name>MemManage_Handler</name>
         <value>0x888b</value>
      </symbol>
      <symbol id="sm-e1c">
         <name>BusFault_Handler</name>
         <value>0x888b</value>
      </symbol>
      <symbol id="sm-e1d">
         <name>UsageFault_Handler</name>
         <value>0x888b</value>
      </symbol>
      <symbol id="sm-e1e">
         <name>SVC_Handler</name>
         <value>0x888b</value>
      </symbol>
      <symbol id="sm-e1f">
         <name>DebugMon_Handler</name>
         <value>0x888b</value>
      </symbol>
      <symbol id="sm-e20">
         <name>PendSV_Handler</name>
         <value>0x888b</value>
      </symbol>
      <symbol id="sm-e21">
         <name>SysTick_Handler</name>
         <value>0x888b</value>
      </symbol>
      <symbol id="sm-e22">
         <name>PSS_IRQHandler</name>
         <value>0x888b</value>
      </symbol>
      <symbol id="sm-e23">
         <name>CS_IRQHandler</name>
         <value>0x888b</value>
      </symbol>
      <symbol id="sm-e24">
         <name>PCM_IRQHandler</name>
         <value>0x888b</value>
      </symbol>
      <symbol id="sm-e25">
         <name>WDT_A_IRQHandler</name>
         <value>0x888b</value>
      </symbol>
      <symbol id="sm-e26">
         <name>FPU_IRQHandler</name>
         <value>0x888b</value>
      </symbol>
      <symbol id="sm-e27">
         <name>FLCTL_IRQHandler</name>
         <value>0x888b</value>
      </symbol>
      <symbol id="sm-e28">
         <name>COMP_E0_IRQHandler</name>
         <value>0x888b</value>
      </symbol>
      <symbol id="sm-e29">
         <name>COMP_E1_IRQHandler</name>
         <value>0x888b</value>
      </symbol>
      <symbol id="sm-e2a">
         <name>TA0_0_IRQHandler</name>
         <value>0x73c3</value>
      </symbol>
      <symbol id="sm-e2b">
         <name>TA0_N_IRQHandler</name>
         <value>0x888b</value>
      </symbol>
      <symbol id="sm-e2c">
         <name>TA1_0_IRQHandler</name>
         <value>0x73d3</value>
      </symbol>
      <symbol id="sm-e2d">
         <name>TA1_N_IRQHandler</name>
         <value>0x888b</value>
      </symbol>
      <symbol id="sm-e2e">
         <name>TA2_0_IRQHandler</name>
         <value>0x888b</value>
      </symbol>
      <symbol id="sm-e2f">
         <name>TA2_N_IRQHandler</name>
         <value>0x888b</value>
      </symbol>
      <symbol id="sm-e30">
         <name>TA3_0_IRQHandler</name>
         <value>0x888b</value>
      </symbol>
      <symbol id="sm-e31">
         <name>TA3_N_IRQHandler</name>
         <value>0x888b</value>
      </symbol>
      <symbol id="sm-e32">
         <name>EUSCIA0_IRQHandler</name>
         <value>0x5499</value>
      </symbol>
      <symbol id="sm-e33">
         <name>EUSCIA1_IRQHandler</name>
         <value>0x888b</value>
      </symbol>
      <symbol id="sm-e34">
         <name>EUSCIA2_IRQHandler</name>
         <value>0x550d</value>
      </symbol>
      <symbol id="sm-e35">
         <name>EUSCIA3_IRQHandler</name>
         <value>0x888b</value>
      </symbol>
      <symbol id="sm-e36">
         <name>EUSCIB0_IRQHandler</name>
         <value>0x888b</value>
      </symbol>
      <symbol id="sm-e37">
         <name>EUSCIB1_IRQHandler</name>
         <value>0x888b</value>
      </symbol>
      <symbol id="sm-e38">
         <name>EUSCIB2_IRQHandler</name>
         <value>0x888b</value>
      </symbol>
      <symbol id="sm-e39">
         <name>EUSCIB3_IRQHandler</name>
         <value>0x888b</value>
      </symbol>
      <symbol id="sm-e3a">
         <name>ADC14_IRQHandler</name>
         <value>0x888b</value>
      </symbol>
      <symbol id="sm-e3b">
         <name>T32_INT1_IRQHandler</name>
         <value>0x888b</value>
      </symbol>
      <symbol id="sm-e3c">
         <name>T32_INT2_IRQHandler</name>
         <value>0x888b</value>
      </symbol>
      <symbol id="sm-e3d">
         <name>T32_INTC_IRQHandler</name>
         <value>0x888b</value>
      </symbol>
      <symbol id="sm-e3e">
         <name>AES256_IRQHandler</name>
         <value>0x888b</value>
      </symbol>
      <symbol id="sm-e3f">
         <name>RTC_C_IRQHandler</name>
         <value>0x763f</value>
      </symbol>
      <symbol id="sm-e40">
         <name>DMA_ERR_IRQHandler</name>
         <value>0x888b</value>
      </symbol>
      <symbol id="sm-e41">
         <name>DMA_INT3_IRQHandler</name>
         <value>0x888b</value>
      </symbol>
      <symbol id="sm-e42">
         <name>DMA_INT2_IRQHandler</name>
         <value>0x888b</value>
      </symbol>
      <symbol id="sm-e43">
         <name>DMA_INT1_IRQHandler</name>
         <value>0x888b</value>
      </symbol>
      <symbol id="sm-e44">
         <name>DMA_INT0_IRQHandler</name>
         <value>0x888b</value>
      </symbol>
      <symbol id="sm-e45">
         <name>PORT1_IRQHandler</name>
         <value>0x888b</value>
      </symbol>
      <symbol id="sm-e46">
         <name>PORT2_IRQHandler</name>
         <value>0x888b</value>
      </symbol>
      <symbol id="sm-e47">
         <name>PORT3_IRQHandler</name>
         <value>0x888b</value>
      </symbol>
      <symbol id="sm-e48">
         <name>PORT4_IRQHandler</name>
         <value>0x888b</value>
      </symbol>
      <symbol id="sm-e49">
         <name>PORT5_IRQHandler</name>
         <value>0x888b</value>
      </symbol>
      <symbol id="sm-e4a">
         <name>PORT6_IRQHandler</name>
         <value>0x888b</value>
      </symbol>
   </symbol_table>
   <title>Link successful</title>
</link_info>
