<?xml version="1.0" encoding="ISO-8859-1" ?>
<link_info>
   <banner>TI ARM Linker PC v20.2.5.LTS</banner>
   <copyright>Copyright (c) 1996-2018 Texas Instruments Incorporated</copyright>
   <link_time>0x626b2bfc</link_time>
   <link_errors>0x0</link_errors>
   <output_file>Dual_Way_Security_and_data_logging_system_using_RFID_and_SPI_protocols.out</output_file>
   <entry_point>
      <name>_c_int00_noargs</name>
      <address>0x7ef1</address>
   </entry_point>
   <input_file_list>
      <input_file id="fl-2">
         <path>.\</path>
         <kind>object</kind>
         <file>main.obj</file>
         <name>main.obj</name>
      </input_file>
      <input_file id="fl-3">
         <path>.\</path>
         <kind>object</kind>
         <file>startup_msp432p401r_ccs.obj</file>
         <name>startup_msp432p401r_ccs.obj</name>
      </input_file>
      <input_file id="fl-4">
         <path>.\</path>
         <kind>object</kind>
         <file>system_msp432p401r.obj</file>
         <name>system_msp432p401r.obj</name>
      </input_file>
      <input_file id="fl-5">
         <path>.\Devices\</path>
         <kind>object</kind>
         <file>MSPIO.obj</file>
         <name>MSPIO.obj</name>
      </input_file>
      <input_file id="fl-6">
         <path>.\Hardware\</path>
         <kind>object</kind>
         <file>CS_Driver.obj</file>
         <name>CS_Driver.obj</name>
      </input_file>
      <input_file id="fl-7">
         <path>.\Hardware\</path>
         <kind>object</kind>
         <file>GPIO_Driver.obj</file>
         <name>GPIO_Driver.obj</name>
      </input_file>
      <input_file id="fl-8">
         <path>.\Hardware\</path>
         <kind>object</kind>
         <file>SPI_Driver.obj</file>
         <name>SPI_Driver.obj</name>
      </input_file>
      <input_file id="fl-9">
         <path>.\Hardware\</path>
         <kind>object</kind>
         <file>TIMERA_Driver.obj</file>
         <name>TIMERA_Driver.obj</name>
      </input_file>
      <input_file id="fl-a">
         <path>.\Hardware\</path>
         <kind>object</kind>
         <file>UART_Driver.obj</file>
         <name>UART_Driver.obj</name>
      </input_file>
      <input_file id="fl-b">
         <path>.\fatfs\</path>
         <kind>object</kind>
         <file>diskio.obj</file>
         <name>diskio.obj</name>
      </input_file>
      <input_file id="fl-c">
         <path>.\fatfs\</path>
         <kind>object</kind>
         <file>ff.obj</file>
         <name>ff.obj</name>
      </input_file>
      <input_file id="fl-d">
         <path>.\fatfs\</path>
         <kind>object</kind>
         <file>ffsystem.obj</file>
         <name>ffsystem.obj</name>
      </input_file>
      <input_file id="fl-e">
         <path>.\fatfs\</path>
         <kind>object</kind>
         <file>ffunicode.obj</file>
         <name>ffunicode.obj</name>
      </input_file>
      <input_file id="fl-f">
         <path>.\fatfs\</path>
         <kind>object</kind>
         <file>mmc_MSP432P401r.obj</file>
         <name>mmc_MSP432P401r.obj</name>
      </input_file>
      <input_file id="fl-10">
         <path>.\src\</path>
         <kind>object</kind>
         <file>buzzer.obj</file>
         <name>buzzer.obj</name>
      </input_file>
      <input_file id="fl-11">
         <path>.\src\</path>
         <kind>object</kind>
         <file>keypad.obj</file>
         <name>keypad.obj</name>
      </input_file>
      <input_file id="fl-12">
         <path>.\src\</path>
         <kind>object</kind>
         <file>lcd.obj</file>
         <name>lcd.obj</name>
      </input_file>
      <input_file id="fl-13">
         <path>.\src\</path>
         <kind>object</kind>
         <file>port.obj</file>
         <name>port.obj</name>
      </input_file>
      <input_file id="fl-14">
         <path>.\src\</path>
         <kind>object</kind>
         <file>pwm.obj</file>
         <name>pwm.obj</name>
      </input_file>
      <input_file id="fl-15">
         <path>.\src\</path>
         <kind>object</kind>
         <file>rtc.obj</file>
         <name>rtc.obj</name>
      </input_file>
      <input_file id="fl-16">
         <path>.\src\</path>
         <kind>object</kind>
         <file>test.obj</file>
         <name>test.obj</name>
      </input_file>
      <input_file id="fl-1b">
         <kind>object</kind>
         <file>&lt;internal&gt;</file>
         <name>&lt;internal&gt;</name>
      </input_file>
      <input_file id="fl-d1">
         <path>C:\ti\ccs1120\ccs\tools\compiler\ti-cgt-arm_20.2.5.LTS\lib\</path>
         <kind>archive</kind>
         <file>rtsv7M4_T_le_v4SPD16_eabi.lib</file>
         <name>sprintf.c.obj</name>
      </input_file>
      <input_file id="fl-d2">
         <path>C:\ti\ccs1120\ccs\tools\compiler\ti-cgt-arm_20.2.5.LTS\lib\</path>
         <kind>archive</kind>
         <file>rtsv7M4_T_le_v4SPD16_eabi.lib</file>
         <name>memcpy_t2.asm.obj</name>
      </input_file>
      <input_file id="fl-d3">
         <path>C:\ti\ccs1120\ccs\tools\compiler\ti-cgt-arm_20.2.5.LTS\lib\</path>
         <kind>archive</kind>
         <file>rtsv7M4_T_le_v4SPD16_eabi.lib</file>
         <name>copy_zero_init.c.obj</name>
      </input_file>
      <input_file id="fl-d4">
         <path>C:\ti\ccs1120\ccs\tools\compiler\ti-cgt-arm_20.2.5.LTS\lib\</path>
         <kind>archive</kind>
         <file>rtsv7M4_T_le_v4SPD16_eabi.lib</file>
         <name>copy_decompress_none.c.obj</name>
      </input_file>
      <input_file id="fl-d5">
         <path>C:\ti\ccs1120\ccs\tools\compiler\ti-cgt-arm_20.2.5.LTS\lib\</path>
         <kind>archive</kind>
         <file>rtsv7M4_T_le_v4SPD16_eabi.lib</file>
         <name>copy_decompress_lzss.c.obj</name>
      </input_file>
      <input_file id="fl-d6">
         <path>C:\ti\ccs1120\ccs\tools\compiler\ti-cgt-arm_20.2.5.LTS\lib\</path>
         <kind>archive</kind>
         <file>rtsv7M4_T_le_v4SPD16_eabi.lib</file>
         <name>localtim.c.obj</name>
      </input_file>
      <input_file id="fl-d7">
         <path>C:\ti\ccs1120\ccs\tools\compiler\ti-cgt-arm_20.2.5.LTS\lib\</path>
         <kind>archive</kind>
         <file>rtsv7M4_T_le_v4SPD16_eabi.lib</file>
         <name>mktime.c.obj</name>
      </input_file>
      <input_file id="fl-d8">
         <path>C:\ti\ccs1120\ccs\tools\compiler\ti-cgt-arm_20.2.5.LTS\lib\</path>
         <kind>archive</kind>
         <file>rtsv7M4_T_le_v4SPD16_eabi.lib</file>
         <name>strncmp.c.obj</name>
      </input_file>
      <input_file id="fl-d9">
         <path>C:\ti\ccs1120\ccs\tools\compiler\ti-cgt-arm_20.2.5.LTS\lib\</path>
         <kind>archive</kind>
         <file>rtsv7M4_T_le_v4SPD16_eabi.lib</file>
         <name>tmzone.c.obj</name>
      </input_file>
      <input_file id="fl-da">
         <path>C:\ti\ccs1120\ccs\tools\compiler\ti-cgt-arm_20.2.5.LTS\lib\</path>
         <kind>archive</kind>
         <file>rtsv7M4_T_le_v4SPD16_eabi.lib</file>
         <name>boot_cortex_m.c.obj</name>
      </input_file>
      <input_file id="fl-db">
         <path>C:\ti\ccs1120\ccs\tools\compiler\ti-cgt-arm_20.2.5.LTS\lib\</path>
         <kind>archive</kind>
         <file>rtsv7M4_T_le_v4SPD16_eabi.lib</file>
         <name>time.c.obj</name>
      </input_file>
      <input_file id="fl-dc">
         <path>C:\ti\ccs1120\ccs\tools\compiler\ti-cgt-arm_20.2.5.LTS\lib\</path>
         <kind>archive</kind>
         <file>rtsv7M4_T_le_v4SPD16_eabi.lib</file>
         <name>_printfi.c.obj</name>
      </input_file>
      <input_file id="fl-dd">
         <path>C:\ti\ccs1120\ccs\tools\compiler\ti-cgt-arm_20.2.5.LTS\lib\</path>
         <kind>archive</kind>
         <file>rtsv7M4_T_le_v4SPD16_eabi.lib</file>
         <name>s_frexp.c.obj</name>
      </input_file>
      <input_file id="fl-de">
         <path>C:\ti\ccs1120\ccs\tools\compiler\ti-cgt-arm_20.2.5.LTS\lib\</path>
         <kind>archive</kind>
         <file>rtsv7M4_T_le_v4SPD16_eabi.lib</file>
         <name>s_scalbn.c.obj</name>
      </input_file>
      <input_file id="fl-df">
         <path>C:\ti\ccs1120\ccs\tools\compiler\ti-cgt-arm_20.2.5.LTS\lib\</path>
         <kind>archive</kind>
         <file>rtsv7M4_T_le_v4SPD16_eabi.lib</file>
         <name>wcslen.c.obj</name>
      </input_file>
      <input_file id="fl-e0">
         <path>C:\ti\ccs1120\ccs\tools\compiler\ti-cgt-arm_20.2.5.LTS\lib\</path>
         <kind>archive</kind>
         <file>rtsv7M4_T_le_v4SPD16_eabi.lib</file>
         <name>fd_add_t2.asm.obj</name>
      </input_file>
      <input_file id="fl-e1">
         <path>C:\ti\ccs1120\ccs\tools\compiler\ti-cgt-arm_20.2.5.LTS\lib\</path>
         <kind>archive</kind>
         <file>rtsv7M4_T_le_v4SPD16_eabi.lib</file>
         <name>fd_cmp_t2.asm.obj</name>
      </input_file>
      <input_file id="fl-e2">
         <path>C:\ti\ccs1120\ccs\tools\compiler\ti-cgt-arm_20.2.5.LTS\lib\</path>
         <kind>archive</kind>
         <file>rtsv7M4_T_le_v4SPD16_eabi.lib</file>
         <name>fd_div_t2.asm.obj</name>
      </input_file>
      <input_file id="fl-e3">
         <path>C:\ti\ccs1120\ccs\tools\compiler\ti-cgt-arm_20.2.5.LTS\lib\</path>
         <kind>archive</kind>
         <file>rtsv7M4_T_le_v4SPD16_eabi.lib</file>
         <name>fd_mul_t2.asm.obj</name>
      </input_file>
      <input_file id="fl-e4">
         <path>C:\ti\ccs1120\ccs\tools\compiler\ti-cgt-arm_20.2.5.LTS\lib\</path>
         <kind>archive</kind>
         <file>rtsv7M4_T_le_v4SPD16_eabi.lib</file>
         <name>fd_toi_t2.asm.obj</name>
      </input_file>
      <input_file id="fl-e5">
         <path>C:\ti\ccs1120\ccs\tools\compiler\ti-cgt-arm_20.2.5.LTS\lib\</path>
         <kind>archive</kind>
         <file>rtsv7M4_T_le_v4SPD16_eabi.lib</file>
         <name>i_tofd_t2.asm.obj</name>
      </input_file>
      <input_file id="fl-e6">
         <path>C:\ti\ccs1120\ccs\tools\compiler\ti-cgt-arm_20.2.5.LTS\lib\</path>
         <kind>archive</kind>
         <file>rtsv7M4_T_le_v4SPD16_eabi.lib</file>
         <name>u_divt2.asm.obj</name>
      </input_file>
      <input_file id="fl-e7">
         <path>C:\ti\ccs1120\ccs\tools\compiler\ti-cgt-arm_20.2.5.LTS\lib\</path>
         <kind>archive</kind>
         <file>rtsv7M4_T_le_v4SPD16_eabi.lib</file>
         <name>ll_div_t2.asm.obj</name>
      </input_file>
      <input_file id="fl-e8">
         <path>C:\ti\ccs1120\ccs\tools\compiler\ti-cgt-arm_20.2.5.LTS\lib\</path>
         <kind>archive</kind>
         <file>rtsv7M4_T_le_v4SPD16_eabi.lib</file>
         <name>ull_div_t2.asm.obj</name>
      </input_file>
      <input_file id="fl-e9">
         <path>C:\ti\ccs1120\ccs\tools\compiler\ti-cgt-arm_20.2.5.LTS\lib\</path>
         <kind>archive</kind>
         <file>rtsv7M4_T_le_v4SPD16_eabi.lib</file>
         <name>memset_t2.asm.obj</name>
      </input_file>
      <input_file id="fl-ea">
         <path>C:\ti\ccs1120\ccs\tools\compiler\ti-cgt-arm_20.2.5.LTS\lib\</path>
         <kind>archive</kind>
         <file>rtsv7M4_T_le_v4SPD16_eabi.lib</file>
         <name>autoinit.c.obj</name>
      </input_file>
      <input_file id="fl-eb">
         <path>C:\ti\ccs1120\ccs\tools\compiler\ti-cgt-arm_20.2.5.LTS\lib\</path>
         <kind>archive</kind>
         <file>rtsv7M4_T_le_v4SPD16_eabi.lib</file>
         <name>pre_init.c.obj</name>
      </input_file>
      <input_file id="fl-ec">
         <path>C:\ti\ccs1120\ccs\tools\compiler\ti-cgt-arm_20.2.5.LTS\lib\</path>
         <kind>archive</kind>
         <file>rtsv7M4_T_le_v4SPD16_eabi.lib</file>
         <name>cpy_tbl.c.obj</name>
      </input_file>
      <input_file id="fl-ed">
         <path>C:\ti\ccs1120\ccs\tools\compiler\ti-cgt-arm_20.2.5.LTS\lib\</path>
         <kind>archive</kind>
         <file>rtsv7M4_T_le_v4SPD16_eabi.lib</file>
         <name>exit.c.obj</name>
      </input_file>
      <input_file id="fl-ee">
         <path>C:\ti\ccs1120\ccs\tools\compiler\ti-cgt-arm_20.2.5.LTS\lib\</path>
         <kind>archive</kind>
         <file>rtsv7M4_T_le_v4SPD16_eabi.lib</file>
         <name>_lock.c.obj</name>
      </input_file>
      <input_file id="fl-ef">
         <path>C:\ti\ccs1120\ccs\tools\compiler\ti-cgt-arm_20.2.5.LTS\lib\</path>
         <kind>archive</kind>
         <file>rtsv7M4_T_le_v4SPD16_eabi.lib</file>
         <name>_ltoa.c.obj</name>
      </input_file>
      <input_file id="fl-f0">
         <path>C:\ti\ccs1120\ccs\tools\compiler\ti-cgt-arm_20.2.5.LTS\lib\</path>
         <kind>archive</kind>
         <file>rtsv7M4_T_le_v4SPD16_eabi.lib</file>
         <name>args_main.c.obj</name>
      </input_file>
      <input_file id="fl-f1">
         <path>C:\ti\ccs1120\ccs\tools\compiler\ti-cgt-arm_20.2.5.LTS\lib\</path>
         <kind>archive</kind>
         <file>rtsv7M4_T_le_v4SPD16_eabi.lib</file>
         <name>atoi.c.obj</name>
      </input_file>
      <input_file id="fl-f2">
         <path>C:\ti\ccs1120\ccs\tools\compiler\ti-cgt-arm_20.2.5.LTS\lib\</path>
         <kind>archive</kind>
         <file>rtsv7M4_T_le_v4SPD16_eabi.lib</file>
         <name>ctype.c.obj</name>
      </input_file>
      <input_file id="fl-f3">
         <path>C:\ti\ccs1120\ccs\tools\compiler\ti-cgt-arm_20.2.5.LTS\lib\</path>
         <kind>archive</kind>
         <file>rtsv7M4_T_le_v4SPD16_eabi.lib</file>
         <name>memccpy.c.obj</name>
      </input_file>
      <input_file id="fl-f4">
         <path>C:\ti\ccs1120\ccs\tools\compiler\ti-cgt-arm_20.2.5.LTS\lib\</path>
         <kind>archive</kind>
         <file>rtsv7M4_T_le_v4SPD16_eabi.lib</file>
         <name>strchr.c.obj</name>
      </input_file>
      <input_file id="fl-f5">
         <path>C:\ti\ccs1120\ccs\tools\compiler\ti-cgt-arm_20.2.5.LTS\lib\</path>
         <kind>archive</kind>
         <file>rtsv7M4_T_le_v4SPD16_eabi.lib</file>
         <name>strlen.c.obj</name>
      </input_file>
      <input_file id="fl-f6">
         <path>C:\ti\ccs1120\ccs\tools\compiler\ti-cgt-arm_20.2.5.LTS\lib\</path>
         <kind>archive</kind>
         <file>rtsv7M4_T_le_v4SPD16_eabi.lib</file>
         <name>errno.c.obj</name>
      </input_file>
      <input_file id="fl-f7">
         <path>C:\ti\ccs1120\ccs\tools\compiler\ti-cgt-arm_20.2.5.LTS\lib\</path>
         <kind>archive</kind>
         <file>rtsv7M4_T_le_v4SPD16_eabi.lib</file>
         <name>hosttime.c.obj</name>
      </input_file>
      <input_file id="fl-f8">
         <path>C:\ti\ccs1120\ccs\tools\compiler\ti-cgt-arm_20.2.5.LTS\lib\</path>
         <kind>archive</kind>
         <file>rtsv7M4_T_le_v4SPD16_eabi.lib</file>
         <name>trgmsg.c.obj</name>
      </input_file>
      <input_file id="fl-f9">
         <path>C:\ti\ccs1120\ccs\tools\compiler\ti-cgt-arm_20.2.5.LTS\lib\</path>
         <kind>archive</kind>
         <file>rtsv7M4_T_le_v4SPD16_eabi.lib</file>
         <name>s_copysign.c.obj</name>
      </input_file>
      <input_file id="fl-fa">
         <path>C:\ti\ccs1120\ccs\tools\compiler\ti-cgt-arm_20.2.5.LTS\lib\</path>
         <kind>archive</kind>
         <file>rtsv7M4_T_le_v4SPD16_eabi.lib</file>
         <name>div0.asm.obj</name>
      </input_file>
      <input_file id="fl-fb">
         <path>C:\ti\ccs1120\ccs\tools\compiler\ti-cgt-arm_20.2.5.LTS\lib\</path>
         <kind>archive</kind>
         <file>rtsv7M4_T_le_v4SPD16_eabi.lib</file>
         <name>hostopen.c.obj</name>
      </input_file>
      <input_file id="fl-fc">
         <path>C:\ti\simplelink_msp432p4_sdk_3_40_01_02\source\ti\devices\msp432p4xx\driverlib\ccs\</path>
         <kind>archive</kind>
         <file>msp432p4xx_driverlib.lib</file>
         <name>cs.o</name>
      </input_file>
      <input_file id="fl-fd">
         <path>C:\ti\simplelink_msp432p4_sdk_3_40_01_02\source\ti\devices\msp432p4xx\driverlib\ccs\</path>
         <kind>archive</kind>
         <file>msp432p4xx_driverlib.lib</file>
         <name>flash.o</name>
      </input_file>
      <input_file id="fl-fe">
         <path>C:\ti\simplelink_msp432p4_sdk_3_40_01_02\source\ti\devices\msp432p4xx\driverlib\ccs\</path>
         <kind>archive</kind>
         <file>msp432p4xx_driverlib.lib</file>
         <name>gpio.o</name>
      </input_file>
      <input_file id="fl-ff">
         <path>C:\ti\simplelink_msp432p4_sdk_3_40_01_02\source\ti\devices\msp432p4xx\driverlib\ccs\</path>
         <kind>archive</kind>
         <file>msp432p4xx_driverlib.lib</file>
         <name>interrupt.o</name>
      </input_file>
      <input_file id="fl-100">
         <path>C:\ti\simplelink_msp432p4_sdk_3_40_01_02\source\ti\devices\msp432p4xx\driverlib\ccs\</path>
         <kind>archive</kind>
         <file>msp432p4xx_driverlib.lib</file>
         <name>pcm.o</name>
      </input_file>
      <input_file id="fl-101">
         <path>C:\ti\simplelink_msp432p4_sdk_3_40_01_02\source\ti\devices\msp432p4xx\driverlib\ccs\</path>
         <kind>archive</kind>
         <file>msp432p4xx_driverlib.lib</file>
         <name>rtc_c.o</name>
      </input_file>
      <input_file id="fl-102">
         <path>C:\ti\simplelink_msp432p4_sdk_3_40_01_02\source\ti\devices\msp432p4xx\driverlib\ccs\</path>
         <kind>archive</kind>
         <file>msp432p4xx_driverlib.lib</file>
         <name>spi.o</name>
      </input_file>
      <input_file id="fl-103">
         <path>C:\ti\simplelink_msp432p4_sdk_3_40_01_02\source\ti\devices\msp432p4xx\driverlib\ccs\</path>
         <kind>archive</kind>
         <file>msp432p4xx_driverlib.lib</file>
         <name>sysctl.o</name>
      </input_file>
      <input_file id="fl-104">
         <path>C:\ti\simplelink_msp432p4_sdk_3_40_01_02\source\ti\devices\msp432p4xx\driverlib\ccs\</path>
         <kind>archive</kind>
         <file>msp432p4xx_driverlib.lib</file>
         <name>sysctl_a.o</name>
      </input_file>
      <input_file id="fl-105">
         <path>C:\ti\simplelink_msp432p4_sdk_3_40_01_02\source\ti\devices\msp432p4xx\driverlib\ccs\</path>
         <kind>archive</kind>
         <file>msp432p4xx_driverlib.lib</file>
         <name>uart.o</name>
      </input_file>
      <input_file id="fl-106">
         <path>C:\ti\simplelink_msp432p4_sdk_3_40_01_02\source\ti\devices\msp432p4xx\driverlib\ccs\</path>
         <kind>archive</kind>
         <file>msp432p4xx_driverlib.lib</file>
         <name>wdt_a.o</name>
      </input_file>
      <input_file id="fl-107">
         <path>C:\ti\simplelink_msp432p4_sdk_3_40_01_02\source\ti\devices\msp432p4xx\driverlib\ccs\</path>
         <kind>archive</kind>
         <file>msp432p4xx_driverlib.lib</file>
         <name>cpu.o</name>
      </input_file>
   </input_file_list>
   <object_component_list>
      <object_component id="oc-26">
         <name>.intvecs:retain</name>
         <load_address>0x0</load_address>
         <run_address>0x0</run_address>
         <size>0xe4</size>
         <input_file_ref idref="fl-3"/>
      </object_component>
      <object_component id="oc-153">
         <name>.text</name>
         <load_address>0xe4</load_address>
         <run_address>0xe4</run_address>
         <size>0x30b2</size>
         <input_file_ref idref="fl-c"/>
      </object_component>
      <object_component id="oc-3d1">
         <name>.text:_nop</name>
         <load_address>0x3196</load_address>
         <run_address>0x3196</run_address>
         <size>0x2</size>
         <input_file_ref idref="fl-ee"/>
      </object_component>
      <object_component id="oc-26a">
         <name>.text:__TI_printfi</name>
         <load_address>0x3198</load_address>
         <run_address>0x3198</run_address>
         <size>0xa4e</size>
         <input_file_ref idref="fl-dc"/>
      </object_component>
      <object_component id="oc-40f">
         <name>.text</name>
         <load_address>0x3be6</load_address>
         <run_address>0x3be6</run_address>
         <size>0x2</size>
         <input_file_ref idref="fl-fa"/>
      </object_component>
      <object_component id="oc-129">
         <name>.text</name>
         <load_address>0x3be8</load_address>
         <run_address>0x3be8</run_address>
         <size>0x858</size>
         <input_file_ref idref="fl-f"/>
      </object_component>
      <object_component id="oc-a5">
         <name>.text</name>
         <load_address>0x4440</load_address>
         <run_address>0x4440</run_address>
         <size>0x468</size>
         <input_file_ref idref="fl-2"/>
      </object_component>
      <object_component id="oc-b7">
         <name>.text</name>
         <load_address>0x48a8</load_address>
         <run_address>0x48a8</run_address>
         <size>0x334</size>
         <input_file_ref idref="fl-4"/>
      </object_component>
      <object_component id="oc-73">
         <name>.text</name>
         <load_address>0x4bdc</load_address>
         <run_address>0x4bdc</run_address>
         <size>0x2e0</size>
         <input_file_ref idref="fl-a"/>
      </object_component>
      <object_component id="oc-331">
         <name>.text:__mktime32</name>
         <load_address>0x4ebc</load_address>
         <run_address>0x4ebc</run_address>
         <size>0x2a0</size>
         <input_file_ref idref="fl-d7"/>
      </object_component>
      <object_component id="oc-3be">
         <name>.text:__PCM_setPowerStateAdvanced</name>
         <load_address>0x515c</load_address>
         <run_address>0x515c</run_address>
         <size>0x28a</size>
         <input_file_ref idref="fl-100"/>
      </object_component>
      <object_component id="oc-388">
         <name>.text:_pconv_a</name>
         <load_address>0x53e8</load_address>
         <run_address>0x53e8</run_address>
         <size>0x270</size>
         <input_file_ref idref="fl-dc"/>
      </object_component>
      <object_component id="oc-14d">
         <name>.text</name>
         <load_address>0x5658</load_address>
         <run_address>0x5658</run_address>
         <size>0x224</size>
         <input_file_ref idref="fl-5"/>
      </object_component>
      <object_component id="oc-11d">
         <name>.text</name>
         <load_address>0x587c</load_address>
         <run_address>0x587c</run_address>
         <size>0x1f0</size>
         <input_file_ref idref="fl-11"/>
      </object_component>
      <object_component id="oc-376">
         <name>.text:_pconv_g</name>
         <load_address>0x5a6c</load_address>
         <run_address>0x5a6c</run_address>
         <size>0x1d0</size>
         <input_file_ref idref="fl-dc"/>
      </object_component>
      <object_component id="oc-479">
         <name>.text</name>
         <load_address>0x5c3c</load_address>
         <run_address>0x5c3c</run_address>
         <size>0x1b6</size>
         <input_file_ref idref="fl-e0"/>
      </object_component>
      <object_component id="oc-123">
         <name>.text</name>
         <load_address>0x5df4</load_address>
         <run_address>0x5df4</run_address>
         <size>0x17c</size>
         <input_file_ref idref="fl-12"/>
      </object_component>
      <object_component id="oc-4cd">
         <name>.text:__PCM_setPowerModeAdvanced</name>
         <load_address>0x5f70</load_address>
         <run_address>0x5f70</run_address>
         <size>0x15c</size>
         <input_file_ref idref="fl-100"/>
      </object_component>
      <object_component id="oc-382">
         <name>.text:_pconv_e</name>
         <load_address>0x60cc</load_address>
         <run_address>0x60cc</run_address>
         <size>0x13c</size>
         <input_file_ref idref="fl-dc"/>
      </object_component>
      <object_component id="oc-45f">
         <name>.text</name>
         <load_address>0x6208</load_address>
         <run_address>0x6208</run_address>
         <size>0x136</size>
         <input_file_ref idref="fl-e2"/>
      </object_component>
      <object_component id="oc-230">
         <name>.text:__localtime32</name>
         <load_address>0x6340</load_address>
         <run_address>0x6340</run_address>
         <size>0x134</size>
         <input_file_ref idref="fl-d6"/>
      </object_component>
      <object_component id="oc-2a1">
         <name>.text:CS_initClockSignal</name>
         <load_address>0x6474</load_address>
         <run_address>0x6474</run_address>
         <size>0x130</size>
         <input_file_ref idref="fl-fc"/>
      </object_component>
      <object_component id="oc-285">
         <name>.text</name>
         <load_address>0x65a4</load_address>
         <run_address>0x65a4</run_address>
         <size>0x12a</size>
         <input_file_ref idref="fl-b"/>
      </object_component>
      <object_component id="oc-48b">
         <name>.text:fcvt</name>
         <load_address>0x66d0</load_address>
         <run_address>0x66d0</run_address>
         <size>0x124</size>
         <input_file_ref idref="fl-dc"/>
      </object_component>
      <object_component id="oc-c8">
         <name>.text:UART_initModule</name>
         <load_address>0x67f4</load_address>
         <run_address>0x67f4</run_address>
         <size>0x11c</size>
         <input_file_ref idref="fl-105"/>
      </object_component>
      <object_component id="oc-49f">
         <name>.text:scalbn</name>
         <load_address>0x6910</load_address>
         <run_address>0x6910</run_address>
         <size>0x110</size>
         <input_file_ref idref="fl-de"/>
      </object_component>
      <object_component id="oc-34c">
         <name>.text:__PCM_setCoreVoltageLevelAdvanced</name>
         <load_address>0x6a20</load_address>
         <run_address>0x6a20</run_address>
         <size>0x108</size>
         <input_file_ref idref="fl-100"/>
      </object_component>
      <object_component id="oc-15f">
         <name>.text</name>
         <load_address>0x6b28</load_address>
         <run_address>0x6b28</run_address>
         <size>0xfe</size>
         <input_file_ref idref="fl-16"/>
      </object_component>
      <object_component id="oc-6d">
         <name>.text</name>
         <load_address>0x6c28</load_address>
         <run_address>0x6c28</run_address>
         <size>0xfc</size>
         <input_file_ref idref="fl-9"/>
      </object_component>
      <object_component id="oc-45a">
         <name>.text</name>
         <load_address>0x6d24</load_address>
         <run_address>0x6d24</run_address>
         <size>0xfc</size>
         <input_file_ref idref="fl-e3"/>
      </object_component>
      <object_component id="oc-135">
         <name>.text</name>
         <load_address>0x6e20</load_address>
         <run_address>0x6e20</run_address>
         <size>0xd0</size>
         <input_file_ref idref="fl-8"/>
      </object_component>
      <object_component id="oc-79">
         <name>.text</name>
         <load_address>0x6ef0</load_address>
         <run_address>0x6ef0</run_address>
         <size>0xd0</size>
         <input_file_ref idref="fl-15"/>
      </object_component>
      <object_component id="oc-16b">
         <name>.text</name>
         <load_address>0x6fc0</load_address>
         <run_address>0x6fc0</run_address>
         <size>0xc4</size>
         <input_file_ref idref="fl-10"/>
      </object_component>
      <object_component id="oc-36b">
         <name>.text:_ltostr</name>
         <load_address>0x7084</load_address>
         <run_address>0x7084</run_address>
         <size>0xb1</size>
         <input_file_ref idref="fl-dc"/>
      </object_component>
      <object_component id="oc-255">
         <name>.text:SPI_initMaster</name>
         <load_address>0x7136</load_address>
         <run_address>0x7136</run_address>
         <size>0xb0</size>
         <input_file_ref idref="fl-102"/>
      </object_component>
      <object_component id="oc-37">
         <name>.text</name>
         <load_address>0x71e6</load_address>
         <run_address>0x71e6</run_address>
         <size>0x9c</size>
         <input_file_ref idref="fl-d2"/>
      </object_component>
      <object_component id="oc-453">
         <name>.text</name>
         <load_address>0x7282</load_address>
         <run_address>0x7282</run_address>
         <size>0x96</size>
         <input_file_ref idref="fl-e8"/>
      </object_component>
      <object_component id="oc-ee">
         <name>.text:RTC_C_getEnabledInterruptStatus</name>
         <load_address>0x7318</load_address>
         <run_address>0x7318</run_address>
         <size>0x94</size>
         <input_file_ref idref="fl-101"/>
      </object_component>
      <object_component id="oc-2ad">
         <name>.text:GPIO_setAsPeripheralModuleFunctionOutputPin</name>
         <load_address>0x73ac</load_address>
         <run_address>0x73ac</run_address>
         <size>0x88</size>
         <input_file_ref idref="fl-fe"/>
      </object_component>
      <object_component id="oc-371">
         <name>.text:__aeabi_cdcmple</name>
         <load_address>0x7434</load_address>
         <run_address>0x7434</run_address>
         <size>0x86</size>
         <input_file_ref idref="fl-e1"/>
      </object_component>
      <object_component id="oc-464">
         <name>.text:__aeabi_cdrcmple</name>
         <load_address>0x74ba</load_address>
         <run_address>0x74ba</run_address>
         <size>0x86</size>
         <input_file_ref idref="fl-e1"/>
      </object_component>
      <object_component id="oc-4d9">
         <name>.text:PCM_gotoLPM3</name>
         <load_address>0x7540</load_address>
         <run_address>0x7540</run_address>
         <size>0x84</size>
         <input_file_ref idref="fl-100"/>
      </object_component>
      <object_component id="oc-e8">
         <name>.text:RTC_C_getCalendarTime</name>
         <load_address>0x75c4</load_address>
         <run_address>0x75c4</run_address>
         <size>0x7c</size>
         <input_file_ref idref="fl-101"/>
      </object_component>
      <object_component id="oc-99">
         <name>.text</name>
         <load_address>0x7640</load_address>
         <run_address>0x7640</run_address>
         <size>0x7a</size>
         <input_file_ref idref="fl-e9"/>
      </object_component>
      <object_component id="oc-484">
         <name>.text:_mcpy</name>
         <load_address>0x76ba</load_address>
         <run_address>0x76ba</run_address>
         <size>0x6e</size>
         <input_file_ref idref="fl-dc"/>
      </object_component>
      <object_component id="oc-415">
         <name>.text</name>
         <load_address>0x7728</load_address>
         <run_address>0x7728</run_address>
         <size>0x6e</size>
         <input_file_ref idref="fl-e7"/>
      </object_component>
      <object_component id="oc-17">
         <name>.text:decompress:lzss:__TI_decompress_lzss</name>
         <load_address>0x7796</load_address>
         <run_address>0x7796</run_address>
         <size>0x68</size>
         <input_file_ref idref="fl-d5"/>
      </object_component>
      <object_component id="oc-e2">
         <name>.text:RTC_C_enableInterrupt</name>
         <load_address>0x7800</load_address>
         <run_address>0x7800</run_address>
         <size>0x64</size>
         <input_file_ref idref="fl-101"/>
      </object_component>
      <object_component id="oc-ce">
         <name>.text:UART_getEnabledInterruptStatus</name>
         <load_address>0x7864</load_address>
         <run_address>0x7864</run_address>
         <size>0x64</size>
         <input_file_ref idref="fl-105"/>
      </object_component>
      <object_component id="oc-499">
         <name>.text:frexp</name>
         <load_address>0x78c8</load_address>
         <run_address>0x78c8</run_address>
         <size>0x64</size>
         <input_file_ref idref="fl-dd"/>
      </object_component>
      <object_component id="oc-431">
         <name>.text:PCM_getCoreVoltageLevel</name>
         <load_address>0x792c</load_address>
         <run_address>0x792c</run_address>
         <size>0x5e</size>
         <input_file_ref idref="fl-100"/>
      </object_component>
      <object_component id="oc-20d">
         <name>.text:RTC_C_getInterruptStatus</name>
         <load_address>0x798c</load_address>
         <run_address>0x798c</run_address>
         <size>0x5c</size>
         <input_file_ref idref="fl-101"/>
      </object_component>
      <object_component id="oc-42b">
         <name>.text:PCM_getPowerMode</name>
         <load_address>0x79e8</load_address>
         <run_address>0x79e8</run_address>
         <size>0x5a</size>
         <input_file_ref idref="fl-100"/>
      </object_component>
      <object_component id="oc-37c">
         <name>.text:_pconv_f</name>
         <load_address>0x7a42</load_address>
         <run_address>0x7a42</run_address>
         <size>0x56</size>
         <input_file_ref idref="fl-dc"/>
      </object_component>
      <object_component id="oc-13b">
         <name>.text</name>
         <load_address>0x7a98</load_address>
         <run_address>0x7a98</run_address>
         <size>0x54</size>
         <input_file_ref idref="fl-7"/>
      </object_component>
      <object_component id="oc-4e5">
         <name>.text:PCM_shutdownDevice</name>
         <load_address>0x7aec</load_address>
         <run_address>0x7aec</run_address>
         <size>0x54</size>
         <input_file_ref idref="fl-100"/>
      </object_component>
      <object_component id="oc-46e">
         <name>.text:__TI_ltoa</name>
         <load_address>0x7b40</load_address>
         <run_address>0x7b40</run_address>
         <size>0x54</size>
         <input_file_ref idref="fl-ef"/>
      </object_component>
      <object_component id="oc-47e">
         <name>.text:_ecpy</name>
         <load_address>0x7b94</load_address>
         <run_address>0x7b94</run_address>
         <size>0x52</size>
         <input_file_ref idref="fl-dc"/>
      </object_component>
      <object_component id="oc-365">
         <name>.text:atoi</name>
         <load_address>0x7be8</load_address>
         <run_address>0x7be8</run_address>
         <size>0x4c</size>
         <input_file_ref idref="fl-f1"/>
      </object_component>
      <object_component id="oc-242">
         <name>.text:FlashCtl_setWaitState</name>
         <load_address>0x7c34</load_address>
         <run_address>0x7c34</run_address>
         <size>0x48</size>
         <input_file_ref idref="fl-fd"/>
      </object_component>
      <object_component id="oc-31f">
         <name>.text:HOSTtime</name>
         <load_address>0x7c7c</load_address>
         <run_address>0x7c7c</run_address>
         <size>0x48</size>
         <input_file_ref idref="fl-f7"/>
      </object_component>
      <object_component id="oc-469">
         <name>.text</name>
         <load_address>0x7cc4</load_address>
         <run_address>0x7cc4</run_address>
         <size>0x48</size>
         <input_file_ref idref="fl-e4"/>
      </object_component>
      <object_component id="oc-19e">
         <name>.text:__TI_auto_init_nobinit_nopinit:__TI_auto_init_nobinit_nopinit</name>
         <load_address>0x7d0c</load_address>
         <run_address>0x7d0c</run_address>
         <size>0x44</size>
         <input_file_ref idref="fl-ea"/>
      </object_component>
      <object_component id="oc-354">
         <name>.text:is_A_Module</name>
         <load_address>0x7d50</load_address>
         <run_address>0x7d50</run_address>
         <size>0x40</size>
         <input_file_ref idref="fl-102"/>
      </object_component>
      <object_component id="oc-32c">
         <name>.text</name>
         <load_address>0x7d90</load_address>
         <run_address>0x7d90</run_address>
         <size>0x40</size>
         <input_file_ref idref="fl-e6"/>
      </object_component>
      <object_component id="oc-147">
         <name>.text:sprintf</name>
         <load_address>0x7dd0</load_address>
         <run_address>0x7dd0</run_address>
         <size>0x40</size>
         <input_file_ref idref="fl-d1"/>
      </object_component>
      <object_component id="oc-491">
         <name>.text:_fcpy</name>
         <load_address>0x7e10</load_address>
         <run_address>0x7e10</run_address>
         <size>0x3e</size>
         <input_file_ref idref="fl-dc"/>
      </object_component>
      <object_component id="oc-3f3">
         <name>.text:__TI_writemsg</name>
         <load_address>0x7e50</load_address>
         <run_address>0x7e50</run_address>
         <size>0x38</size>
         <input_file_ref idref="fl-f8"/>
      </object_component>
      <object_component id="oc-24e">
         <name>.text:CS_setDCOCenteredFrequency</name>
         <load_address>0x7e88</load_address>
         <run_address>0x7e88</run_address>
         <size>0x34</size>
         <input_file_ref idref="fl-fc"/>
      </object_component>
      <object_component id="oc-3f9">
         <name>.text:__TI_readmsg</name>
         <load_address>0x7ebc</load_address>
         <run_address>0x7ebc</run_address>
         <size>0x34</size>
         <input_file_ref idref="fl-f8"/>
      </object_component>
      <object_component id="oc-55">
         <name>.text:_c_int00_noargs:_c_int00_noargs</name>
         <load_address>0x7ef0</load_address>
         <run_address>0x7ef0</run_address>
         <size>0x34</size>
         <input_file_ref idref="fl-da"/>
      </object_component>
      <object_component id="oc-29b">
         <name>.text:CS_setReferenceOscillatorFrequency</name>
         <load_address>0x7f24</load_address>
         <run_address>0x7f24</run_address>
         <size>0x30</size>
         <input_file_ref idref="fl-fc"/>
      </object_component>
      <object_component id="oc-159">
         <name>.text</name>
         <load_address>0x7f54</load_address>
         <run_address>0x7f54</run_address>
         <size>0x30</size>
         <input_file_ref idref="fl-14"/>
      </object_component>
      <object_component id="oc-474">
         <name>.text</name>
         <load_address>0x7f84</load_address>
         <run_address>0x7f84</run_address>
         <size>0x2e</size>
         <input_file_ref idref="fl-e5"/>
      </object_component>
      <object_component id="oc-563">
         <name>.text:RTC_C_holdClock</name>
         <load_address>0x7fb4</load_address>
         <run_address>0x7fb4</run_address>
         <size>0x2c</size>
         <input_file_ref idref="fl-101"/>
      </object_component>
      <object_component id="oc-165">
         <name>.text:strncmp</name>
         <load_address>0x7fe0</load_address>
         <run_address>0x7fe0</run_address>
         <size>0x2c</size>
         <input_file_ref idref="fl-d8"/>
      </object_component>
      <object_component id="oc-4d3">
         <name>.text:PCM_gotoLPM0</name>
         <load_address>0x800c</load_address>
         <run_address>0x800c</run_address>
         <size>0x28</size>
         <input_file_ref idref="fl-100"/>
      </object_component>
      <object_component id="oc-55d">
         <name>.text:WDT_A_holdTimer</name>
         <load_address>0x8034</load_address>
         <run_address>0x8034</run_address>
         <size>0x24</size>
         <input_file_ref idref="fl-106"/>
      </object_component>
      <object_component id="oc-12f">
         <name>.text</name>
         <load_address>0x8058</load_address>
         <run_address>0x8058</run_address>
         <size>0x22</size>
         <input_file_ref idref="fl-6"/>
      </object_component>
      <object_component id="oc-38e">
         <name>.text:memccpy</name>
         <load_address>0x807a</load_address>
         <run_address>0x807a</run_address>
         <size>0x1c</size>
         <input_file_ref idref="fl-f3"/>
      </object_component>
      <object_component id="oc-538">
         <name>.text:copysign</name>
         <load_address>0x8096</load_address>
         <run_address>0x8096</run_address>
         <size>0x1a</size>
         <input_file_ref idref="fl-f9"/>
      </object_component>
      <object_component id="oc-1f3">
         <name>.text:UART_getInterruptStatus</name>
         <load_address>0x80b0</load_address>
         <run_address>0x80b0</run_address>
         <size>0x18</size>
         <input_file_ref idref="fl-105"/>
      </object_component>
      <object_component id="oc-270">
         <name>.text:_outs</name>
         <load_address>0x80c8</load_address>
         <run_address>0x80c8</run_address>
         <size>0x18</size>
         <input_file_ref idref="fl-d1"/>
      </object_component>
      <object_component id="oc-4a5">
         <name>.text:strchr</name>
         <load_address>0x80e0</load_address>
         <run_address>0x80e0</run_address>
         <size>0x16</size>
         <input_file_ref idref="fl-f4"/>
      </object_component>
      <object_component id="oc-437">
         <name>.text:PCM_getPowerState</name>
         <load_address>0x80f8</load_address>
         <run_address>0x80f8</run_address>
         <size>0x14</size>
         <input_file_ref idref="fl-100"/>
      </object_component>
      <object_component id="oc-35f">
         <name>.text:strlen</name>
         <load_address>0x810c</load_address>
         <run_address>0x810c</run_address>
         <size>0x14</size>
         <input_file_ref idref="fl-f5"/>
      </object_component>
      <object_component id="oc-394">
         <name>.text:wcslen</name>
         <load_address>0x8120</load_address>
         <run_address>0x8120</run_address>
         <size>0x12</size>
         <input_file_ref idref="fl-df"/>
      </object_component>
      <object_component id="oc-141">
         <name>.text:Interrupt_enableMaster</name>
         <load_address>0x8132</load_address>
         <run_address>0x8132</run_address>
         <size>0x10</size>
         <input_file_ref idref="fl-ff"/>
      </object_component>
      <object_component id="oc-4df">
         <name>.text:PCM_gotoLPM4</name>
         <load_address>0x8142</load_address>
         <run_address>0x8142</run_address>
         <size>0x10</size>
         <input_file_ref idref="fl-100"/>
      </object_component>
      <object_component id="oc-248">
         <name>.text:PCM_setCoreVoltageLevel</name>
         <load_address>0x8152</load_address>
         <run_address>0x8152</run_address>
         <size>0x10</size>
         <input_file_ref idref="fl-100"/>
      </object_component>
      <object_component id="oc-43d">
         <name>.text:PCM_setPowerMode</name>
         <load_address>0x8162</load_address>
         <run_address>0x8162</run_address>
         <size>0x10</size>
         <input_file_ref idref="fl-100"/>
      </object_component>
      <object_component id="oc-2a7">
         <name>.text:PCM_setPowerState</name>
         <load_address>0x8172</load_address>
         <run_address>0x8172</run_address>
         <size>0x10</size>
         <input_file_ref idref="fl-100"/>
      </object_component>
      <object_component id="oc-22a">
         <name>.text:__time32</name>
         <load_address>0x8182</load_address>
         <run_address>0x8182</run_address>
         <size>0xe</size>
         <input_file_ref idref="fl-db"/>
      </object_component>
      <object_component id="oc-1d">
         <name>.text:decompress:none:__TI_decompress_none</name>
         <load_address>0x8190</load_address>
         <run_address>0x8190</run_address>
         <size>0xe</size>
         <input_file_ref idref="fl-d4"/>
      </object_component>
      <object_component id="oc-67">
         <name>.text</name>
         <load_address>0x819e</load_address>
         <run_address>0x819e</run_address>
         <size>0xe</size>
         <input_file_ref idref="fl-3"/>
      </object_component>
      <object_component id="oc-263">
         <name>.text:CPU_cpsie</name>
         <load_address>0x81ac</load_address>
         <run_address>0x81ac</run_address>
         <size>0xc</size>
         <input_file_ref idref="fl-107"/>
      </object_component>
      <object_component id="oc-49">
         <name>.text:decompress:ZI:__TI_zero_init</name>
         <load_address>0x81b8</load_address>
         <run_address>0x81b8</run_address>
         <size>0xc</size>
         <input_file_ref idref="fl-d3"/>
      </object_component>
      <object_component id="oc-276">
         <name>.text:_outc</name>
         <load_address>0x81c4</load_address>
         <run_address>0x81c4</run_address>
         <size>0xa</size>
         <input_file_ref idref="fl-d1"/>
      </object_component>
      <object_component id="oc-39a">
         <name>.text:__aeabi_errno_addr</name>
         <load_address>0x81d0</load_address>
         <run_address>0x81d0</run_address>
         <size>0x8</size>
         <input_file_ref idref="fl-f6"/>
      </object_component>
      <object_component id="oc-555">
         <name>.text:CPU_wfi</name>
         <load_address>0x81d8</load_address>
         <run_address>0x81d8</run_address>
         <size>0x4</size>
         <input_file_ref idref="fl-107"/>
      </object_component>
      <object_component id="oc-9f">
         <name>.text:_system_pre_init</name>
         <load_address>0x81dc</load_address>
         <run_address>0x81dc</run_address>
         <size>0x4</size>
         <input_file_ref idref="fl-eb"/>
      </object_component>
      <object_component id="oc-192">
         <name>.text:abort:abort</name>
         <load_address>0x81e0</load_address>
         <run_address>0x81e0</run_address>
         <size>0x4</size>
         <input_file_ref idref="fl-ed"/>
      </object_component>
      <object_component id="oc-44e">
         <name>.const:.string:_ctypes_</name>
         <load_address>0x81e4</load_address>
         <run_address>0x81e4</run_address>
         <size>0x101</size>
         <input_file_ref idref="fl-f2"/>
      </object_component>
      <object_component id="oc-41a">
         <name>.const:$O1$$</name>
         <load_address>0x82e8</load_address>
         <run_address>0x82e8</run_address>
         <size>0x60</size>
         <input_file_ref idref="fl-d7"/>
      </object_component>
      <object_component id="oc-3c5">
         <name>.const:GPIO_PORT_TO_BASE</name>
         <load_address>0x8348</load_address>
         <run_address>0x8348</run_address>
         <size>0x30</size>
         <input_file_ref idref="fl-fe"/>
      </object_component>
      <object_component id="oc-171">
         <name>.const:$P$T0$1</name>
         <load_address>0x8378</load_address>
         <run_address>0x8378</run_address>
         <size>0x1c</size>
         <input_file_ref idref="fl-2"/>
      </object_component>
      <object_component id="oc-28b">
         <name>.const:.string:DbcTbl</name>
         <load_address>0x8394</load_address>
         <run_address>0x8394</run_address>
         <size>0xa</size>
         <input_file_ref idref="fl-c"/>
      </object_component>
      <object_component id="oc-21d">
         <name>.const:.string:$P$T0$1</name>
         <load_address>0x839e</load_address>
         <run_address>0x839e</run_address>
         <size>0x4</size>
         <input_file_ref idref="fl-11"/>
      </object_component>
      <object_component id="oc-5b7">
         <name>.cinit..data.load</name>
         <load_address>0x83a8</load_address>
         <run_address>0x83a8</run_address>
         <size>0x5a</size>
      </object_component>
      <object_component id="oc-5b5">
         <name>__TI_handler_table</name>
         <load_address>0x8404</load_address>
         <run_address>0x8404</run_address>
         <size>0xc</size>
      </object_component>
      <object_component id="oc-5b8">
         <name>.cinit..bss.load</name>
         <load_address>0x8410</load_address>
         <run_address>0x8410</run_address>
         <size>0x8</size>
      </object_component>
      <object_component id="oc-5b6">
         <name>__TI_cinit_table</name>
         <load_address>0x8418</load_address>
         <run_address>0x8418</run_address>
         <size>0x10</size>
      </object_component>
      <object_component id="oc-589">
         <name>.binit</name>
         <load_address>0x0</load_address>
         <run_address>0x0</run_address>
         <size>0x0</size>
      </object_component>
      <object_component id="oc-174">
         <name>.data:SPI0MasterConfig</name>
         <load_address>0x20000b40</load_address>
         <run_address>0x20000b40</run_address>
         <size>0x1c</size>
         <input_file_ref idref="fl-2"/>
      </object_component>
      <object_component id="oc-177">
         <name>.data:upConfig</name>
         <load_address>0x20000b8c</load_address>
         <run_address>0x20000b8c</run_address>
         <size>0x18</size>
         <input_file_ref idref="fl-2"/>
      </object_component>
      <object_component id="oc-117">
         <name>.data:pwmConfig</name>
         <load_address>0x20000b74</load_address>
         <run_address>0x20000b74</run_address>
         <size>0x18</size>
         <input_file_ref idref="fl-2"/>
      </object_component>
      <object_component id="oc-11a">
         <name>.data:buzzer_config</name>
         <load_address>0x20000b5c</load_address>
         <run_address>0x20000b5c</run_address>
         <size>0x18</size>
         <input_file_ref idref="fl-2"/>
      </object_component>
      <object_component id="oc-1d0">
         <name>.data</name>
         <load_address>0x20000bc8</load_address>
         <run_address>0x20000bc8</run_address>
         <size>0x4</size>
         <input_file_ref idref="fl-4"/>
      </object_component>
      <object_component id="oc-be">
         <name>.data</name>
         <load_address>0x20000bbc</load_address>
         <run_address>0x20000bbc</run_address>
         <size>0x8</size>
         <input_file_ref idref="fl-9"/>
      </object_component>
      <object_component id="oc-227">
         <name>.data</name>
         <load_address>0x20000bcc</load_address>
         <run_address>0x20000bcc</run_address>
         <size>0x2</size>
         <input_file_ref idref="fl-f"/>
      </object_component>
      <object_component id="oc-2b7">
         <name>.data</name>
         <load_address>0x20000bce</load_address>
         <run_address>0x20000bce</run_address>
         <size>0x1</size>
         <input_file_ref idref="fl-10"/>
      </object_component>
      <object_component id="oc-33a">
         <name>.data:local_tm</name>
         <load_address>0x20000b1c</load_address>
         <run_address>0x20000b1c</run_address>
         <size>0x24</size>
         <input_file_ref idref="fl-d6"/>
      </object_component>
      <object_component id="oc-337">
         <name>.data:_tz</name>
         <load_address>0x20000ba4</load_address>
         <run_address>0x20000ba4</run_address>
         <size>0x10</size>
         <input_file_ref idref="fl-d9"/>
      </object_component>
      <object_component id="oc-2d7">
         <name>.data:$O1$$</name>
         <load_address>0x20000bb4</load_address>
         <run_address>0x20000bb4</run_address>
         <size>0x8</size>
         <input_file_ref idref="fl-ee"/>
      </object_component>
      <object_component id="oc-4b5">
         <name>.data</name>
         <load_address>0x20000bc4</load_address>
         <run_address>0x20000bc4</run_address>
         <size>0x4</size>
         <input_file_ref idref="fl-f6"/>
      </object_component>
      <object_component id="oc-28e">
         <name>.bss:FatFs</name>
         <uninitialized>true</uninitialized>
         <run_address>0x20000b04</run_address>
         <size>0x4</size>
         <input_file_ref idref="fl-c"/>
      </object_component>
      <object_component id="oc-291">
         <name>.bss</name>
         <uninitialized>true</uninitialized>
         <run_address>0x20000b02</run_address>
         <size>0x2</size>
         <input_file_ref idref="fl-c"/>
      </object_component>
      <object_component id="oc-224">
         <name>.bss</name>
         <uninitialized>true</uninitialized>
         <run_address>0x20000ae8</run_address>
         <size>0x9</size>
         <input_file_ref idref="fl-f"/>
      </object_component>
      <object_component id="oc-f7">
         <name>.bss:current_time</name>
         <uninitialized>true</uninitialized>
         <run_address>0x20000acc</run_address>
         <size>0x1c</size>
         <input_file_ref idref="fl-15"/>
      </object_component>
      <object_component id="oc-f4">
         <name>.bss</name>
         <uninitialized>true</uninitialized>
         <run_address>0x20000b01</run_address>
         <size>0x1</size>
         <input_file_ref idref="fl-15"/>
      </object_component>
      <object_component id="oc-505">
         <name>.bss:_CIOBUF_</name>
         <uninitialized>true</uninitialized>
         <run_address>0x200008ac</run_address>
         <size>0x120</size>
         <input_file_ref idref="fl-f8"/>
      </object_component>
      <object_component id="oc-17e">
         <name>.common:key</name>
         <uninitialized>true</uninitialized>
         <run_address>0x20000b18</run_address>
         <size>0x1</size>
      </object_component>
      <object_component id="oc-17f">
         <name>.common:result</name>
         <uninitialized>true</uninitialized>
         <run_address>0x20000af9</run_address>
         <size>0x8</size>
      </object_component>
      <object_component id="oc-17a">
         <name>.common:fs</name>
         <uninitialized>true</uninitialized>
         <run_address>0x20000000</run_address>
         <size>0x234</size>
      </object_component>
      <object_component id="oc-17d">
         <name>.common:fil</name>
         <uninitialized>true</uninitialized>
         <run_address>0x2000045c</run_address>
         <size>0x228</size>
      </object_component>
      <object_component id="oc-180">
         <name>.common:accepted_fil</name>
         <uninitialized>true</uninitialized>
         <run_address>0x20000234</run_address>
         <size>0x228</size>
      </object_component>
      <object_component id="oc-181">
         <name>.common:rejected_fil</name>
         <uninitialized>true</uninitialized>
         <run_address>0x20000684</run_address>
         <size>0x228</size>
      </object_component>
      <object_component id="oc-d8">
         <name>.common:UARTA0Data</name>
         <uninitialized>true</uninitialized>
         <run_address>0x200009cc</run_address>
         <size>0x80</size>
      </object_component>
      <object_component id="oc-d4">
         <name>.common:UARTA0ReadIndex</name>
         <uninitialized>true</uninitialized>
         <run_address>0x20000b08</run_address>
         <size>0x4</size>
      </object_component>
      <object_component id="oc-d7">
         <name>.common:UARTA0WriteIndex</name>
         <uninitialized>true</uninitialized>
         <run_address>0x20000b0c</run_address>
         <size>0x4</size>
      </object_component>
      <object_component id="oc-db">
         <name>.common:UARTA2Data</name>
         <uninitialized>true</uninitialized>
         <run_address>0x20000a4c</run_address>
         <size>0x80</size>
      </object_component>
      <object_component id="oc-d9">
         <name>.common:UARTA2ReadIndex</name>
         <uninitialized>true</uninitialized>
         <run_address>0x20000b10</run_address>
         <size>0x4</size>
      </object_component>
      <object_component id="oc-da">
         <name>.common:UARTA2WriteIndex</name>
         <uninitialized>true</uninitialized>
         <run_address>0x20000b14</run_address>
         <size>0x4</size>
      </object_component>
      <object_component id="oc-3ff">
         <name>.common:parmbuf</name>
         <uninitialized>true</uninitialized>
         <run_address>0x20000af1</run_address>
         <size>0x8</size>
      </object_component>
      <object_component id="oc-29">
         <name>.stack</name>
         <uninitialized>true</uninitialized>
         <run_address>0x2000fe00</run_address>
         <size>0x4</size>
         <input_file_ref idref="fl-da"/>
      </object_component>
      <object_component id="oc-5ba">
         <name>.stack</name>
         <uninitialized>true</uninitialized>
         <run_address>0x2000fe00</run_address>
         <size>0x0</size>
      </object_component>
      <object_component id="oc-17b">
         <name>.debug_info</name>
         <load_address>0x0</load_address>
         <run_address>0x0</run_address>
         <size>0xb79</size>
         <input_file_ref idref="fl-2"/>
      </object_component>
      <object_component id="oc-175">
         <name>.debug_info</name>
         <load_address>0xb79</load_address>
         <run_address>0xb79</run_address>
         <size>0x119</size>
         <input_file_ref idref="fl-2"/>
      </object_component>
      <object_component id="oc-178">
         <name>.debug_info</name>
         <load_address>0xc92</load_address>
         <run_address>0xc92</run_address>
         <size>0x109</size>
         <input_file_ref idref="fl-2"/>
      </object_component>
      <object_component id="oc-118">
         <name>.debug_info</name>
         <load_address>0xd9b</load_address>
         <run_address>0xd9b</run_address>
         <size>0x10b</size>
         <input_file_ref idref="fl-2"/>
      </object_component>
      <object_component id="oc-11b">
         <name>.debug_info</name>
         <load_address>0xea6</load_address>
         <run_address>0xea6</run_address>
         <size>0x113</size>
         <input_file_ref idref="fl-2"/>
      </object_component>
      <object_component id="oc-172">
         <name>.debug_info</name>
         <load_address>0xfb9</load_address>
         <run_address>0xfb9</run_address>
         <size>0x106</size>
         <input_file_ref idref="fl-2"/>
      </object_component>
      <object_component id="oc-a6">
         <name>.debug_info</name>
         <load_address>0x10bf</load_address>
         <run_address>0x10bf</run_address>
         <size>0x673</size>
         <input_file_ref idref="fl-2"/>
      </object_component>
      <object_component id="oc-2c9">
         <name>.debug_info</name>
         <load_address>0x1732</load_address>
         <run_address>0x1732</run_address>
         <size>0x3e8</size>
         <input_file_ref idref="fl-2"/>
      </object_component>
      <object_component id="oc-18d">
         <name>.debug_info</name>
         <load_address>0x1b1a</load_address>
         <run_address>0x1b1a</run_address>
         <size>0x4fd</size>
         <input_file_ref idref="fl-2"/>
      </object_component>
      <object_component id="oc-238">
         <name>.debug_info</name>
         <load_address>0x2017</load_address>
         <run_address>0x2017</run_address>
         <size>0x70</size>
         <input_file_ref idref="fl-2"/>
      </object_component>
      <object_component id="oc-102">
         <name>.debug_info</name>
         <load_address>0x2087</load_address>
         <run_address>0x2087</run_address>
         <size>0x26b</size>
         <input_file_ref idref="fl-2"/>
      </object_component>
      <object_component id="oc-1e2">
         <name>.debug_info</name>
         <load_address>0x22f2</load_address>
         <run_address>0x22f2</run_address>
         <size>0x1055</size>
         <input_file_ref idref="fl-2"/>
      </object_component>
      <object_component id="oc-2c4">
         <name>.debug_info</name>
         <load_address>0x3347</load_address>
         <run_address>0x3347</run_address>
         <size>0x37e2</size>
         <input_file_ref idref="fl-2"/>
      </object_component>
      <object_component id="oc-fb">
         <name>.debug_info</name>
         <load_address>0x6b29</load_address>
         <run_address>0x6b29</run_address>
         <size>0xc6</size>
         <input_file_ref idref="fl-2"/>
      </object_component>
      <object_component id="oc-1e7">
         <name>.debug_info</name>
         <load_address>0x6bef</load_address>
         <run_address>0x6bef</run_address>
         <size>0x341</size>
         <input_file_ref idref="fl-2"/>
      </object_component>
      <object_component id="oc-183">
         <name>.debug_info</name>
         <load_address>0x6f30</load_address>
         <run_address>0x6f30</run_address>
         <size>0x8b</size>
         <input_file_ref idref="fl-2"/>
      </object_component>
      <object_component id="oc-1d6">
         <name>.debug_info</name>
         <load_address>0x6fbb</load_address>
         <run_address>0x6fbb</run_address>
         <size>0x2a4</size>
         <input_file_ref idref="fl-2"/>
      </object_component>
      <object_component id="oc-201">
         <name>.debug_info</name>
         <load_address>0x725f</load_address>
         <run_address>0x725f</run_address>
         <size>0xef</size>
         <input_file_ref idref="fl-2"/>
      </object_component>
      <object_component id="oc-c2">
         <name>.debug_info</name>
         <load_address>0x734e</load_address>
         <run_address>0x734e</run_address>
         <size>0xbb</size>
         <input_file_ref idref="fl-2"/>
      </object_component>
      <object_component id="oc-188">
         <name>.debug_info</name>
         <load_address>0x7409</load_address>
         <run_address>0x7409</run_address>
         <size>0x94</size>
         <input_file_ref idref="fl-2"/>
      </object_component>
      <object_component id="oc-10e">
         <name>.debug_info</name>
         <load_address>0x749d</load_address>
         <run_address>0x749d</run_address>
         <size>0x2c</size>
         <input_file_ref idref="fl-2"/>
      </object_component>
      <object_component id="oc-27e">
         <name>.debug_info</name>
         <load_address>0x74c9</load_address>
         <run_address>0x74c9</run_address>
         <size>0x2c</size>
         <input_file_ref idref="fl-2"/>
      </object_component>
      <object_component id="oc-25c">
         <name>.debug_info</name>
         <load_address>0x74f5</load_address>
         <run_address>0x74f5</run_address>
         <size>0x131</size>
         <input_file_ref idref="fl-2"/>
      </object_component>
      <object_component id="oc-dd">
         <name>.debug_info</name>
         <load_address>0x7626</load_address>
         <run_address>0x7626</run_address>
         <size>0x102</size>
         <input_file_ref idref="fl-2"/>
      </object_component>
      <object_component id="oc-2ce">
         <name>.debug_info</name>
         <load_address>0x7728</load_address>
         <run_address>0x7728</run_address>
         <size>0x35</size>
         <input_file_ref idref="fl-2"/>
      </object_component>
      <object_component id="oc-81">
         <name>.debug_info</name>
         <load_address>0x775d</load_address>
         <run_address>0x775d</run_address>
         <size>0x300</size>
         <input_file_ref idref="fl-3"/>
      </object_component>
      <object_component id="oc-27">
         <name>.debug_info</name>
         <load_address>0x7a5d</load_address>
         <run_address>0x7a5d</run_address>
         <size>0x12c</size>
         <input_file_ref idref="fl-3"/>
      </object_component>
      <object_component id="oc-68">
         <name>.debug_info</name>
         <load_address>0x7b89</load_address>
         <run_address>0x7b89</run_address>
         <size>0x1f3</size>
         <input_file_ref idref="fl-3"/>
      </object_component>
      <object_component id="oc-32">
         <name>.debug_info</name>
         <load_address>0x7d7c</load_address>
         <run_address>0x7d7c</run_address>
         <size>0x84</size>
         <input_file_ref idref="fl-3"/>
      </object_component>
      <object_component id="oc-2f5">
         <name>.debug_info</name>
         <load_address>0x7e00</load_address>
         <run_address>0x7e00</run_address>
         <size>0x56e</size>
         <input_file_ref idref="fl-4"/>
      </object_component>
      <object_component id="oc-1d1">
         <name>.debug_info</name>
         <load_address>0x836e</load_address>
         <run_address>0x836e</run_address>
         <size>0x125</size>
         <input_file_ref idref="fl-4"/>
      </object_component>
      <object_component id="oc-b9">
         <name>.debug_info</name>
         <load_address>0x8493</load_address>
         <run_address>0x8493</run_address>
         <size>0x297</size>
         <input_file_ref idref="fl-4"/>
      </object_component>
      <object_component id="oc-1dd">
         <name>.debug_info</name>
         <load_address>0x872a</load_address>
         <run_address>0x872a</run_address>
         <size>0x37e2</size>
         <input_file_ref idref="fl-4"/>
      </object_component>
      <object_component id="oc-284">
         <name>.debug_info</name>
         <load_address>0xbf0c</load_address>
         <run_address>0xbf0c</run_address>
         <size>0x5f6</size>
         <input_file_ref idref="fl-5"/>
      </object_component>
      <object_component id="oc-14f">
         <name>.debug_info</name>
         <load_address>0xc502</load_address>
         <run_address>0xc502</run_address>
         <size>0x536</size>
         <input_file_ref idref="fl-5"/>
      </object_component>
      <object_component id="oc-133">
         <name>.debug_info</name>
         <load_address>0xca38</load_address>
         <run_address>0xca38</run_address>
         <size>0x1d2</size>
         <input_file_ref idref="fl-6"/>
      </object_component>
      <object_component id="oc-13e">
         <name>.debug_info</name>
         <load_address>0xcc0a</load_address>
         <run_address>0xcc0a</run_address>
         <size>0x314</size>
         <input_file_ref idref="fl-7"/>
      </object_component>
      <object_component id="oc-261">
         <name>.debug_info</name>
         <load_address>0xcf1e</load_address>
         <run_address>0xcf1e</run_address>
         <size>0x5b7</size>
         <input_file_ref idref="fl-8"/>
      </object_component>
      <object_component id="oc-137">
         <name>.debug_info</name>
         <load_address>0xd4d5</load_address>
         <run_address>0xd4d5</run_address>
         <size>0x372</size>
         <input_file_ref idref="fl-8"/>
      </object_component>
      <object_component id="oc-c7">
         <name>.debug_info</name>
         <load_address>0xd847</load_address>
         <run_address>0xd847</run_address>
         <size>0x58c</size>
         <input_file_ref idref="fl-9"/>
      </object_component>
      <object_component id="oc-bf">
         <name>.debug_info</name>
         <load_address>0xddd3</load_address>
         <run_address>0xddd3</run_address>
         <size>0x148</size>
         <input_file_ref idref="fl-9"/>
      </object_component>
      <object_component id="oc-6e">
         <name>.debug_info</name>
         <load_address>0xdf1b</load_address>
         <run_address>0xdf1b</run_address>
         <size>0x37d</size>
         <input_file_ref idref="fl-9"/>
      </object_component>
      <object_component id="oc-d5">
         <name>.debug_info</name>
         <load_address>0xe298</load_address>
         <run_address>0xe298</run_address>
         <size>0x725</size>
         <input_file_ref idref="fl-a"/>
      </object_component>
      <object_component id="oc-77">
         <name>.debug_info</name>
         <load_address>0xe9bd</load_address>
         <run_address>0xe9bd</run_address>
         <size>0x592</size>
         <input_file_ref idref="fl-a"/>
      </object_component>
      <object_component id="oc-3b3">
         <name>.debug_info</name>
         <load_address>0xef4f</load_address>
         <run_address>0xef4f</run_address>
         <size>0x682</size>
         <input_file_ref idref="fl-b"/>
      </object_component>
      <object_component id="oc-286">
         <name>.debug_info</name>
         <load_address>0xf5d1</load_address>
         <run_address>0xf5d1</run_address>
         <size>0x566</size>
         <input_file_ref idref="fl-b"/>
      </object_component>
      <object_component id="oc-295">
         <name>.debug_info</name>
         <load_address>0xfb37</load_address>
         <run_address>0xfb37</run_address>
         <size>0x4b3</size>
         <input_file_ref idref="fl-c"/>
      </object_component>
      <object_component id="oc-28f">
         <name>.debug_info</name>
         <load_address>0xffea</load_address>
         <run_address>0xffea</run_address>
         <size>0x107</size>
         <input_file_ref idref="fl-c"/>
      </object_component>
      <object_component id="oc-292">
         <name>.debug_info</name>
         <load_address>0x100f1</load_address>
         <run_address>0x100f1</run_address>
         <size>0x105</size>
         <input_file_ref idref="fl-c"/>
      </object_component>
      <object_component id="oc-28c">
         <name>.debug_info</name>
         <load_address>0x101f6</load_address>
         <run_address>0x101f6</run_address>
         <size>0x109</size>
         <input_file_ref idref="fl-c"/>
      </object_component>
      <object_component id="oc-154">
         <name>.debug_info</name>
         <load_address>0x102ff</load_address>
         <run_address>0x102ff</run_address>
         <size>0x3d30</size>
         <input_file_ref idref="fl-c"/>
      </object_component>
      <object_component id="oc-296">
         <name>.debug_info</name>
         <load_address>0x1402f</load_address>
         <run_address>0x1402f</run_address>
         <size>0x8c</size>
         <input_file_ref idref="fl-c"/>
      </object_component>
      <object_component id="oc-237">
         <name>.debug_info</name>
         <load_address>0x140bb</load_address>
         <run_address>0x140bb</run_address>
         <size>0x6c9</size>
         <input_file_ref idref="fl-f"/>
      </object_component>
      <object_component id="oc-228">
         <name>.debug_info</name>
         <load_address>0x14784</load_address>
         <run_address>0x14784</run_address>
         <size>0x144</size>
         <input_file_ref idref="fl-f"/>
      </object_component>
      <object_component id="oc-225">
         <name>.debug_info</name>
         <load_address>0x148c8</load_address>
         <run_address>0x148c8</run_address>
         <size>0x151</size>
         <input_file_ref idref="fl-f"/>
      </object_component>
      <object_component id="oc-12b">
         <name>.debug_info</name>
         <load_address>0x14a19</load_address>
         <run_address>0x14a19</run_address>
         <size>0x13cf</size>
         <input_file_ref idref="fl-f"/>
      </object_component>
      <object_component id="oc-23d">
         <name>.debug_info</name>
         <load_address>0x15de8</load_address>
         <run_address>0x15de8</run_address>
         <size>0x196</size>
         <input_file_ref idref="fl-f"/>
      </object_component>
      <object_component id="oc-346">
         <name>.debug_info</name>
         <load_address>0x15f7e</load_address>
         <run_address>0x15f7e</run_address>
         <size>0x35</size>
         <input_file_ref idref="fl-f"/>
      </object_component>
      <object_component id="oc-2bb">
         <name>.debug_info</name>
         <load_address>0x15fb3</load_address>
         <run_address>0x15fb3</run_address>
         <size>0x576</size>
         <input_file_ref idref="fl-10"/>
      </object_component>
      <object_component id="oc-2b8">
         <name>.debug_info</name>
         <load_address>0x16529</load_address>
         <run_address>0x16529</run_address>
         <size>0x119</size>
         <input_file_ref idref="fl-10"/>
      </object_component>
      <object_component id="oc-16f">
         <name>.debug_info</name>
         <load_address>0x16642</load_address>
         <run_address>0x16642</run_address>
         <size>0x25b</size>
         <input_file_ref idref="fl-10"/>
      </object_component>
      <object_component id="oc-221">
         <name>.debug_info</name>
         <load_address>0x1689d</load_address>
         <run_address>0x1689d</run_address>
         <size>0x579</size>
         <input_file_ref idref="fl-11"/>
      </object_component>
      <object_component id="oc-21e">
         <name>.debug_info</name>
         <load_address>0x16e16</load_address>
         <run_address>0x16e16</run_address>
         <size>0x10c</size>
         <input_file_ref idref="fl-11"/>
      </object_component>
      <object_component id="oc-11e">
         <name>.debug_info</name>
         <load_address>0x16f22</load_address>
         <run_address>0x16f22</run_address>
         <size>0x1fc</size>
         <input_file_ref idref="fl-11"/>
      </object_component>
      <object_component id="oc-223">
         <name>.debug_info</name>
         <load_address>0x1711e</load_address>
         <run_address>0x1711e</run_address>
         <size>0x575</size>
         <input_file_ref idref="fl-12"/>
      </object_component>
      <object_component id="oc-125">
         <name>.debug_info</name>
         <load_address>0x17693</load_address>
         <run_address>0x17693</run_address>
         <size>0x47b</size>
         <input_file_ref idref="fl-12"/>
      </object_component>
      <object_component id="oc-15c">
         <name>.debug_info</name>
         <load_address>0x17b0e</load_address>
         <run_address>0x17b0e</run_address>
         <size>0x1e9</size>
         <input_file_ref idref="fl-14"/>
      </object_component>
      <object_component id="oc-216">
         <name>.debug_info</name>
         <load_address>0x17cf7</load_address>
         <run_address>0x17cf7</run_address>
         <size>0x63d</size>
         <input_file_ref idref="fl-15"/>
      </object_component>
      <object_component id="oc-f8">
         <name>.debug_info</name>
         <load_address>0x18334</load_address>
         <run_address>0x18334</run_address>
         <size>0x113</size>
         <input_file_ref idref="fl-15"/>
      </object_component>
      <object_component id="oc-f5">
         <name>.debug_info</name>
         <load_address>0x18447</load_address>
         <run_address>0x18447</run_address>
         <size>0x11f</size>
         <input_file_ref idref="fl-15"/>
      </object_component>
      <object_component id="oc-7b">
         <name>.debug_info</name>
         <load_address>0x18566</load_address>
         <run_address>0x18566</run_address>
         <size>0x282</size>
         <input_file_ref idref="fl-15"/>
      </object_component>
      <object_component id="oc-160">
         <name>.debug_info</name>
         <load_address>0x187e8</load_address>
         <run_address>0x187e8</run_address>
         <size>0x28a</size>
         <input_file_ref idref="fl-16"/>
      </object_component>
      <object_component id="oc-27d">
         <name>.debug_info</name>
         <load_address>0x18a72</load_address>
         <run_address>0x18a72</run_address>
         <size>0x333</size>
         <input_file_ref idref="fl-d1"/>
      </object_component>
      <object_component id="oc-14b">
         <name>.debug_info</name>
         <load_address>0x18da5</load_address>
         <run_address>0x18da5</run_address>
         <size>0x1d1</size>
         <input_file_ref idref="fl-d1"/>
      </object_component>
      <object_component id="oc-272">
         <name>.debug_info</name>
         <load_address>0x18f76</load_address>
         <run_address>0x18f76</run_address>
         <size>0x18d</size>
         <input_file_ref idref="fl-d1"/>
      </object_component>
      <object_component id="oc-27a">
         <name>.debug_info</name>
         <load_address>0x19103</load_address>
         <run_address>0x19103</run_address>
         <size>0x16d</size>
         <input_file_ref idref="fl-d1"/>
      </object_component>
      <object_component id="oc-4bc">
         <name>.debug_info</name>
         <load_address>0x19270</load_address>
         <run_address>0x19270</run_address>
         <size>0x2c</size>
         <input_file_ref idref="fl-d1"/>
      </object_component>
      <object_component id="oc-39">
         <name>.debug_info</name>
         <load_address>0x1929c</load_address>
         <run_address>0x1929c</run_address>
         <size>0x119</size>
         <input_file_ref idref="fl-d2"/>
      </object_component>
      <object_component id="oc-98">
         <name>.debug_info</name>
         <load_address>0x193b5</load_address>
         <run_address>0x193b5</run_address>
         <size>0x2d4</size>
         <input_file_ref idref="fl-d3"/>
      </object_component>
      <object_component id="oc-4c">
         <name>.debug_info</name>
         <load_address>0x19689</load_address>
         <run_address>0x19689</run_address>
         <size>0x1b5</size>
         <input_file_ref idref="fl-d3"/>
      </object_component>
      <object_component id="oc-93">
         <name>.debug_info</name>
         <load_address>0x1983e</load_address>
         <run_address>0x1983e</run_address>
         <size>0x46</size>
         <input_file_ref idref="fl-d3"/>
      </object_component>
      <object_component id="oc-42">
         <name>.debug_info</name>
         <load_address>0x19884</load_address>
         <run_address>0x19884</run_address>
         <size>0x2a8</size>
         <input_file_ref idref="fl-d4"/>
      </object_component>
      <object_component id="oc-21">
         <name>.debug_info</name>
         <load_address>0x19b2c</load_address>
         <run_address>0x19b2c</run_address>
         <size>0x1ea</size>
         <input_file_ref idref="fl-d4"/>
      </object_component>
      <object_component id="oc-3d">
         <name>.debug_info</name>
         <load_address>0x19d16</load_address>
         <run_address>0x19d16</run_address>
         <size>0x46</size>
         <input_file_ref idref="fl-d4"/>
      </object_component>
      <object_component id="oc-8b">
         <name>.debug_info</name>
         <load_address>0x19d5c</load_address>
         <run_address>0x19d5c</run_address>
         <size>0x2c</size>
         <input_file_ref idref="fl-d4"/>
      </object_component>
      <object_component id="oc-89">
         <name>.debug_info</name>
         <load_address>0x19d88</load_address>
         <run_address>0x19d88</run_address>
         <size>0x29e</size>
         <input_file_ref idref="fl-d5"/>
      </object_component>
      <object_component id="oc-1a">
         <name>.debug_info</name>
         <load_address>0x1a026</load_address>
         <run_address>0x1a026</run_address>
         <size>0x250</size>
         <input_file_ref idref="fl-d5"/>
      </object_component>
      <object_component id="oc-2d">
         <name>.debug_info</name>
         <load_address>0x1a276</load_address>
         <run_address>0x1a276</run_address>
         <size>0x60</size>
         <input_file_ref idref="fl-d5"/>
      </object_component>
      <object_component id="oc-107">
         <name>.debug_info</name>
         <load_address>0x1a2d6</load_address>
         <run_address>0x1a2d6</run_address>
         <size>0x46</size>
         <input_file_ref idref="fl-d5"/>
      </object_component>
      <object_component id="oc-84">
         <name>.debug_info</name>
         <load_address>0x1a31c</load_address>
         <run_address>0x1a31c</run_address>
         <size>0x39</size>
         <input_file_ref idref="fl-d5"/>
      </object_component>
      <object_component id="oc-33e">
         <name>.debug_info</name>
         <load_address>0x1a355</load_address>
         <run_address>0x1a355</run_address>
         <size>0x2e1</size>
         <input_file_ref idref="fl-d6"/>
      </object_component>
      <object_component id="oc-33b">
         <name>.debug_info</name>
         <load_address>0x1a636</load_address>
         <run_address>0x1a636</run_address>
         <size>0x107</size>
         <input_file_ref idref="fl-d6"/>
      </object_component>
      <object_component id="oc-231">
         <name>.debug_info</name>
         <load_address>0x1a73d</load_address>
         <run_address>0x1a73d</run_address>
         <size>0x1cc</size>
         <input_file_ref idref="fl-d6"/>
      </object_component>
      <object_component id="oc-33f">
         <name>.debug_info</name>
         <load_address>0x1a909</load_address>
         <run_address>0x1a909</run_address>
         <size>0x162</size>
         <input_file_ref idref="fl-d6"/>
      </object_component>
      <object_component id="oc-408">
         <name>.debug_info</name>
         <load_address>0x1aa6b</load_address>
         <run_address>0x1aa6b</run_address>
         <size>0x39</size>
         <input_file_ref idref="fl-d6"/>
      </object_component>
      <object_component id="oc-41e">
         <name>.debug_info</name>
         <load_address>0x1aaa4</load_address>
         <run_address>0x1aaa4</run_address>
         <size>0x2ff</size>
         <input_file_ref idref="fl-d7"/>
      </object_component>
      <object_component id="oc-41b">
         <name>.debug_info</name>
         <load_address>0x1ada3</load_address>
         <run_address>0x1ada3</run_address>
[...]
      </symbol>
      <symbol id="sm-754">
         <name>__mktime32</name>
         <value>0x4ebd</value>
         <object_component_ref idref="oc-331"/>
      </symbol>
      <symbol id="sm-764">
         <name>strncmp</name>
         <value>0x7fe1</value>
         <object_component_ref idref="oc-165"/>
      </symbol>
      <symbol id="sm-774">
         <name>_tz</name>
         <value>0x20000ba4</value>
         <object_component_ref idref="oc-337"/>
      </symbol>
      <symbol id="sm-787">
         <name>__stack</name>
         <value>0x2000fe00</value>
         <object_component_ref idref="oc-29"/>
      </symbol>
      <symbol id="sm-788">
         <name>_c_int00_noargs</name>
         <value>0x7ef1</value>
         <object_component_ref idref="oc-55"/>
      </symbol>
      <symbol id="sm-79b">
         <name>__time32</name>
         <value>0x8183</value>
         <object_component_ref idref="oc-22a"/>
      </symbol>
      <symbol id="sm-79c">
         <name>time</name>
         <value>0x8183</value>
         <object_component_ref idref="oc-22a"/>
      </symbol>
      <symbol id="sm-901">
         <name>__TI_printfi</name>
         <value>0x3199</value>
         <object_component_ref idref="oc-26a"/>
      </symbol>
      <symbol id="sm-921">
         <name>frexpl</name>
         <value>0x78c9</value>
         <object_component_ref idref="oc-499"/>
      </symbol>
      <symbol id="sm-922">
         <name>frexp</name>
         <value>0x78c9</value>
         <object_component_ref idref="oc-499"/>
      </symbol>
      <symbol id="sm-93f">
         <name>scalbn</name>
         <value>0x6911</value>
         <object_component_ref idref="oc-49f"/>
      </symbol>
      <symbol id="sm-940">
         <name>scalbnl</name>
         <value>0x6911</value>
         <object_component_ref idref="oc-49f"/>
      </symbol>
      <symbol id="sm-941">
         <name>ldexpl</name>
         <value>0x6911</value>
         <object_component_ref idref="oc-49f"/>
      </symbol>
      <symbol id="sm-942">
         <name>ldexp</name>
         <value>0x6911</value>
         <object_component_ref idref="oc-49f"/>
      </symbol>
      <symbol id="sm-95b">
         <name>wcslen</name>
         <value>0x8121</value>
         <object_component_ref idref="oc-394"/>
      </symbol>
      <symbol id="sm-972">
         <name>__aeabi_dsub</name>
         <value>0x5c3d</value>
         <object_component_ref idref="oc-479"/>
      </symbol>
      <symbol id="sm-973">
         <name>__aeabi_dadd</name>
         <value>0x5c47</value>
         <object_component_ref idref="oc-479"/>
      </symbol>
      <symbol id="sm-995">
         <name>__aeabi_cdcmpeq</name>
         <value>0x7435</value>
         <object_component_ref idref="oc-371"/>
      </symbol>
      <symbol id="sm-996">
         <name>__aeabi_cdcmple</name>
         <value>0x7435</value>
         <object_component_ref idref="oc-371"/>
      </symbol>
      <symbol id="sm-997">
         <name>__aeabi_cdrcmple</name>
         <value>0x74bb</value>
         <object_component_ref idref="oc-464"/>
      </symbol>
      <symbol id="sm-9ab">
         <name>__aeabi_ddiv</name>
         <value>0x6209</value>
         <object_component_ref idref="oc-45f"/>
      </symbol>
      <symbol id="sm-9b6">
         <name>__aeabi_dmul</name>
         <value>0x6d25</value>
         <object_component_ref idref="oc-45a"/>
      </symbol>
      <symbol id="sm-9c0">
         <name>__aeabi_d2iz</name>
         <value>0x7cc5</value>
         <object_component_ref idref="oc-469"/>
      </symbol>
      <symbol id="sm-9ca">
         <name>__aeabi_i2d</name>
         <value>0x7f85</value>
         <object_component_ref idref="oc-474"/>
      </symbol>
      <symbol id="sm-9d9">
         <name>__aeabi_uidivmod</name>
         <value>0x7d91</value>
         <object_component_ref idref="oc-32c"/>
      </symbol>
      <symbol id="sm-9da">
         <name>__aeabi_uidiv</name>
         <value>0x7d91</value>
         <object_component_ref idref="oc-32c"/>
      </symbol>
      <symbol id="sm-9e8">
         <name>__aeabi_ldivmod</name>
         <value>0x7729</value>
         <object_component_ref idref="oc-415"/>
      </symbol>
      <symbol id="sm-9f5">
         <name>__aeabi_uldivmod</name>
         <value>0x7283</value>
         <object_component_ref idref="oc-453"/>
      </symbol>
      <symbol id="sm-a04">
         <name>__aeabi_memset</name>
         <value>0x7643</value>
         <object_component_ref idref="oc-99"/>
      </symbol>
      <symbol id="sm-a05">
         <name>memset</name>
         <value>0x7649</value>
         <object_component_ref idref="oc-99"/>
      </symbol>
      <symbol id="sm-a06">
         <name>__aeabi_memset8</name>
         <value>0x7643</value>
         <object_component_ref idref="oc-99"/>
      </symbol>
      <symbol id="sm-a07">
         <name>__aeabi_memset4</name>
         <value>0x7643</value>
         <object_component_ref idref="oc-99"/>
      </symbol>
      <symbol id="sm-a08">
         <name>__aeabi_memclr8</name>
         <value>0x7641</value>
         <object_component_ref idref="oc-99"/>
      </symbol>
      <symbol id="sm-a09">
         <name>__aeabi_memclr4</name>
         <value>0x7641</value>
         <object_component_ref idref="oc-99"/>
      </symbol>
      <symbol id="sm-a0a">
         <name>__aeabi_memclr</name>
         <value>0x7641</value>
         <object_component_ref idref="oc-99"/>
      </symbol>
      <symbol id="sm-a32">
         <name>__TI_auto_init_nobinit_nopinit</name>
         <value>0x7d0d</value>
         <object_component_ref idref="oc-19e"/>
      </symbol>
      <symbol id="sm-a3c">
         <name>_system_pre_init</name>
         <value>0x81dd</value>
         <object_component_ref idref="oc-9f"/>
      </symbol>
      <symbol id="sm-a48">
         <name>C$$EXIT</name>
         <value>0x81e1</value>
         <object_component_ref idref="oc-192"/>
      </symbol>
      <symbol id="sm-a49">
         <name>abort</name>
         <value>0x81e1</value>
         <object_component_ref idref="oc-192"/>
      </symbol>
      <symbol id="sm-a5e">
         <name>_nop</name>
         <value>0x3197</value>
         <object_component_ref idref="oc-3d1"/>
      </symbol>
      <symbol id="sm-a5f">
         <name>_lock</name>
         <value>0x20000bb4</value>
         <object_component_ref idref="oc-2d7"/>
      </symbol>
      <symbol id="sm-a60">
         <name>_unlock</name>
         <value>0x20000bb8</value>
         <object_component_ref idref="oc-2d7"/>
      </symbol>
      <symbol id="sm-a6f">
         <name>__TI_ltoa</name>
         <value>0x7b41</value>
         <object_component_ref idref="oc-46e"/>
      </symbol>
      <symbol id="sm-a86">
         <name>atoi</name>
         <value>0x7be9</value>
         <object_component_ref idref="oc-365"/>
      </symbol>
      <symbol id="sm-a91">
         <name>_ctypes_</name>
         <value>0x81e4</value>
         <object_component_ref idref="oc-44e"/>
      </symbol>
      <symbol id="sm-aa1">
         <name>memccpy</name>
         <value>0x807b</value>
         <object_component_ref idref="oc-38e"/>
      </symbol>
      <symbol id="sm-ab1">
         <name>strchr</name>
         <value>0x80e1</value>
         <object_component_ref idref="oc-4a5"/>
      </symbol>
      <symbol id="sm-abf">
         <name>strlen</name>
         <value>0x810d</value>
         <object_component_ref idref="oc-35f"/>
      </symbol>
      <symbol id="sm-ad5">
         <name>__aeabi_errno_addr</name>
         <value>0x81d1</value>
         <object_component_ref idref="oc-39a"/>
      </symbol>
      <symbol id="sm-ad6">
         <name>errno</name>
         <value>0x20000bc4</value>
         <object_component_ref idref="oc-4b5"/>
      </symbol>
      <symbol id="sm-aee">
         <name>HOSTtime</name>
         <value>0x7c7d</value>
         <object_component_ref idref="oc-31f"/>
      </symbol>
      <symbol id="sm-b12">
         <name>__TI_readmsg</name>
         <value>0x7ebd</value>
         <object_component_ref idref="oc-3f9"/>
      </symbol>
      <symbol id="sm-b13">
         <name>C$$IO$$</name>
         <value>0x7e7f</value>
         <object_component_ref idref="oc-3f3"/>
      </symbol>
      <symbol id="sm-b14">
         <name>__CIOBUF_</name>
         <value>0x200008ac</value>
         <object_component_ref idref="oc-505"/>
      </symbol>
      <symbol id="sm-b15">
         <name>__TI_writemsg</name>
         <value>0x7e51</value>
         <object_component_ref idref="oc-3f3"/>
      </symbol>
      <symbol id="sm-b1f">
         <name>copysign</name>
         <value>0x8097</value>
         <object_component_ref idref="oc-538"/>
      </symbol>
      <symbol id="sm-b20">
         <name>copysignl</name>
         <value>0x8097</value>
         <object_component_ref idref="oc-538"/>
      </symbol>
      <symbol id="sm-b2a">
         <name>__aeabi_idiv0</name>
         <value>0x3be7</value>
         <object_component_ref idref="oc-40f"/>
      </symbol>
      <symbol id="sm-b2b">
         <name>__aeabi_ldiv0</name>
         <value>0x3be7</value>
         <object_component_ref idref="oc-40f"/>
      </symbol>
      <symbol id="sm-b31">
         <name>parmbuf</name>
         <value>0x20000af1</value>
      </symbol>
      <symbol id="sm-b92">
         <name>CS_setDCOCenteredFrequency</name>
         <value>0x7e89</value>
         <object_component_ref idref="oc-24e"/>
      </symbol>
      <symbol id="sm-b93">
         <name>CS_setReferenceOscillatorFrequency</name>
         <value>0x7f25</value>
         <object_component_ref idref="oc-29b"/>
      </symbol>
      <symbol id="sm-b94">
         <name>CS_initClockSignal</name>
         <value>0x6475</value>
         <object_component_ref idref="oc-2a1"/>
      </symbol>
      <symbol id="sm-ba3">
         <name>FlashCtl_setWaitState</name>
         <value>0x7c35</value>
         <object_component_ref idref="oc-242"/>
      </symbol>
      <symbol id="sm-bbe">
         <name>GPIO_setAsPeripheralModuleFunctionOutputPin</name>
         <value>0x73ad</value>
         <object_component_ref idref="oc-2ad"/>
      </symbol>
      <symbol id="sm-bc9">
         <name>Interrupt_enableMaster</name>
         <value>0x8133</value>
         <object_component_ref idref="oc-141"/>
      </symbol>
      <symbol id="sm-cb6">
         <name>PCM_setCoreVoltageLevel</name>
         <value>0x8153</value>
         <object_component_ref idref="oc-248"/>
      </symbol>
      <symbol id="sm-cb7">
         <name>PCM_getCoreVoltageLevel</name>
         <value>0x792d</value>
         <object_component_ref idref="oc-431"/>
      </symbol>
      <symbol id="sm-cb8">
         <name>PCM_shutdownDevice</name>
         <value>0x7aed</value>
         <object_component_ref idref="oc-4e5"/>
      </symbol>
      <symbol id="sm-cb9">
         <name>PCM_setPowerState</name>
         <value>0x8173</value>
         <object_component_ref idref="oc-2a7"/>
      </symbol>
      <symbol id="sm-cba">
         <name>PCM_getPowerMode</name>
         <value>0x79e9</value>
         <object_component_ref idref="oc-42b"/>
      </symbol>
      <symbol id="sm-cbb">
         <name>PCM_getPowerState</name>
         <value>0x80f9</value>
         <object_component_ref idref="oc-437"/>
      </symbol>
      <symbol id="sm-cbc">
         <name>PCM_gotoLPM4</name>
         <value>0x8143</value>
         <object_component_ref idref="oc-4df"/>
      </symbol>
      <symbol id="sm-cbd">
         <name>PCM_gotoLPM3</name>
         <value>0x7541</value>
         <object_component_ref idref="oc-4d9"/>
      </symbol>
      <symbol id="sm-cbe">
         <name>PCM_gotoLPM0</name>
         <value>0x800d</value>
         <object_component_ref idref="oc-4d3"/>
      </symbol>
      <symbol id="sm-cbf">
         <name>PCM_setPowerMode</name>
         <value>0x8163</value>
         <object_component_ref idref="oc-43d"/>
      </symbol>
      <symbol id="sm-d0f">
         <name>RTC_C_getCalendarTime</name>
         <value>0x75c5</value>
         <object_component_ref idref="oc-e8"/>
      </symbol>
      <symbol id="sm-d10">
         <name>RTC_C_getInterruptStatus</name>
         <value>0x798d</value>
         <object_component_ref idref="oc-20d"/>
      </symbol>
      <symbol id="sm-d11">
         <name>RTC_C_holdClock</name>
         <value>0x7fb5</value>
         <object_component_ref idref="oc-563"/>
      </symbol>
      <symbol id="sm-d12">
         <name>RTC_C_getEnabledInterruptStatus</name>
         <value>0x7319</value>
         <object_component_ref idref="oc-ee"/>
      </symbol>
      <symbol id="sm-d13">
         <name>RTC_C_enableInterrupt</name>
         <value>0x7801</value>
         <object_component_ref idref="oc-e2"/>
      </symbol>
      <symbol id="sm-d38">
         <name>SPI_initMaster</name>
         <value>0x7137</value>
         <object_component_ref idref="oc-255"/>
      </symbol>
      <symbol id="sm-d72">
         <name>UART_getEnabledInterruptStatus</name>
         <value>0x7865</value>
         <object_component_ref idref="oc-ce"/>
      </symbol>
      <symbol id="sm-d73">
         <name>UART_getInterruptStatus</name>
         <value>0x80b1</value>
         <object_component_ref idref="oc-1f3"/>
      </symbol>
      <symbol id="sm-d74">
         <name>UART_initModule</name>
         <value>0x67f5</value>
         <object_component_ref idref="oc-c8"/>
      </symbol>
      <symbol id="sm-d80">
         <name>WDT_A_holdTimer</name>
         <value>0x8035</value>
         <object_component_ref idref="oc-55d"/>
      </symbol>
      <symbol id="sm-d92">
         <name>CPU_wfi</name>
         <value>0x81d9</value>
         <object_component_ref idref="oc-555"/>
      </symbol>
      <symbol id="sm-d93">
         <name>CPU_cpsie</name>
         <value>0x81ad</value>
         <object_component_ref idref="oc-263"/>
      </symbol>
      <symbol id="sm-d94">
         <name>__TI_static_base__</name>
         <value>0x0</value>
      </symbol>
      <symbol id="sm-d97">
         <name>__mpu_init</name>
         <value>0x0</value>
      </symbol>
      <symbol id="sm-d98">
         <name>_system_post_cinit</name>
         <value>0x0</value>
      </symbol>
      <symbol id="sm-d99">
         <name>NMI_Handler</name>
         <value>0x81ab</value>
      </symbol>
      <symbol id="sm-d9a">
         <name>HardFault_Handler</name>
         <value>0x81ab</value>
      </symbol>
      <symbol id="sm-d9b">
         <name>MemManage_Handler</name>
         <value>0x81ab</value>
      </symbol>
      <symbol id="sm-d9c">
         <name>BusFault_Handler</name>
         <value>0x81ab</value>
      </symbol>
      <symbol id="sm-d9d">
         <name>UsageFault_Handler</name>
         <value>0x81ab</value>
      </symbol>
      <symbol id="sm-d9e">
         <name>SVC_Handler</name>
         <value>0x81ab</value>
      </symbol>
      <symbol id="sm-d9f">
         <name>DebugMon_Handler</name>
         <value>0x81ab</value>
      </symbol>
      <symbol id="sm-da0">
         <name>PendSV_Handler</name>
         <value>0x81ab</value>
      </symbol>
      <symbol id="sm-da1">
         <name>SysTick_Handler</name>
         <value>0x81ab</value>
      </symbol>
      <symbol id="sm-da2">
         <name>PSS_IRQHandler</name>
         <value>0x81ab</value>
      </symbol>
      <symbol id="sm-da3">
         <name>CS_IRQHandler</name>
         <value>0x81ab</value>
      </symbol>
      <symbol id="sm-da4">
         <name>PCM_IRQHandler</name>
         <value>0x81ab</value>
      </symbol>
      <symbol id="sm-da5">
         <name>WDT_A_IRQHandler</name>
         <value>0x81ab</value>
      </symbol>
      <symbol id="sm-da6">
         <name>FPU_IRQHandler</name>
         <value>0x81ab</value>
      </symbol>
      <symbol id="sm-da7">
         <name>FLCTL_IRQHandler</name>
         <value>0x81ab</value>
      </symbol>
      <symbol id="sm-da8">
         <name>COMP_E0_IRQHandler</name>
         <value>0x81ab</value>
      </symbol>
      <symbol id="sm-da9">
         <name>COMP_E1_IRQHandler</name>
         <value>0x81ab</value>
      </symbol>
      <symbol id="sm-daa">
         <name>TA0_0_IRQHandler</name>
         <value>0x6ce3</value>
      </symbol>
      <symbol id="sm-dab">
         <name>TA0_N_IRQHandler</name>
         <value>0x81ab</value>
      </symbol>
      <symbol id="sm-dac">
         <name>TA1_0_IRQHandler</name>
         <value>0x6cf3</value>
      </symbol>
      <symbol id="sm-dad">
         <name>TA1_N_IRQHandler</name>
         <value>0x81ab</value>
      </symbol>
      <symbol id="sm-dae">
         <name>TA2_0_IRQHandler</name>
         <value>0x81ab</value>
      </symbol>
      <symbol id="sm-daf">
         <name>TA2_N_IRQHandler</name>
         <value>0x81ab</value>
      </symbol>
      <symbol id="sm-db0">
         <name>TA3_0_IRQHandler</name>
         <value>0x81ab</value>
      </symbol>
      <symbol id="sm-db1">
         <name>TA3_N_IRQHandler</name>
         <value>0x81ab</value>
      </symbol>
      <symbol id="sm-db2">
         <name>EUSCIA0_IRQHandler</name>
         <value>0x4db9</value>
      </symbol>
      <symbol id="sm-db3">
         <name>EUSCIA1_IRQHandler</name>
         <value>0x81ab</value>
      </symbol>
      <symbol id="sm-db4">
         <name>EUSCIA2_IRQHandler</name>
         <value>0x4e2d</value>
      </symbol>
      <symbol id="sm-db5">
         <name>EUSCIA3_IRQHandler</name>
         <value>0x81ab</value>
      </symbol>
      <symbol id="sm-db6">
         <name>EUSCIB0_IRQHandler</name>
         <value>0x81ab</value>
      </symbol>
      <symbol id="sm-db7">
         <name>EUSCIB1_IRQHandler</name>
         <value>0x81ab</value>
      </symbol>
      <symbol id="sm-db8">
         <name>EUSCIB2_IRQHandler</name>
         <value>0x81ab</value>
      </symbol>
      <symbol id="sm-db9">
         <name>EUSCIB3_IRQHandler</name>
         <value>0x81ab</value>
      </symbol>
      <symbol id="sm-dba">
         <name>ADC14_IRQHandler</name>
         <value>0x81ab</value>
      </symbol>
      <symbol id="sm-dbb">
         <name>T32_INT1_IRQHandler</name>
         <value>0x81ab</value>
      </symbol>
      <symbol id="sm-dbc">
         <name>T32_INT2_IRQHandler</name>
         <value>0x81ab</value>
      </symbol>
      <symbol id="sm-dbd">
         <name>T32_INTC_IRQHandler</name>
         <value>0x81ab</value>
      </symbol>
      <symbol id="sm-dbe">
         <name>AES256_IRQHandler</name>
         <value>0x81ab</value>
      </symbol>
      <symbol id="sm-dbf">
         <name>RTC_C_IRQHandler</name>
         <value>0x6f5f</value>
      </symbol>
      <symbol id="sm-dc0">
         <name>DMA_ERR_IRQHandler</name>
         <value>0x81ab</value>
      </symbol>
      <symbol id="sm-dc1">
         <name>DMA_INT3_IRQHandler</name>
         <value>0x81ab</value>
      </symbol>
      <symbol id="sm-dc2">
         <name>DMA_INT2_IRQHandler</name>
         <value>0x81ab</value>
      </symbol>
      <symbol id="sm-dc3">
         <name>DMA_INT1_IRQHandler</name>
         <value>0x81ab</value>
      </symbol>
      <symbol id="sm-dc4">
         <name>DMA_INT0_IRQHandler</name>
         <value>0x81ab</value>
      </symbol>
      <symbol id="sm-dc5">
         <name>PORT1_IRQHandler</name>
         <value>0x81ab</value>
      </symbol>
      <symbol id="sm-dc6">
         <name>PORT2_IRQHandler</name>
         <value>0x81ab</value>
      </symbol>
      <symbol id="sm-dc7">
         <name>PORT3_IRQHandler</name>
         <value>0x81ab</value>
      </symbol>
      <symbol id="sm-dc8">
         <name>PORT4_IRQHandler</name>
         <value>0x81ab</value>
      </symbol>
      <symbol id="sm-dc9">
         <name>PORT5_IRQHandler</name>
         <value>0x81ab</value>
      </symbol>
      <symbol id="sm-dca">
         <name>PORT6_IRQHandler</name>
         <value>0x81ab</value>
      </symbol>
   </symbol_table>
   <title>Link successful</title>
</link_info>
