<?xml version="1.0" encoding="ISO-8859-1" ?>
<link_info>
   <banner>TI ARM Linker PC v20.2.5.LTS</banner>
   <copyright>Copyright (c) 1996-2018 Texas Instruments Incorporated</copyright>
   <link_time>0x62672888</link_time>
   <link_errors>0x0</link_errors>
   <output_file>SD_FATFS.out</output_file>
   <entry_point>
      <name>_c_int00_noargs</name>
      <address>0x806d</address>
   </entry_point>
   <input_file_list>
      <input_file id="fl-2">
         <path>.\</path>
         <kind>object</kind>
         <file>main.obj</file>
         <name>main.obj</name>
      </input_file>
      <input_file id="fl-3">
         <path>.\</path>
         <kind>object</kind>
         <file>startup_msp432p401r_ccs.obj</file>
         <name>startup_msp432p401r_ccs.obj</name>
      </input_file>
      <input_file id="fl-4">
         <path>.\</path>
         <kind>object</kind>
         <file>system_msp432p401r.obj</file>
         <name>system_msp432p401r.obj</name>
      </input_file>
      <input_file id="fl-5">
         <path>.\Devices\</path>
         <kind>object</kind>
         <file>MSPIO.obj</file>
         <name>MSPIO.obj</name>
      </input_file>
      <input_file id="fl-6">
         <path>.\Hardware\</path>
         <kind>object</kind>
         <file>CS_Driver.obj</file>
         <name>CS_Driver.obj</name>
      </input_file>
      <input_file id="fl-7">
         <path>.\Hardware\</path>
         <kind>object</kind>
         <file>GPIO_Driver.obj</file>
         <name>GPIO_Driver.obj</name>
      </input_file>
      <input_file id="fl-8">
         <path>.\Hardware\</path>
         <kind>object</kind>
         <file>SPI_Driver.obj</file>
         <name>SPI_Driver.obj</name>
      </input_file>
      <input_file id="fl-9">
         <path>.\Hardware\</path>
         <kind>object</kind>
         <file>TIMERA_Driver.obj</file>
         <name>TIMERA_Driver.obj</name>
      </input_file>
      <input_file id="fl-a">
         <path>.\Hardware\</path>
         <kind>object</kind>
         <file>UART_Driver.obj</file>
         <name>UART_Driver.obj</name>
      </input_file>
      <input_file id="fl-b">
         <path>.\fatfs\</path>
         <kind>object</kind>
         <file>diskio.obj</file>
         <name>diskio.obj</name>
      </input_file>
      <input_file id="fl-c">
         <path>.\fatfs\</path>
         <kind>object</kind>
         <file>ff.obj</file>
         <name>ff.obj</name>
      </input_file>
      <input_file id="fl-d">
         <path>.\fatfs\</path>
         <kind>object</kind>
         <file>ffsystem.obj</file>
         <name>ffsystem.obj</name>
      </input_file>
      <input_file id="fl-e">
         <path>.\fatfs\</path>
         <kind>object</kind>
         <file>ffunicode.obj</file>
         <name>ffunicode.obj</name>
      </input_file>
      <input_file id="fl-f">
         <path>.\fatfs\</path>
         <kind>object</kind>
         <file>mmc_MSP432P401r.obj</file>
         <name>mmc_MSP432P401r.obj</name>
      </input_file>
      <input_file id="fl-10">
         <path>.\src\</path>
         <kind>object</kind>
         <file>buzzer.obj</file>
         <name>buzzer.obj</name>
      </input_file>
      <input_file id="fl-11">
         <path>.\src\</path>
         <kind>object</kind>
         <file>delay.obj</file>
         <name>delay.obj</name>
      </input_file>
      <input_file id="fl-12">
         <path>.\src\</path>
         <kind>object</kind>
         <file>keypad.obj</file>
         <name>keypad.obj</name>
      </input_file>
      <input_file id="fl-13">
         <path>.\src\</path>
         <kind>object</kind>
         <file>lcd.obj</file>
         <name>lcd.obj</name>
      </input_file>
      <input_file id="fl-14">
         <path>.\src\</path>
         <kind>object</kind>
         <file>lcdLib.obj</file>
         <name>lcdLib.obj</name>
      </input_file>
      <input_file id="fl-15">
         <path>.\src\</path>
         <kind>object</kind>
         <file>mode.obj</file>
         <name>mode.obj</name>
      </input_file>
      <input_file id="fl-16">
         <path>.\src\</path>
         <kind>object</kind>
         <file>mpu.obj</file>
         <name>mpu.obj</name>
      </input_file>
      <input_file id="fl-17">
         <path>.\src\</path>
         <kind>object</kind>
         <file>my_file_func.obj</file>
         <name>my_file_func.obj</name>
      </input_file>
      <input_file id="fl-18">
         <path>.\src\</path>
         <kind>object</kind>
         <file>port.obj</file>
         <name>port.obj</name>
      </input_file>
      <input_file id="fl-19">
         <path>.\src\</path>
         <kind>object</kind>
         <file>pwm.obj</file>
         <name>pwm.obj</name>
      </input_file>
      <input_file id="fl-1a">
         <path>.\src\</path>
         <kind>object</kind>
         <file>rtc.obj</file>
         <name>rtc.obj</name>
      </input_file>
      <input_file id="fl-1b">
         <path>.\src\</path>
         <kind>object</kind>
         <file>sd_card.obj</file>
         <name>sd_card.obj</name>
      </input_file>
      <input_file id="fl-1c">
         <path>.\src\</path>
         <kind>object</kind>
         <file>sw420.obj</file>
         <name>sw420.obj</name>
      </input_file>
      <input_file id="fl-1d">
         <path>.\src\</path>
         <kind>object</kind>
         <file>test.obj</file>
         <name>test.obj</name>
      </input_file>
      <input_file id="fl-1e">
         <path>.\src\</path>
         <kind>object</kind>
         <file>ti_drivers_config.obj</file>
         <name>ti_drivers_config.obj</name>
      </input_file>
      <input_file id="fl-23">
         <kind>object</kind>
         <file>&lt;internal&gt;</file>
         <name>&lt;internal&gt;</name>
      </input_file>
      <input_file id="fl-d9">
         <path>C:\ti\ccs1110\ccs\tools\compiler\ti-cgt-arm_20.2.5.LTS\lib\</path>
         <kind>archive</kind>
         <file>rtsv7M4_T_le_v4SPD16_eabi.lib</file>
         <name>printf.c.obj</name>
      </input_file>
      <input_file id="fl-da">
         <path>C:\ti\ccs1110\ccs\tools\compiler\ti-cgt-arm_20.2.5.LTS\lib\</path>
         <kind>archive</kind>
         <file>rtsv7M4_T_le_v4SPD16_eabi.lib</file>
         <name>_printfi.c.obj</name>
      </input_file>
      <input_file id="fl-db">
         <path>C:\ti\ccs1110\ccs\tools\compiler\ti-cgt-arm_20.2.5.LTS\lib\</path>
         <kind>archive</kind>
         <file>rtsv7M4_T_le_v4SPD16_eabi.lib</file>
         <name>sprintf.c.obj</name>
      </input_file>
      <input_file id="fl-dc">
         <path>C:\ti\ccs1110\ccs\tools\compiler\ti-cgt-arm_20.2.5.LTS\lib\</path>
         <kind>archive</kind>
         <file>rtsv7M4_T_le_v4SPD16_eabi.lib</file>
         <name>fputc.c.obj</name>
      </input_file>
      <input_file id="fl-dd">
         <path>C:\ti\ccs1110\ccs\tools\compiler\ti-cgt-arm_20.2.5.LTS\lib\</path>
         <kind>archive</kind>
         <file>rtsv7M4_T_le_v4SPD16_eabi.lib</file>
         <name>fputs.c.obj</name>
      </input_file>
      <input_file id="fl-de">
         <path>C:\ti\ccs1110\ccs\tools\compiler\ti-cgt-arm_20.2.5.LTS\lib\</path>
         <kind>archive</kind>
         <file>rtsv7M4_T_le_v4SPD16_eabi.lib</file>
         <name>_io_perm.c.obj</name>
      </input_file>
      <input_file id="fl-df">
         <path>C:\ti\ccs1110\ccs\tools\compiler\ti-cgt-arm_20.2.5.LTS\lib\</path>
         <kind>archive</kind>
         <file>rtsv7M4_T_le_v4SPD16_eabi.lib</file>
         <name>setvbuf.c.obj</name>
      </input_file>
      <input_file id="fl-e0">
         <path>C:\ti\ccs1110\ccs\tools\compiler\ti-cgt-arm_20.2.5.LTS\lib\</path>
         <kind>archive</kind>
         <file>rtsv7M4_T_le_v4SPD16_eabi.lib</file>
         <name>s_frexp.c.obj</name>
      </input_file>
      <input_file id="fl-e1">
         <path>C:\ti\ccs1110\ccs\tools\compiler\ti-cgt-arm_20.2.5.LTS\lib\</path>
         <kind>archive</kind>
         <file>rtsv7M4_T_le_v4SPD16_eabi.lib</file>
         <name>s_scalbn.c.obj</name>
      </input_file>
      <input_file id="fl-e2">
         <path>C:\ti\ccs1110\ccs\tools\compiler\ti-cgt-arm_20.2.5.LTS\lib\</path>
         <kind>archive</kind>
         <file>rtsv7M4_T_le_v4SPD16_eabi.lib</file>
         <name>wcslen.c.obj</name>
      </input_file>
      <input_file id="fl-e3">
         <path>C:\ti\ccs1110\ccs\tools\compiler\ti-cgt-arm_20.2.5.LTS\lib\</path>
         <kind>archive</kind>
         <file>rtsv7M4_T_le_v4SPD16_eabi.lib</file>
         <name>fd_add_t2.asm.obj</name>
      </input_file>
      <input_file id="fl-e4">
         <path>C:\ti\ccs1110\ccs\tools\compiler\ti-cgt-arm_20.2.5.LTS\lib\</path>
         <kind>archive</kind>
         <file>rtsv7M4_T_le_v4SPD16_eabi.lib</file>
         <name>fd_cmp_t2.asm.obj</name>
      </input_file>
      <input_file id="fl-e5">
         <path>C:\ti\ccs1110\ccs\tools\compiler\ti-cgt-arm_20.2.5.LTS\lib\</path>
         <kind>archive</kind>
         <file>rtsv7M4_T_le_v4SPD16_eabi.lib</file>
         <name>fd_div_t2.asm.obj</name>
      </input_file>
      <input_file id="fl-e6">
         <path>C:\ti\ccs1110\ccs\tools\compiler\ti-cgt-arm_20.2.5.LTS\lib\</path>
         <kind>archive</kind>
         <file>rtsv7M4_T_le_v4SPD16_eabi.lib</file>
         <name>fd_mul_t2.asm.obj</name>
      </input_file>
      <input_file id="fl-e7">
         <path>C:\ti\ccs1110\ccs\tools\compiler\ti-cgt-arm_20.2.5.LTS\lib\</path>
         <kind>archive</kind>
         <file>rtsv7M4_T_le_v4SPD16_eabi.lib</file>
         <name>fd_toi_t2.asm.obj</name>
      </input_file>
      <input_file id="fl-e8">
         <path>C:\ti\ccs1110\ccs\tools\compiler\ti-cgt-arm_20.2.5.LTS\lib\</path>
         <kind>archive</kind>
         <file>rtsv7M4_T_le_v4SPD16_eabi.lib</file>
         <name>fd_tos_t2.asm.obj</name>
      </input_file>
      <input_file id="fl-e9">
         <path>C:\ti\ccs1110\ccs\tools\compiler\ti-cgt-arm_20.2.5.LTS\lib\</path>
         <kind>archive</kind>
         <file>rtsv7M4_T_le_v4SPD16_eabi.lib</file>
         <name>fs_tod_t2.asm.obj</name>
      </input_file>
      <input_file id="fl-ea">
         <path>C:\ti\ccs1110\ccs\tools\compiler\ti-cgt-arm_20.2.5.LTS\lib\</path>
         <kind>archive</kind>
         <file>rtsv7M4_T_le_v4SPD16_eabi.lib</file>
         <name>i_tofd_t2.asm.obj</name>
      </input_file>
      <input_file id="fl-eb">
         <path>C:\ti\ccs1110\ccs\tools\compiler\ti-cgt-arm_20.2.5.LTS\lib\</path>
         <kind>archive</kind>
         <file>rtsv7M4_T_le_v4SPD16_eabi.lib</file>
         <name>memcpy_t2.asm.obj</name>
      </input_file>
      <input_file id="fl-ec">
         <path>C:\ti\ccs1110\ccs\tools\compiler\ti-cgt-arm_20.2.5.LTS\lib\</path>
         <kind>archive</kind>
         <file>rtsv7M4_T_le_v4SPD16_eabi.lib</file>
         <name>ull_div_t2.asm.obj</name>
      </input_file>
      <input_file id="fl-ed">
         <path>C:\ti\ccs1110\ccs\tools\compiler\ti-cgt-arm_20.2.5.LTS\lib\</path>
         <kind>archive</kind>
         <file>rtsv7M4_T_le_v4SPD16_eabi.lib</file>
         <name>memset_t2.asm.obj</name>
      </input_file>
      <input_file id="fl-ee">
         <path>C:\ti\ccs1110\ccs\tools\compiler\ti-cgt-arm_20.2.5.LTS\lib\</path>
         <kind>archive</kind>
         <file>rtsv7M4_T_le_v4SPD16_eabi.lib</file>
         <name>copy_zero_init.c.obj</name>
      </input_file>
      <input_file id="fl-ef">
         <path>C:\ti\ccs1110\ccs\tools\compiler\ti-cgt-arm_20.2.5.LTS\lib\</path>
         <kind>archive</kind>
         <file>rtsv7M4_T_le_v4SPD16_eabi.lib</file>
         <name>copy_decompress_none.c.obj</name>
      </input_file>
      <input_file id="fl-f0">
         <path>C:\ti\ccs1110\ccs\tools\compiler\ti-cgt-arm_20.2.5.LTS\lib\</path>
         <kind>archive</kind>
         <file>rtsv7M4_T_le_v4SPD16_eabi.lib</file>
         <name>copy_decompress_lzss.c.obj</name>
      </input_file>
      <input_file id="fl-f1">
         <path>C:\ti\ccs1110\ccs\tools\compiler\ti-cgt-arm_20.2.5.LTS\lib\</path>
         <kind>archive</kind>
         <file>rtsv7M4_T_le_v4SPD16_eabi.lib</file>
         <name>exit.c.obj</name>
      </input_file>
      <input_file id="fl-f2">
         <path>C:\ti\ccs1110\ccs\tools\compiler\ti-cgt-arm_20.2.5.LTS\lib\</path>
         <kind>archive</kind>
         <file>rtsv7M4_T_le_v4SPD16_eabi.lib</file>
         <name>_lock.c.obj</name>
      </input_file>
      <input_file id="fl-f3">
         <path>C:\ti\ccs1110\ccs\tools\compiler\ti-cgt-arm_20.2.5.LTS\lib\</path>
         <kind>archive</kind>
         <file>rtsv7M4_T_le_v4SPD16_eabi.lib</file>
         <name>_ltoa.c.obj</name>
      </input_file>
      <input_file id="fl-f4">
         <path>C:\ti\ccs1110\ccs\tools\compiler\ti-cgt-arm_20.2.5.LTS\lib\</path>
         <kind>archive</kind>
         <file>rtsv7M4_T_le_v4SPD16_eabi.lib</file>
         <name>atoi.c.obj</name>
      </input_file>
      <input_file id="fl-f5">
         <path>C:\ti\ccs1110\ccs\tools\compiler\ti-cgt-arm_20.2.5.LTS\lib\</path>
         <kind>archive</kind>
         <file>rtsv7M4_T_le_v4SPD16_eabi.lib</file>
         <name>ctype.c.obj</name>
      </input_file>
      <input_file id="fl-f6">
         <path>C:\ti\ccs1110\ccs\tools\compiler\ti-cgt-arm_20.2.5.LTS\lib\</path>
         <kind>archive</kind>
         <file>rtsv7M4_T_le_v4SPD16_eabi.lib</file>
         <name>defs.c.obj</name>
      </input_file>
      <input_file id="fl-f7">
         <path>C:\ti\ccs1110\ccs\tools\compiler\ti-cgt-arm_20.2.5.LTS\lib\</path>
         <kind>archive</kind>
         <file>rtsv7M4_T_le_v4SPD16_eabi.lib</file>
         <name>localtim.c.obj</name>
      </input_file>
      <input_file id="fl-f8">
         <path>C:\ti\ccs1110\ccs\tools\compiler\ti-cgt-arm_20.2.5.LTS\lib\</path>
         <kind>archive</kind>
         <file>rtsv7M4_T_le_v4SPD16_eabi.lib</file>
         <name>memccpy.c.obj</name>
      </input_file>
      <input_file id="fl-f9">
         <path>C:\ti\ccs1110\ccs\tools\compiler\ti-cgt-arm_20.2.5.LTS\lib\</path>
         <kind>archive</kind>
         <file>rtsv7M4_T_le_v4SPD16_eabi.lib</file>
         <name>memchr.c.obj</name>
      </input_file>
      <input_file id="fl-fa">
         <path>C:\ti\ccs1110\ccs\tools\compiler\ti-cgt-arm_20.2.5.LTS\lib\</path>
         <kind>archive</kind>
         <file>rtsv7M4_T_le_v4SPD16_eabi.lib</file>
         <name>memory.c.obj</name>
      </input_file>
      <input_file id="fl-fb">
         <path>C:\ti\ccs1110\ccs\tools\compiler\ti-cgt-arm_20.2.5.LTS\lib\</path>
         <kind>archive</kind>
         <file>rtsv7M4_T_le_v4SPD16_eabi.lib</file>
         <name>mktime.c.obj</name>
      </input_file>
      <input_file id="fl-fc">
         <path>C:\ti\ccs1110\ccs\tools\compiler\ti-cgt-arm_20.2.5.LTS\lib\</path>
         <kind>archive</kind>
         <file>rtsv7M4_T_le_v4SPD16_eabi.lib</file>
         <name>strchr.c.obj</name>
      </input_file>
      <input_file id="fl-fd">
         <path>C:\ti\ccs1110\ccs\tools\compiler\ti-cgt-arm_20.2.5.LTS\lib\</path>
         <kind>archive</kind>
         <file>rtsv7M4_T_le_v4SPD16_eabi.lib</file>
         <name>strlen.c.obj</name>
      </input_file>
      <input_file id="fl-fe">
         <path>C:\ti\ccs1110\ccs\tools\compiler\ti-cgt-arm_20.2.5.LTS\lib\</path>
         <kind>archive</kind>
         <file>rtsv7M4_T_le_v4SPD16_eabi.lib</file>
         <name>strncmp.c.obj</name>
      </input_file>
      <input_file id="fl-ff">
         <path>C:\ti\ccs1110\ccs\tools\compiler\ti-cgt-arm_20.2.5.LTS\lib\</path>
         <kind>archive</kind>
         <file>rtsv7M4_T_le_v4SPD16_eabi.lib</file>
         <name>tmzone.c.obj</name>
      </input_file>
      <input_file id="fl-100">
         <path>C:\ti\ccs1110\ccs\tools\compiler\ti-cgt-arm_20.2.5.LTS\lib\</path>
         <kind>archive</kind>
         <file>rtsv7M4_T_le_v4SPD16_eabi.lib</file>
         <name>errno.c.obj</name>
      </input_file>
      <input_file id="fl-101">
         <path>C:\ti\ccs1110\ccs\tools\compiler\ti-cgt-arm_20.2.5.LTS\lib\</path>
         <kind>archive</kind>
         <file>rtsv7M4_T_le_v4SPD16_eabi.lib</file>
         <name>boot_cortex_m.c.obj</name>
      </input_file>
      <input_file id="fl-102">
         <path>C:\ti\ccs1110\ccs\tools\compiler\ti-cgt-arm_20.2.5.LTS\lib\</path>
         <kind>archive</kind>
         <file>rtsv7M4_T_le_v4SPD16_eabi.lib</file>
         <name>write.c.obj</name>
      </input_file>
      <input_file id="fl-103">
         <path>C:\ti\ccs1110\ccs\tools\compiler\ti-cgt-arm_20.2.5.LTS\lib\</path>
         <kind>archive</kind>
         <file>rtsv7M4_T_le_v4SPD16_eabi.lib</file>
         <name>host_device.c.obj</name>
      </input_file>
      <input_file id="fl-104">
         <path>C:\ti\ccs1110\ccs\tools\compiler\ti-cgt-arm_20.2.5.LTS\lib\</path>
         <kind>archive</kind>
         <file>rtsv7M4_T_le_v4SPD16_eabi.lib</file>
         <name>time.c.obj</name>
      </input_file>
      <input_file id="fl-105">
         <path>C:\ti\ccs1110\ccs\tools\compiler\ti-cgt-arm_20.2.5.LTS\lib\</path>
         <kind>archive</kind>
         <file>rtsv7M4_T_le_v4SPD16_eabi.lib</file>
         <name>fflush.c.obj</name>
      </input_file>
      <input_file id="fl-106">
         <path>C:\ti\ccs1110\ccs\tools\compiler\ti-cgt-arm_20.2.5.LTS\lib\</path>
         <kind>archive</kind>
         <file>rtsv7M4_T_le_v4SPD16_eabi.lib</file>
         <name>fopen.c.obj</name>
      </input_file>
      <input_file id="fl-107">
         <path>C:\ti\ccs1110\ccs\tools\compiler\ti-cgt-arm_20.2.5.LTS\lib\</path>
         <kind>archive</kind>
         <file>rtsv7M4_T_le_v4SPD16_eabi.lib</file>
         <name>fseek.c.obj</name>
      </input_file>
      <input_file id="fl-108">
         <path>C:\ti\ccs1110\ccs\tools\compiler\ti-cgt-arm_20.2.5.LTS\lib\</path>
         <kind>archive</kind>
         <file>rtsv7M4_T_le_v4SPD16_eabi.lib</file>
         <name>s_copysign.c.obj</name>
      </input_file>
      <input_file id="fl-109">
         <path>C:\ti\ccs1110\ccs\tools\compiler\ti-cgt-arm_20.2.5.LTS\lib\</path>
         <kind>archive</kind>
         <file>rtsv7M4_T_le_v4SPD16_eabi.lib</file>
         <name>div0.asm.obj</name>
      </input_file>
      <input_file id="fl-10a">
         <path>C:\ti\ccs1110\ccs\tools\compiler\ti-cgt-arm_20.2.5.LTS\lib\</path>
         <kind>archive</kind>
         <file>rtsv7M4_T_le_v4SPD16_eabi.lib</file>
         <name>u_divt2.asm.obj</name>
      </input_file>
      <input_file id="fl-10b">
         <path>C:\ti\ccs1110\ccs\tools\compiler\ti-cgt-arm_20.2.5.LTS\lib\</path>
         <kind>archive</kind>
         <file>rtsv7M4_T_le_v4SPD16_eabi.lib</file>
         <name>ll_div_t2.asm.obj</name>
      </input_file>
      <input_file id="fl-10c">
         <path>C:\ti\ccs1110\ccs\tools\compiler\ti-cgt-arm_20.2.5.LTS\lib\</path>
         <kind>archive</kind>
         <file>rtsv7M4_T_le_v4SPD16_eabi.lib</file>
         <name>autoinit.c.obj</name>
      </input_file>
      <input_file id="fl-10d">
         <path>C:\ti\ccs1110\ccs\tools\compiler\ti-cgt-arm_20.2.5.LTS\lib\</path>
         <kind>archive</kind>
         <file>rtsv7M4_T_le_v4SPD16_eabi.lib</file>
         <name>pre_init.c.obj</name>
      </input_file>
      <input_file id="fl-10e">
         <path>C:\ti\ccs1110\ccs\tools\compiler\ti-cgt-arm_20.2.5.LTS\lib\</path>
         <kind>archive</kind>
         <file>rtsv7M4_T_le_v4SPD16_eabi.lib</file>
         <name>cpy_tbl.c.obj</name>
      </input_file>
      <input_file id="fl-10f">
         <path>C:\ti\ccs1110\ccs\tools\compiler\ti-cgt-arm_20.2.5.LTS\lib\</path>
         <kind>archive</kind>
         <file>rtsv7M4_T_le_v4SPD16_eabi.lib</file>
         <name>args_main.c.obj</name>
      </input_file>
      <input_file id="fl-110">
         <path>C:\ti\ccs1110\ccs\tools\compiler\ti-cgt-arm_20.2.5.LTS\lib\</path>
         <kind>archive</kind>
         <file>rtsv7M4_T_le_v4SPD16_eabi.lib</file>
         <name>hostclose.c.obj</name>
      </input_file>
      <input_file id="fl-111">
         <path>C:\ti\ccs1110\ccs\tools\compiler\ti-cgt-arm_20.2.5.LTS\lib\</path>
         <kind>archive</kind>
         <file>rtsv7M4_T_le_v4SPD16_eabi.lib</file>
         <name>hostlseek.c.obj</name>
      </input_file>
      <input_file id="fl-112">
         <path>C:\ti\ccs1110\ccs\tools\compiler\ti-cgt-arm_20.2.5.LTS\lib\</path>
         <kind>archive</kind>
         <file>rtsv7M4_T_le_v4SPD16_eabi.lib</file>
         <name>hostopen.c.obj</name>
      </input_file>
      <input_file id="fl-113">
         <path>C:\ti\ccs1110\ccs\tools\compiler\ti-cgt-arm_20.2.5.LTS\lib\</path>
         <kind>archive</kind>
         <file>rtsv7M4_T_le_v4SPD16_eabi.lib</file>
         <name>hostread.c.obj</name>
      </input_file>
      <input_file id="fl-114">
         <path>C:\ti\ccs1110\ccs\tools\compiler\ti-cgt-arm_20.2.5.LTS\lib\</path>
         <kind>archive</kind>
         <file>rtsv7M4_T_le_v4SPD16_eabi.lib</file>
         <name>hostrename.c.obj</name>
      </input_file>
      <input_file id="fl-115">
         <path>C:\ti\ccs1110\ccs\tools\compiler\ti-cgt-arm_20.2.5.LTS\lib\</path>
         <kind>archive</kind>
         <file>rtsv7M4_T_le_v4SPD16_eabi.lib</file>
         <name>hosttime.c.obj</name>
      </input_file>
      <input_file id="fl-116">
         <path>C:\ti\ccs1110\ccs\tools\compiler\ti-cgt-arm_20.2.5.LTS\lib\</path>
         <kind>archive</kind>
         <file>rtsv7M4_T_le_v4SPD16_eabi.lib</file>
         <name>hostunlink.c.obj</name>
      </input_file>
      <input_file id="fl-117">
         <path>C:\ti\ccs1110\ccs\tools\compiler\ti-cgt-arm_20.2.5.LTS\lib\</path>
         <kind>archive</kind>
         <file>rtsv7M4_T_le_v4SPD16_eabi.lib</file>
         <name>hostwrite.c.obj</name>
      </input_file>
      <input_file id="fl-118">
         <path>C:\ti\ccs1110\ccs\tools\compiler\ti-cgt-arm_20.2.5.LTS\lib\</path>
         <kind>archive</kind>
         <file>rtsv7M4_T_le_v4SPD16_eabi.lib</file>
         <name>trgmsg.c.obj</name>
      </input_file>
      <input_file id="fl-119">
         <path>C:\ti\ccs1110\ccs\tools\compiler\ti-cgt-arm_20.2.5.LTS\lib\</path>
         <kind>archive</kind>
         <file>rtsv7M4_T_le_v4SPD16_eabi.lib</file>
         <name>open.c.obj</name>
      </input_file>
      <input_file id="fl-11a">
         <path>C:\ti\ccs1110\ccs\tools\compiler\ti-cgt-arm_20.2.5.LTS\lib\</path>
         <kind>archive</kind>
         <file>rtsv7M4_T_le_v4SPD16_eabi.lib</file>
         <name>lseek.c.obj</name>
      </input_file>
      <input_file id="fl-11b">
         <path>C:\ti\ccs1110\ccs\tools\compiler\ti-cgt-arm_20.2.5.LTS\lib\</path>
         <kind>archive</kind>
         <file>rtsv7M4_T_le_v4SPD16_eabi.lib</file>
         <name>fclose.c.obj</name>
      </input_file>
      <input_file id="fl-11c">
         <path>C:\ti\ccs1110\ccs\tools\compiler\ti-cgt-arm_20.2.5.LTS\lib\</path>
         <kind>archive</kind>
         <file>rtsv7M4_T_le_v4SPD16_eabi.lib</file>
         <name>getdevice.c.obj</name>
      </input_file>
      <input_file id="fl-11d">
         <path>C:\ti\ccs1110\ccs\tools\compiler\ti-cgt-arm_20.2.5.LTS\lib\</path>
         <kind>archive</kind>
         <file>rtsv7M4_T_le_v4SPD16_eabi.lib</file>
         <name>strcmp.c.obj</name>
      </input_file>
      <input_file id="fl-11e">
         <path>C:\ti\ccs1110\ccs\tools\compiler\ti-cgt-arm_20.2.5.LTS\lib\</path>
         <kind>archive</kind>
         <file>rtsv7M4_T_le_v4SPD16_eabi.lib</file>
         <name>strcpy.c.obj</name>
      </input_file>
      <input_file id="fl-11f">
         <path>C:\ti\ccs1110\ccs\tools\compiler\ti-cgt-arm_20.2.5.LTS\lib\</path>
         <kind>archive</kind>
         <file>rtsv7M4_T_le_v4SPD16_eabi.lib</file>
         <name>strncpy.c.obj</name>
      </input_file>
      <input_file id="fl-120">
         <path>C:\ti\ccs1110\ccs\tools\compiler\ti-cgt-arm_20.2.5.LTS\lib\</path>
         <kind>archive</kind>
         <file>rtsv7M4_T_le_v4SPD16_eabi.lib</file>
         <name>remove.c.obj</name>
      </input_file>
      <input_file id="fl-121">
         <path>C:\ti\ccs1110\ccs\tools\compiler\ti-cgt-arm_20.2.5.LTS\lib\</path>
         <kind>archive</kind>
         <file>rtsv7M4_T_le_v4SPD16_eabi.lib</file>
         <name>close.c.obj</name>
      </input_file>
      <input_file id="fl-122">
         <path>C:\ti\ccs1110\ccs\tools\compiler\ti-cgt-arm_20.2.5.LTS\lib\</path>
         <kind>archive</kind>
         <file>rtsv7M4_T_le_v4SPD16_eabi.lib</file>
         <name>unlink.c.obj</name>
      </input_file>
      <input_file id="fl-123">
         <path>C:\ti\simplelink_msp432p4_sdk_3_40_01_02\source\ti\devices\msp432p4xx\driverlib\ccs\</path>
         <kind>archive</kind>
         <file>msp432p4xx_driverlib.lib</file>
         <name>cs.o</name>
      </input_file>
      <input_file id="fl-124">
         <path>C:\ti\simplelink_msp432p4_sdk_3_40_01_02\source\ti\devices\msp432p4xx\driverlib\ccs\</path>
         <kind>archive</kind>
         <file>msp432p4xx_driverlib.lib</file>
         <name>flash.o</name>
      </input_file>
      <input_file id="fl-125">
         <path>C:\ti\simplelink_msp432p4_sdk_3_40_01_02\source\ti\devices\msp432p4xx\driverlib\ccs\</path>
         <kind>archive</kind>
         <file>msp432p4xx_driverlib.lib</file>
         <name>gpio.o</name>
      </input_file>
      <input_file id="fl-126">
         <path>C:\ti\simplelink_msp432p4_sdk_3_40_01_02\source\ti\devices\msp432p4xx\driverlib\ccs\</path>
         <kind>archive</kind>
         <file>msp432p4xx_driverlib.lib</file>
         <name>i2c.o</name>
      </input_file>
      <input_file id="fl-127">
         <path>C:\ti\simplelink_msp432p4_sdk_3_40_01_02\source\ti\devices\msp432p4xx\driverlib\ccs\</path>
         <kind>archive</kind>
         <file>msp432p4xx_driverlib.lib</file>
         <name>interrupt.o</name>
      </input_file>
      <input_file id="fl-128">
         <path>C:\ti\simplelink_msp432p4_sdk_3_40_01_02\source\ti\devices\msp432p4xx\driverlib\ccs\</path>
         <kind>archive</kind>
         <file>msp432p4xx_driverlib.lib</file>
         <name>pcm.o</name>
      </input_file>
      <input_file id="fl-129">
         <path>C:\ti\simplelink_msp432p4_sdk_3_40_01_02\source\ti\devices\msp432p4xx\driverlib\ccs\</path>
         <kind>archive</kind>
         <file>msp432p4xx_driverlib.lib</file>
         <name>rtc_c.o</name>
      </input_file>
      <input_file id="fl-12a">
         <path>C:\ti\simplelink_msp432p4_sdk_3_40_01_02\source\ti\devices\msp432p4xx\driverlib\ccs\</path>
         <kind>archive</kind>
         <file>msp432p4xx_driverlib.lib</file>
         <name>spi.o</name>
      </input_file>
      <input_file id="fl-12b">
         <path>C:\ti\simplelink_msp432p4_sdk_3_40_01_02\source\ti\devices\msp432p4xx\driverlib\ccs\</path>
         <kind>archive</kind>
         <file>msp432p4xx_driverlib.lib</file>
         <name>sysctl.o</name>
      </input_file>
      <input_file id="fl-12c">
         <path>C:\ti\simplelink_msp432p4_sdk_3_40_01_02\source\ti\devices\msp432p4xx\driverlib\ccs\</path>
         <kind>archive</kind>
         <file>msp432p4xx_driverlib.lib</file>
         <name>sysctl_a.o</name>
      </input_file>
      <input_file id="fl-12d">
         <path>C:\ti\simplelink_msp432p4_sdk_3_40_01_02\source\ti\devices\msp432p4xx\driverlib\ccs\</path>
         <kind>archive</kind>
         <file>msp432p4xx_driverlib.lib</file>
         <name>uart.o</name>
      </input_file>
      <input_file id="fl-12e">
         <path>C:\ti\simplelink_msp432p4_sdk_3_40_01_02\source\ti\devices\msp432p4xx\driverlib\ccs\</path>
         <kind>archive</kind>
         <file>msp432p4xx_driverlib.lib</file>
         <name>wdt_a.o</name>
      </input_file>
      <input_file id="fl-12f">
         <path>C:\ti\simplelink_msp432p4_sdk_3_40_01_02\source\ti\devices\msp432p4xx\driverlib\ccs\</path>
         <kind>archive</kind>
         <file>msp432p4xx_driverlib.lib</file>
         <name>cpu.o</name>
      </input_file>
   </input_file_list>
   <object_component_list>
      <object_component id="oc-26">
         <name>.intvecs:retain</name>
         <load_address>0x0</load_address>
         <run_address>0x0</run_address>
         <size>0xe4</size>
         <input_file_ref idref="fl-3"/>
      </object_component>
      <object_component id="oc-190">
         <name>.text</name>
         <load_address>0xe4</load_address>
         <run_address>0xe4</run_address>
         <size>0x30b2</size>
         <input_file_ref idref="fl-c"/>
      </object_component>
      <object_component id="oc-412">
         <name>.text:_nop</name>
         <load_address>0x3196</load_address>
         <run_address>0x3196</run_address>
         <size>0x2</size>
         <input_file_ref idref="fl-f2"/>
      </object_component>
      <object_component id="oc-2a9">
         <name>.text:__TI_printfi</name>
         <load_address>0x3198</load_address>
         <run_address>0x3198</run_address>
         <size>0xa4e</size>
         <input_file_ref idref="fl-da"/>
      </object_component>
      <object_component id="oc-450">
         <name>.text</name>
         <load_address>0x3be6</load_address>
         <run_address>0x3be6</run_address>
         <size>0x2</size>
         <input_file_ref idref="fl-109"/>
      </object_component>
      <object_component id="oc-166">
         <name>.text</name>
         <load_address>0x3be8</load_address>
         <run_address>0x3be8</run_address>
         <size>0x858</size>
         <input_file_ref idref="fl-f"/>
      </object_component>
      <object_component id="oc-b8">
         <name>.text</name>
         <load_address>0x4440</load_address>
         <run_address>0x4440</run_address>
         <size>0x474</size>
         <input_file_ref idref="fl-2"/>
      </object_component>
      <object_component id="oc-ca">
         <name>.text</name>
         <load_address>0x48b4</load_address>
         <run_address>0x48b4</run_address>
         <size>0x334</size>
         <input_file_ref idref="fl-4"/>
      </object_component>
      <object_component id="oc-76">
         <name>.text</name>
         <load_address>0x4be8</load_address>
         <run_address>0x4be8</run_address>
         <size>0x2e0</size>
         <input_file_ref idref="fl-a"/>
      </object_component>
      <object_component id="oc-376">
         <name>.text:__mktime32</name>
         <load_address>0x4ec8</load_address>
         <run_address>0x4ec8</run_address>
         <size>0x2a0</size>
         <input_file_ref idref="fl-fb"/>
      </object_component>
      <object_component id="oc-403">
         <name>.text:__PCM_setPowerStateAdvanced</name>
         <load_address>0x5168</load_address>
         <run_address>0x5168</run_address>
         <size>0x28a</size>
         <input_file_ref idref="fl-128"/>
      </object_component>
      <object_component id="oc-3cd">
         <name>.text:_pconv_a</name>
         <load_address>0x53f4</load_address>
         <run_address>0x53f4</run_address>
         <size>0x270</size>
         <input_file_ref idref="fl-da"/>
      </object_component>
      <object_component id="oc-18a">
         <name>.text</name>
         <load_address>0x5664</load_address>
         <run_address>0x5664</run_address>
         <size>0x224</size>
         <input_file_ref idref="fl-5"/>
      </object_component>
      <object_component id="oc-3bb">
         <name>.text:_pconv_g</name>
         <load_address>0x5888</load_address>
         <run_address>0x5888</run_address>
         <size>0x1d0</size>
         <input_file_ref idref="fl-da"/>
      </object_component>
      <object_component id="oc-4ba">
         <name>.text</name>
         <load_address>0x5a58</load_address>
         <run_address>0x5a58</run_address>
         <size>0x1b6</size>
         <input_file_ref idref="fl-e3"/>
      </object_component>
      <object_component id="oc-15a">
         <name>.text</name>
         <load_address>0x5c10</load_address>
         <run_address>0x5c10</run_address>
         <size>0x1b4</size>
         <input_file_ref idref="fl-12"/>
      </object_component>
      <object_component id="oc-160">
         <name>.text</name>
         <load_address>0x5dc4</load_address>
         <run_address>0x5dc4</run_address>
         <size>0x1a8</size>
         <input_file_ref idref="fl-14"/>
      </object_component>
      <object_component id="oc-50e">
         <name>.text:__PCM_setPowerModeAdvanced</name>
         <load_address>0x5f6c</load_address>
         <run_address>0x5f6c</run_address>
         <size>0x15c</size>
         <input_file_ref idref="fl-128"/>
      </object_component>
      <object_component id="oc-3c7">
         <name>.text:_pconv_e</name>
         <load_address>0x60c8</load_address>
         <run_address>0x60c8</run_address>
         <size>0x13c</size>
         <input_file_ref idref="fl-da"/>
      </object_component>
      <object_component id="oc-4a0">
         <name>.text</name>
         <load_address>0x6204</load_address>
         <run_address>0x6204</run_address>
         <size>0x136</size>
         <input_file_ref idref="fl-e5"/>
      </object_component>
      <object_component id="oc-26f">
         <name>.text:__localtime32</name>
         <load_address>0x633c</load_address>
         <run_address>0x633c</run_address>
         <size>0x134</size>
         <input_file_ref idref="fl-f7"/>
      </object_component>
      <object_component id="oc-2e0">
         <name>.text:CS_initClockSignal</name>
         <load_address>0x6470</load_address>
         <run_address>0x6470</run_address>
         <size>0x130</size>
         <input_file_ref idref="fl-123"/>
      </object_component>
      <object_component id="oc-2c4">
         <name>.text</name>
         <load_address>0x65a0</load_address>
         <run_address>0x65a0</run_address>
         <size>0x12a</size>
         <input_file_ref idref="fl-b"/>
      </object_component>
      <object_component id="oc-4cc">
         <name>.text:fcvt</name>
         <load_address>0x66cc</load_address>
         <run_address>0x66cc</run_address>
         <size>0x124</size>
         <input_file_ref idref="fl-da"/>
      </object_component>
      <object_component id="oc-db">
         <name>.text:UART_initModule</name>
         <load_address>0x67f0</load_address>
         <run_address>0x67f0</run_address>
         <size>0x11c</size>
         <input_file_ref idref="fl-12d"/>
      </object_component>
      <object_component id="oc-4e0">
         <name>.text:scalbn</name>
         <load_address>0x690c</load_address>
         <run_address>0x690c</run_address>
         <size>0x110</size>
         <input_file_ref idref="fl-e1"/>
      </object_component>
      <object_component id="oc-391">
         <name>.text:__PCM_setCoreVoltageLevelAdvanced</name>
         <load_address>0x6a1c</load_address>
         <run_address>0x6a1c</run_address>
         <size>0x108</size>
         <input_file_ref idref="fl-128"/>
      </object_component>
      <object_component id="oc-70">
         <name>.text</name>
         <load_address>0x6b24</load_address>
         <run_address>0x6b24</run_address>
         <size>0xfc</size>
         <input_file_ref idref="fl-9"/>
      </object_component>
      <object_component id="oc-49b">
         <name>.text</name>
         <load_address>0x6c20</load_address>
         <run_address>0x6c20</run_address>
         <size>0xfc</size>
         <input_file_ref idref="fl-e6"/>
      </object_component>
      <object_component id="oc-7c">
         <name>.text</name>
         <load_address>0x6d1c</load_address>
         <run_address>0x6d1c</run_address>
         <size>0xec</size>
         <input_file_ref idref="fl-1a"/>
      </object_component>
      <object_component id="oc-19c">
         <name>.text</name>
         <load_address>0x6e08</load_address>
         <run_address>0x6e08</run_address>
         <size>0xea</size>
         <input_file_ref idref="fl-1d"/>
      </object_component>
      <object_component id="oc-172">
         <name>.text</name>
         <load_address>0x6ef4</load_address>
         <run_address>0x6ef4</run_address>
         <size>0xd0</size>
         <input_file_ref idref="fl-8"/>
      </object_component>
      <object_component id="oc-118">
         <name>.text</name>
         <load_address>0x6fc4</load_address>
         <run_address>0x6fc4</run_address>
         <size>0xc4</size>
         <input_file_ref idref="fl-10"/>
      </object_component>
      <object_component id="oc-3b0">
         <name>.text:_ltostr</name>
         <load_address>0x7088</load_address>
         <run_address>0x7088</run_address>
         <size>0xb1</size>
         <input_file_ref idref="fl-da"/>
      </object_component>
      <object_component id="oc-294">
         <name>.text:SPI_initMaster</name>
         <load_address>0x713a</load_address>
         <run_address>0x713a</run_address>
         <size>0xb0</size>
         <input_file_ref idref="fl-12a"/>
      </object_component>
      <object_component id="oc-82">
         <name>.text</name>
         <load_address>0x71ec</load_address>
         <run_address>0x71ec</run_address>
         <size>0xb0</size>
         <input_file_ref idref="fl-15"/>
      </object_component>
      <object_component id="oc-3a">
         <name>.text</name>
         <load_address>0x729c</load_address>
         <run_address>0x729c</run_address>
         <size>0x9c</size>
         <input_file_ref idref="fl-eb"/>
      </object_component>
      <object_component id="oc-494">
         <name>.text</name>
         <load_address>0x7338</load_address>
         <run_address>0x7338</run_address>
         <size>0x96</size>
         <input_file_ref idref="fl-ec"/>
      </object_component>
      <object_component id="oc-101">
         <name>.text:RTC_C_getEnabledInterruptStatus</name>
         <load_address>0x73d0</load_address>
         <run_address>0x73d0</run_address>
         <size>0x94</size>
         <input_file_ref idref="fl-129"/>
      </object_component>
      <object_component id="oc-2ec">
         <name>.text:GPIO_setAsPeripheralModuleFunctionOutputPin</name>
         <load_address>0x7464</load_address>
         <run_address>0x7464</run_address>
         <size>0x88</size>
         <input_file_ref idref="fl-125"/>
      </object_component>
      <object_component id="oc-88">
         <name>.text</name>
         <load_address>0x74ec</load_address>
         <run_address>0x74ec</run_address>
         <size>0x88</size>
         <input_file_ref idref="fl-1c"/>
      </object_component>
      <object_component id="oc-3b6">
         <name>.text:__aeabi_cdcmple</name>
         <load_address>0x7574</load_address>
         <run_address>0x7574</run_address>
         <size>0x86</size>
         <input_file_ref idref="fl-e4"/>
      </object_component>
      <object_component id="oc-4a5">
         <name>.text:__aeabi_cdrcmple</name>
         <load_address>0x75fa</load_address>
         <run_address>0x75fa</run_address>
         <size>0x86</size>
         <input_file_ref idref="fl-e4"/>
      </object_component>
      <object_component id="oc-51a">
         <name>.text:PCM_gotoLPM3</name>
         <load_address>0x7680</load_address>
         <run_address>0x7680</run_address>
         <size>0x84</size>
         <input_file_ref idref="fl-128"/>
      </object_component>
      <object_component id="oc-fb">
         <name>.text:RTC_C_getCalendarTime</name>
         <load_address>0x7704</load_address>
         <run_address>0x7704</run_address>
         <size>0x7c</size>
         <input_file_ref idref="fl-129"/>
      </object_component>
      <object_component id="oc-ac">
         <name>.text</name>
         <load_address>0x7780</load_address>
         <run_address>0x7780</run_address>
         <size>0x7a</size>
         <input_file_ref idref="fl-ed"/>
      </object_component>
      <object_component id="oc-4c5">
         <name>.text:_mcpy</name>
         <load_address>0x77fa</load_address>
         <run_address>0x77fa</run_address>
         <size>0x6e</size>
         <input_file_ref idref="fl-da"/>
      </object_component>
      <object_component id="oc-456">
         <name>.text</name>
         <load_address>0x7868</load_address>
         <run_address>0x7868</run_address>
         <size>0x6e</size>
         <input_file_ref idref="fl-10b"/>
      </object_component>
      <object_component id="oc-17">
         <name>.text:decompress:lzss:__TI_decompress_lzss</name>
         <load_address>0x78d6</load_address>
         <run_address>0x78d6</run_address>
         <size>0x68</size>
         <input_file_ref idref="fl-f0"/>
      </object_component>
      <object_component id="oc-f5">
         <name>.text:RTC_C_enableInterrupt</name>
         <load_address>0x7940</load_address>
         <run_address>0x7940</run_address>
         <size>0x64</size>
         <input_file_ref idref="fl-129"/>
      </object_component>
      <object_component id="oc-e1">
         <name>.text:UART_getEnabledInterruptStatus</name>
         <load_address>0x79a4</load_address>
         <run_address>0x79a4</run_address>
         <size>0x64</size>
         <input_file_ref idref="fl-12d"/>
      </object_component>
      <object_component id="oc-4da">
         <name>.text:frexp</name>
         <load_address>0x7a08</load_address>
         <run_address>0x7a08</run_address>
         <size>0x64</size>
         <input_file_ref idref="fl-e0"/>
      </object_component>
      <object_component id="oc-472">
         <name>.text:PCM_getCoreVoltageLevel</name>
         <load_address>0x7a6c</load_address>
         <run_address>0x7a6c</run_address>
         <size>0x5e</size>
         <input_file_ref idref="fl-128"/>
      </object_component>
      <object_component id="oc-242">
         <name>.text:RTC_C_getInterruptStatus</name>
         <load_address>0x7acc</load_address>
         <run_address>0x7acc</run_address>
         <size>0x5c</size>
         <input_file_ref idref="fl-129"/>
      </object_component>
      <object_component id="oc-46c">
         <name>.text:PCM_getPowerMode</name>
         <load_address>0x7b28</load_address>
         <run_address>0x7b28</run_address>
         <size>0x5a</size>
         <input_file_ref idref="fl-128"/>
      </object_component>
      <object_component id="oc-3c1">
         <name>.text:_pconv_f</name>
         <load_address>0x7b82</load_address>
         <run_address>0x7b82</run_address>
         <size>0x56</size>
         <input_file_ref idref="fl-da"/>
      </object_component>
      <object_component id="oc-178">
         <name>.text</name>
         <load_address>0x7bd8</load_address>
         <run_address>0x7bd8</run_address>
         <size>0x54</size>
         <input_file_ref idref="fl-7"/>
      </object_component>
      <object_component id="oc-526">
         <name>.text:PCM_shutdownDevice</name>
         <load_address>0x7c2c</load_address>
         <run_address>0x7c2c</run_address>
         <size>0x54</size>
         <input_file_ref idref="fl-128"/>
      </object_component>
      <object_component id="oc-4af">
         <name>.text:__TI_ltoa</name>
         <load_address>0x7c80</load_address>
         <run_address>0x7c80</run_address>
         <size>0x54</size>
         <input_file_ref idref="fl-f3"/>
      </object_component>
      <object_component id="oc-4bf">
         <name>.text:_ecpy</name>
         <load_address>0x7cd4</load_address>
         <run_address>0x7cd4</run_address>
         <size>0x52</size>
         <input_file_ref idref="fl-da"/>
      </object_component>
      <object_component id="oc-3aa">
         <name>.text:atoi</name>
         <load_address>0x7d28</load_address>
         <run_address>0x7d28</run_address>
         <size>0x4c</size>
         <input_file_ref idref="fl-f4"/>
      </object_component>
      <object_component id="oc-281">
         <name>.text:FlashCtl_setWaitState</name>
         <load_address>0x7d74</load_address>
         <run_address>0x7d74</run_address>
         <size>0x48</size>
         <input_file_ref idref="fl-124"/>
      </object_component>
      <object_component id="oc-364">
         <name>.text:HOSTtime</name>
         <load_address>0x7dbc</load_address>
         <run_address>0x7dbc</run_address>
         <size>0x48</size>
         <input_file_ref idref="fl-115"/>
      </object_component>
      <object_component id="oc-4aa">
         <name>.text</name>
         <load_address>0x7e04</load_address>
         <run_address>0x7e04</run_address>
         <size>0x48</size>
         <input_file_ref idref="fl-e7"/>
      </object_component>
      <object_component id="oc-1d3">
         <name>.text:__TI_auto_init_nobinit_nopinit:__TI_auto_init_nobinit_nopinit</name>
         <load_address>0x7e4c</load_address>
         <run_address>0x7e4c</run_address>
         <size>0x44</size>
         <input_file_ref idref="fl-10c"/>
      </object_component>
      <object_component id="oc-399">
         <name>.text:is_A_Module</name>
         <load_address>0x7e90</load_address>
         <run_address>0x7e90</run_address>
         <size>0x40</size>
         <input_file_ref idref="fl-12a"/>
      </object_component>
      <object_component id="oc-371">
         <name>.text</name>
         <load_address>0x7ed0</load_address>
         <run_address>0x7ed0</run_address>
         <size>0x40</size>
         <input_file_ref idref="fl-10a"/>
      </object_component>
      <object_component id="oc-184">
         <name>.text:sprintf</name>
         <load_address>0x7f10</load_address>
         <run_address>0x7f10</run_address>
         <size>0x40</size>
         <input_file_ref idref="fl-db"/>
      </object_component>
      <object_component id="oc-4d2">
         <name>.text:_fcpy</name>
         <load_address>0x7f50</load_address>
         <run_address>0x7f50</run_address>
         <size>0x3e</size>
         <input_file_ref idref="fl-da"/>
      </object_component>
      <object_component id="oc-14e">
         <name>.text</name>
         <load_address>0x7f8e</load_address>
         <run_address>0x7f8e</run_address>
         <size>0x3c</size>
         <input_file_ref idref="fl-11"/>
      </object_component>
      <object_component id="oc-434">
         <name>.text:__TI_writemsg</name>
         <load_address>0x7fcc</load_address>
         <run_address>0x7fcc</run_address>
         <size>0x38</size>
         <input_file_ref idref="fl-118"/>
      </object_component>
      <object_component id="oc-28d">
         <name>.text:CS_setDCOCenteredFrequency</name>
         <load_address>0x8004</load_address>
         <run_address>0x8004</run_address>
         <size>0x34</size>
         <input_file_ref idref="fl-123"/>
      </object_component>
      <object_component id="oc-43a">
         <name>.text:__TI_readmsg</name>
         <load_address>0x8038</load_address>
         <run_address>0x8038</run_address>
         <size>0x34</size>
         <input_file_ref idref="fl-118"/>
      </object_component>
      <object_component id="oc-58">
         <name>.text:_c_int00_noargs:_c_int00_noargs</name>
         <load_address>0x806c</load_address>
         <run_address>0x806c</run_address>
         <size>0x34</size>
         <input_file_ref idref="fl-101"/>
      </object_component>
      <object_component id="oc-2da">
         <name>.text:CS_setReferenceOscillatorFrequency</name>
         <load_address>0x80a0</load_address>
         <run_address>0x80a0</run_address>
         <size>0x30</size>
         <input_file_ref idref="fl-123"/>
      </object_component>
      <object_component id="oc-196">
         <name>.text</name>
         <load_address>0x80d0</load_address>
         <run_address>0x80d0</run_address>
         <size>0x30</size>
         <input_file_ref idref="fl-19"/>
      </object_component>
      <object_component id="oc-4b5">
         <name>.text</name>
         <load_address>0x8100</load_address>
         <run_address>0x8100</run_address>
         <size>0x2e</size>
         <input_file_ref idref="fl-ea"/>
      </object_component>
      <object_component id="oc-5a4">
         <name>.text:RTC_C_holdClock</name>
         <load_address>0x8130</load_address>
         <run_address>0x8130</run_address>
         <size>0x2c</size>
         <input_file_ref idref="fl-129"/>
      </object_component>
      <object_component id="oc-1a2">
         <name>.text:strncmp</name>
         <load_address>0x815c</load_address>
         <run_address>0x815c</run_address>
         <size>0x2c</size>
         <input_file_ref idref="fl-fe"/>
      </object_component>
      <object_component id="oc-514">
         <name>.text:PCM_gotoLPM0</name>
         <load_address>0x8188</load_address>
         <run_address>0x8188</run_address>
         <size>0x28</size>
         <input_file_ref idref="fl-128"/>
      </object_component>
      <object_component id="oc-59e">
         <name>.text:WDT_A_holdTimer</name>
         <load_address>0x81b0</load_address>
         <run_address>0x81b0</run_address>
         <size>0x24</size>
         <input_file_ref idref="fl-12e"/>
      </object_component>
      <object_component id="oc-16c">
         <name>.text</name>
         <load_address>0x81d4</load_address>
         <run_address>0x81d4</run_address>
         <size>0x22</size>
         <input_file_ref idref="fl-6"/>
      </object_component>
      <object_component id="oc-3d3">
         <name>.text:memccpy</name>
         <load_address>0x81f6</load_address>
         <run_address>0x81f6</run_address>
         <size>0x1c</size>
         <input_file_ref idref="fl-f8"/>
      </object_component>
      <object_component id="oc-579">
         <name>.text:copysign</name>
         <load_address>0x8212</load_address>
         <run_address>0x8212</run_address>
         <size>0x1a</size>
         <input_file_ref idref="fl-108"/>
      </object_component>
      <object_component id="oc-228">
         <name>.text:UART_getInterruptStatus</name>
         <load_address>0x822c</load_address>
         <run_address>0x822c</run_address>
         <size>0x18</size>
         <input_file_ref idref="fl-12d"/>
      </object_component>
      <object_component id="oc-2af">
         <name>.text:_outs</name>
         <load_address>0x8244</load_address>
         <run_address>0x8244</run_address>
         <size>0x18</size>
         <input_file_ref idref="fl-db"/>
      </object_component>
      <object_component id="oc-4e6">
         <name>.text:strchr</name>
         <load_address>0x825c</load_address>
         <run_address>0x825c</run_address>
         <size>0x16</size>
         <input_file_ref idref="fl-fc"/>
      </object_component>
      <object_component id="oc-478">
         <name>.text:PCM_getPowerState</name>
         <load_address>0x8274</load_address>
         <run_address>0x8274</run_address>
         <size>0x14</size>
         <input_file_ref idref="fl-128"/>
      </object_component>
      <object_component id="oc-3a4">
         <name>.text:strlen</name>
         <load_address>0x8288</load_address>
         <run_address>0x8288</run_address>
         <size>0x14</size>
         <input_file_ref idref="fl-fd"/>
      </object_component>
      <object_component id="oc-3d9">
         <name>.text:wcslen</name>
         <load_address>0x829c</load_address>
         <run_address>0x829c</run_address>
         <size>0x12</size>
         <input_file_ref idref="fl-e2"/>
      </object_component>
      <object_component id="oc-17e">
         <name>.text:Interrupt_enableMaster</name>
         <load_address>0x82ae</load_address>
         <run_address>0x82ae</run_address>
         <size>0x10</size>
         <input_file_ref idref="fl-127"/>
      </object_component>
      <object_component id="oc-520">
         <name>.text:PCM_gotoLPM4</name>
         <load_address>0x82be</load_address>
         <run_address>0x82be</run_address>
         <size>0x10</size>
         <input_file_ref idref="fl-128"/>
      </object_component>
      <object_component id="oc-287">
         <name>.text:PCM_setCoreVoltageLevel</name>
         <load_address>0x82ce</load_address>
         <run_address>0x82ce</run_address>
         <size>0x10</size>
         <input_file_ref idref="fl-128"/>
      </object_component>
      <object_component id="oc-47e">
         <name>.text:PCM_setPowerMode</name>
         <load_address>0x82de</load_address>
         <run_address>0x82de</run_address>
         <size>0x10</size>
         <input_file_ref idref="fl-128"/>
      </object_component>
      <object_component id="oc-2e6">
         <name>.text:PCM_setPowerState</name>
         <load_address>0x82ee</load_address>
         <run_address>0x82ee</run_address>
         <size>0x10</size>
         <input_file_ref idref="fl-128"/>
      </object_component>
      <object_component id="oc-269">
         <name>.text:__time32</name>
         <load_address>0x82fe</load_address>
         <run_address>0x82fe</run_address>
         <size>0xe</size>
         <input_file_ref idref="fl-104"/>
      </object_component>
      <object_component id="oc-1d">
         <name>.text:decompress:none:__TI_decompress_none</name>
         <load_address>0x830c</load_address>
         <run_address>0x830c</run_address>
         <size>0xe</size>
         <input_file_ref idref="fl-ef"/>
      </object_component>
      <object_component id="oc-6a">
         <name>.text</name>
         <load_address>0x831a</load_address>
         <run_address>0x831a</run_address>
         <size>0xe</size>
         <input_file_ref idref="fl-3"/>
      </object_component>
      <object_component id="oc-2a2">
         <name>.text:CPU_cpsie</name>
         <load_address>0x8328</load_address>
         <run_address>0x8328</run_address>
         <size>0xc</size>
         <input_file_ref idref="fl-12f"/>
      </object_component>
      <object_component id="oc-4c">
         <name>.text:decompress:ZI:__TI_zero_init</name>
         <load_address>0x8334</load_address>
         <run_address>0x8334</run_address>
         <size>0xc</size>
         <input_file_ref idref="fl-ee"/>
      </object_component>
      <object_component id="oc-2b5">
         <name>.text:_outc</name>
         <load_address>0x8340</load_address>
         <run_address>0x8340</run_address>
         <size>0xa</size>
         <input_file_ref idref="fl-db"/>
      </object_component>
      <object_component id="oc-3df">
         <name>.text:__aeabi_errno_addr</name>
         <load_address>0x834c</load_address>
         <run_address>0x834c</run_address>
         <size>0x8</size>
         <input_file_ref idref="fl-100"/>
      </object_component>
      <object_component id="oc-596">
         <name>.text:CPU_wfi</name>
         <load_address>0x8354</load_address>
         <run_address>0x8354</run_address>
         <size>0x4</size>
         <input_file_ref idref="fl-12f"/>
      </object_component>
      <object_component id="oc-b2">
         <name>.text:_system_pre_init</name>
         <load_address>0x8358</load_address>
         <run_address>0x8358</run_address>
         <size>0x4</size>
         <input_file_ref idref="fl-10d"/>
      </object_component>
      <object_component id="oc-1c7">
         <name>.text:abort:abort</name>
         <load_address>0x835c</load_address>
         <run_address>0x835c</run_address>
         <size>0x4</size>
         <input_file_ref idref="fl-f1"/>
      </object_component>
      <object_component id="oc-48f">
         <name>.const:.string:_ctypes_</name>
         <load_address>0x8360</load_address>
         <run_address>0x8360</run_address>
         <size>0x101</size>
         <input_file_ref idref="fl-f5"/>
      </object_component>
      <object_component id="oc-45b">
         <name>.const:$O1$$</name>
         <load_address>0x8464</load_address>
         <run_address>0x8464</run_address>
         <size>0x60</size>
         <input_file_ref idref="fl-fb"/>
      </object_component>
      <object_component id="oc-40a">
         <name>.const:GPIO_PORT_TO_BASE</name>
         <load_address>0x84c4</load_address>
         <run_address>0x84c4</run_address>
         <size>0x30</size>
         <input_file_ref idref="fl-125"/>
      </object_component>
      <object_component id="oc-1a8">
         <name>.const:$P$T0$1</name>
         <load_address>0x84f4</load_address>
         <run_address>0x84f4</run_address>
         <size>0x1c</size>
         <input_file_ref idref="fl-2"/>
      </object_component>
      <object_component id="oc-2ca">
         <name>.const:.string:DbcTbl</name>
         <load_address>0x8510</load_address>
         <run_address>0x8510</run_address>
         <size>0xa</size>
         <input_file_ref idref="fl-c"/>
      </object_component>
      <object_component id="oc-25c">
         <name>.const:.string:$P$T0$1</name>
         <load_address>0x851a</load_address>
         <run_address>0x851a</run_address>
         <size>0x4</size>
         <input_file_ref idref="fl-12"/>
      </object_component>
      <object_component id="oc-5f8">
         <name>.cinit..data.load</name>
         <load_address>0x8520</load_address>
         <run_address>0x8520</run_address>
         <size>0x69</size>
      </object_component>
      <object_component id="oc-5f6">
         <name>__TI_handler_table</name>
         <load_address>0x858c</load_address>
         <run_address>0x858c</run_address>
         <size>0xc</size>
      </object_component>
      <object_component id="oc-5f9">
         <name>.cinit..bss.load</name>
         <load_address>0x8598</load_address>
         <run_address>0x8598</run_address>
         <size>0x8</size>
      </object_component>
      <object_component id="oc-5f7">
         <name>__TI_cinit_table</name>
         <load_address>0x85a0</load_address>
         <run_address>0x85a0</run_address>
         <size>0x10</size>
      </object_component>
      <object_component id="oc-5ca">
         <name>.binit</name>
         <load_address>0x0</load_address>
         <run_address>0x0</run_address>
         <size>0x0</size>
      </object_component>
      <object_component id="oc-1ae">
         <name>.data:UART0Config</name>
         <load_address>0x20000f20</load_address>
         <run_address>0x20000f20</run_address>
         <size>0x28</size>
         <input_file_ref idref="fl-2"/>
      </object_component>
      <object_component id="oc-1ab">
         <name>.data:SPI0MasterConfig</name>
         <load_address>0x20000f6c</load_address>
         <run_address>0x20000f6c</run_address>
         <size>0x1c</size>
         <input_file_ref idref="fl-2"/>
      </object_component>
      <object_component id="oc-1b1">
         <name>.data:upConfig</name>
         <load_address>0x20000fb8</load_address>
         <run_address>0x20000fb8</run_address>
         <size>0x18</size>
         <input_file_ref idref="fl-2"/>
      </object_component>
      <object_component id="oc-154">
         <name>.data:pwmConfig</name>
         <load_address>0x20000fa0</load_address>
         <run_address>0x20000fa0</run_address>
         <size>0x18</size>
         <input_file_ref idref="fl-2"/>
      </object_component>
      <object_component id="oc-157">
         <name>.data:buzzer_config</name>
         <load_address>0x20000f88</load_address>
         <run_address>0x20000f88</run_address>
         <size>0x18</size>
         <input_file_ref idref="fl-2"/>
      </object_component>
      <object_component id="oc-205">
         <name>.data</name>
         <load_address>0x20000ff4</load_address>
         <run_address>0x20000ff4</run_address>
         <size>0x4</size>
         <input_file_ref idref="fl-4"/>
      </object_component>
      <object_component id="oc-d1">
         <name>.data</name>
         <load_address>0x20000fe8</load_address>
         <run_address>0x20000fe8</run_address>
         <size>0x8</size>
         <input_file_ref idref="fl-9"/>
      </object_component>
      <object_component id="oc-266">
         <name>.data</name>
         <load_address>0x20000ff8</load_address>
         <run_address>0x20000ff8</run_address>
         <size>0x2</size>
         <input_file_ref idref="fl-f"/>
      </object_component>
      <object_component id="oc-24e">
         <name>.data</name>
         <load_address>0x20000ffc</load_address>
         <run_address>0x20000ffc</run_address>
         <size>0x1</size>
         <input_file_ref idref="fl-10"/>
      </object_component>
      <object_component id="oc-11e">
         <name>.data</name>
         <load_address>0x20000ffa</load_address>
         <run_address>0x20000ffa</run_address>
         <size>0x2</size>
         <input_file_ref idref="fl-15"/>
      </object_component>
      <object_component id="oc-127">
         <name>.data</name>
         <load_address>0x20000ffd</load_address>
         <run_address>0x20000ffd</run_address>
         <size>0x1</size>
         <input_file_ref idref="fl-1c"/>
      </object_component>
      <object_component id="oc-318">
         <name>.data:$O1$$</name>
         <load_address>0x20000fe0</load_address>
         <run_address>0x20000fe0</run_address>
         <size>0x8</size>
         <input_file_ref idref="fl-f2"/>
      </object_component>
      <object_component id="oc-37f">
         <name>.data:local_tm</name>
         <load_address>0x20000f48</load_address>
         <run_address>0x20000f48</run_address>
         <size>0x24</size>
         <input_file_ref idref="fl-f7"/>
      </object_component>
      <object_component id="oc-37c">
         <name>.data:_tz</name>
         <load_address>0x20000fd0</load_address>
         <run_address>0x20000fd0</run_address>
         <size>0x10</size>
         <input_file_ref idref="fl-ff"/>
      </object_component>
      <object_component id="oc-4f6">
         <name>.data</name>
         <load_address>0x20000ff0</load_address>
         <run_address>0x20000ff0</run_address>
         <size>0x4</size>
         <input_file_ref idref="fl-100"/>
      </object_component>
      <object_component id="oc-2cd">
         <name>.bss:FatFs</name>
         <uninitialized>true</uninitialized>
         <run_address>0x20000b04</run_address>
         <size>0x4</size>
         <input_file_ref idref="fl-c"/>
      </object_component>
      <object_component id="oc-2d0">
         <name>.bss</name>
         <uninitialized>true</uninitialized>
         <run_address>0x20000b02</run_address>
         <size>0x2</size>
         <input_file_ref idref="fl-c"/>
      </object_component>
      <object_component id="oc-263">
         <name>.bss</name>
         <uninitialized>true</uninitialized>
         <run_address>0x20000ae8</run_address>
         <size>0x9</size>
         <input_file_ref idref="fl-f"/>
      </object_component>
      <object_component id="oc-107">
         <name>.bss:current_time</name>
         <uninitialized>true</uninitialized>
         <run_address>0x20000acc</run_address>
         <size>0x1c</size>
         <input_file_ref idref="fl-1a"/>
      </object_component>
      <object_component id="oc-10a">
         <name>.bss</name>
         <uninitialized>true</uninitialized>
         <run_address>0x20000b01</run_address>
         <size>0x1</size>
         <input_file_ref idref="fl-1a"/>
      </object_component>
      <object_component id="oc-546">
         <name>.bss:_CIOBUF_</name>
         <uninitialized>true</uninitialized>
         <run_address>0x200008ac</run_address>
         <size>0x120</size>
         <input_file_ref idref="fl-118"/>
      </object_component>
      <object_component id="oc-1b8">
         <name>.common:key</name>
         <uninitialized>true</uninitialized>
         <run_address>0x20000b18</run_address>
         <size>0x1</size>
      </object_component>
      <object_component id="oc-1b9">
         <name>.common:result</name>
         <uninitialized>true</uninitialized>
         <run_address>0x20000af9</run_address>
         <size>0x8</size>
      </object_component>
      <object_component id="oc-1b4">
         <name>.common:fs</name>
         <uninitialized>true</uninitialized>
         <run_address>0x20000000</run_address>
         <size>0x234</size>
      </object_component>
      <object_component id="oc-1b7">
         <name>.common:fil</name>
         <uninitialized>true</uninitialized>
         <run_address>0x2000045c</run_address>
         <size>0x228</size>
      </object_component>
      <object_component id="oc-1ba">
         <name>.common:accepted_fil</name>
         <uninitialized>true</uninitialized>
         <run_address>0x20000234</run_address>
         <size>0x228</size>
      </object_component>
      <object_component id="oc-1bb">
         <name>.common:rejected_fil</name>
         <uninitialized>true</uninitialized>
         <run_address>0x20000684</run_address>
         <size>0x228</size>
      </object_component>
      <object_component id="oc-eb">
         <name>.common:UARTA0Data</name>
         <uninitialized>true</uninitialized>
         <run_address>0x200009cc</run_address>
         <size>0x80</size>
      </object_component>
      <object_component id="oc-e7">
         <name>.common:UARTA0ReadIndex</name>
         <uninitialized>true</uninitialized>
         <run_address>0x20000b08</run_address>
         <size>0x4</size>
      </object_component>
      <object_component id="oc-ea">
         <name>.common:UARTA0WriteIndex</name>
         <uninitialized>true</uninitialized>
         <run_address>0x20000b0c</run_address>
         <size>0x4</size>
      </object_component>
      <object_component id="oc-ee">
         <name>.common:UARTA2Data</name>
         <uninitialized>true</uninitialized>
         <run_address>0x20000a4c</run_address>
         <size>0x80</size>
      </object_component>
      <object_component id="oc-ec">
         <name>.common:UARTA2ReadIndex</name>
         <uninitialized>true</uninitialized>
         <run_address>0x20000b10</run_address>
         <size>0x4</size>
      </object_component>
      <object_component id="oc-ed">
         <name>.common:UARTA2WriteIndex</name>
         <uninitialized>true</uninitialized>
         <run_address>0x20000b14</run_address>
         <size>0x4</size>
      </object_component>
      <object_component id="oc-440">
         <name>.common:parmbuf</name>
         <uninitialized>true</uninitialized>
         <run_address>0x20000af1</run_address>
         <size>0x8</size>
      </object_component>
      <object_component id="oc-29">
         <name>.sysmem</name>
         <uninitialized>true</uninitialized>
         <run_address>0x20000b20</run_address>
         <size>0x10</size>
         <input_file_ref idref="fl-fa"/>
      </object_component>
      <object_component id="oc-5fc">
         <name>.sysmem</name>
         <uninitialized>true</uninitialized>
         <run_address>0x20000b20</run_address>
         <size>0x0</size>
      </object_component>
      <object_component id="oc-2c">
         <name>.stack</name>
         <uninitialized>true</uninitialized>
         <run_address>0x2000fe00</run_address>
         <size>0x4</size>
         <input_file_ref idref="fl-101"/>
      </object_component>
      <object_component id="oc-5fb">
         <name>.stack</name>
         <uninitialized>true</uninitialized>
         <run_address>0x2000fe00</run_address>
         <size>0x0</size>
      </object_component>
      <object_component id="oc-1b5">
         <name>.debug_info</name>
         <load_address>0x0</load_address>
         <run_address>0x0</run_address>
         <size>0xbc4</size>
         <input_file_ref idref="fl-2"/>
      </object_component>
      <object_component id="oc-1af">
         <name>.debug_info</name>
         <load_address>0xbc4</load_address>
         <run_address>0xbc4</run_address>
         <size>0xd5</size>
         <input_file_ref idref="fl-2"/>
      </object_component>
      <object_component id="oc-1ac">
         <name>.debug_info</name>
         <load_address>0xc99</load_address>
         <run_address>0xc99</run_address>
         <size>0xdf</size>
         <input_file_ref idref="fl-2"/>
      </object_component>
      <object_component id="oc-1b2">
         <name>.debug_info</name>
         <load_address>0xd78</load_address>
         <run_address>0xd78</run_address>
         <size>0xcf</size>
         <input_file_ref idref="fl-2"/>
      </object_component>
      <object_component id="oc-155">
         <name>.debug_info</name>
         <load_address>0xe47</load_address>
         <run_address>0xe47</run_address>
         <size>0xd1</size>
         <input_file_ref idref="fl-2"/>
      </object_component>
      <object_component id="oc-158">
         <name>.debug_info</name>
         <load_address>0xf18</load_address>
         <run_address>0xf18</run_address>
         <size>0xd9</size>
         <input_file_ref idref="fl-2"/>
      </object_component>
      <object_component id="oc-1a9">
         <name>.debug_info</name>
         <load_address>0xff1</load_address>
         <run_address>0xff1</run_address>
         <size>0xcc</size>
         <input_file_ref idref="fl-2"/>
      </object_component>
      <object_component id="oc-ba">
         <name>.debug_info</name>
         <load_address>0x10bd</load_address>
         <run_address>0x10bd</run_address>
         <size>0x693</size>
         <input_file_ref idref="fl-2"/>
      </object_component>
      <object_component id="oc-30a">
         <name>.debug_info</name>
         <load_address>0x1750</load_address>
         <run_address>0x1750</run_address>
         <size>0x3e8</size>
         <input_file_ref idref="fl-2"/>
      </object_component>
      <object_component id="oc-1c2">
         <name>.debug_info</name>
         <load_address>0x1b38</load_address>
         <run_address>0x1b38</run_address>
         <size>0x4fd</size>
         <input_file_ref idref="fl-2"/>
      </object_component>
      <object_component id="oc-277">
         <name>.debug_info</name>
         <load_address>0x2035</load_address>
         <run_address>0x2035</run_address>
         <size>0x70</size>
         <input_file_ref idref="fl-2"/>
      </object_component>
      <object_component id="oc-122">
         <name>.debug_info</name>
         <load_address>0x20a5</load_address>
         <run_address>0x20a5</run_address>
         <size>0x48</size>
         <input_file_ref idref="fl-2"/>
      </object_component>
      <object_component id="oc-300">
         <name>.debug_info</name>
         <load_address>0x20ed</load_address>
         <run_address>0x20ed</run_address>
         <size>0x9a</size>
         <input_file_ref idref="fl-2"/>
      </object_component>
      <object_component id="oc-12d">
         <name>.debug_info</name>
         <load_address>0x2187</load_address>
         <run_address>0x2187</run_address>
         <size>0x26b</size>
         <input_file_ref idref="fl-2"/>
      </object_component>
      <object_component id="oc-217">
         <name>.debug_info</name>
         <load_address>0x23f2</load_address>
         <run_address>0x23f2</run_address>
         <size>0x1055</size>
         <input_file_ref idref="fl-2"/>
      </object_component>
      <object_component id="oc-305">
         <name>.debug_info</name>
         <load_address>0x3447</load_address>
         <run_address>0x3447</run_address>
         <size>0x37e2</size>
         <input_file_ref idref="fl-2"/>
      </object_component>
      <object_component id="oc-10e">
         <name>.debug_info</name>
         <load_address>0x6c29</load_address>
         <run_address>0x6c29</run_address>
         <size>0xc6</size>
         <input_file_ref idref="fl-2"/>
      </object_component>
      <object_component id="oc-21c">
         <name>.debug_info</name>
         <load_address>0x6cef</load_address>
         <run_address>0x6cef</run_address>
         <size>0x341</size>
         <input_file_ref idref="fl-2"/>
      </object_component>
      <object_component id="oc-113">
         <name>.debug_info</name>
         <load_address>0x7030</load_address>
         <run_address>0x7030</run_address>
         <size>0x8b</size>
         <input_file_ref idref="fl-2"/>
      </object_component>
      <object_component id="oc-20b">
         <name>.debug_info</name>
         <load_address>0x70bb</load_address>
         <run_address>0x70bb</run_address>
         <size>0x2a4</size>
         <input_file_ref idref="fl-2"/>
      </object_component>
      <object_component id="oc-236">
         <name>.debug_info</name>
         <load_address>0x735f</load_address>
         <run_address>0x735f</run_address>
         <size>0xef</size>
         <input_file_ref idref="fl-2"/>
      </object_component>
      <object_component id="oc-d5">
         <name>.debug_info</name>
         <load_address>0x744e</load_address>
         <run_address>0x744e</run_address>
         <size>0xbb</size>
         <input_file_ref idref="fl-2"/>
      </object_component>
      <object_component id="oc-1bd">
         <name>.debug_info</name>
         <load_address>0x7509</load_address>
         <run_address>0x7509</run_address>
         <size>0x94</size>
         <input_file_ref idref="fl-2"/>
      </object_component>
      <object_component id="oc-145">
         <name>.debug_info</name>
         <load_address>0x759d</load_address>
         <run_address>0x759d</run_address>
         <size>0x2c</size>
         <input_file_ref idref="fl-2"/>
      </object_component>
      <object_component id="oc-2bd">
         <name>.debug_info</name>
         <load_address>0x75c9</load_address>
         <run_address>0x75c9</run_address>
         <size>0x2c</size>
         <input_file_ref idref="fl-2"/>
      </object_component>
      <object_component id="oc-29b">
         <name>.debug_info</name>
         <load_address>0x75f5</load_address>
         <run_address>0x75f5</run_address>
         <size>0x131</size>
         <input_file_ref idref="fl-2"/>
      </object_component>
      <object_component id="oc-f0">
         <name>.debug_info</name>
         <load_address>0x7726</load_address>
         <run_address>0x7726</run_address>
         <size>0x102</size>
         <input_file_ref idref="fl-2"/>
      </object_component>
      <object_component id="oc-30f">
         <name>.debug_info</name>
         <load_address>0x7828</load_address>
         <run_address>0x7828</run_address>
         <size>0x35</size>
         <input_file_ref idref="fl-2"/>
      </object_component>
      <object_component id="oc-90">
         <name>.debug_info</name>
         <load_address>0x785d</load_address>
         <run_address>0x785d</run_address>
         <size>0x2c6</size>
         <input_file_ref idref="fl-3"/>
      </object_component>
      <object_component id="oc-27">
         <name>.debug_info</name>
         <load_address>0x7b23</load_address>
         <run_address>0x7b23</run_address>
         <size>0xf2</size>
         <input_file_ref idref="fl-3"/>
      </object_component>
      <object_component id="oc-6c">
         <name>.debug_info</name>
         <load_address>0x7c15</load_address>
         <run_address>0x7c15</run_address>
         <size>0x1b9</size>
         <input_file_ref idref="fl-3"/>
      </object_component>
      <object_component id="oc-35">
         <name>.debug_info</name>
         <load_address>0x7dce</load_address>
         <run_address>0x7dce</run_address>
         <size>0x84</size>
         <input_file_ref idref="fl-3"/>
      </object_component>
      <object_component id="oc-336">
         <name>.debug_info</name>
         <load_address>0x7e52</load_address>
         <run_address>0x7e52</run_address>
         <size>0x534</size>
         <input_file_ref idref="fl-4"/>
      </object_component>
      <object_component id="oc-206">
         <name>.debug_info</name>
         <load_address>0x8386</load_address>
         <run_address>0x8386</run_address>
         <size>0xeb</size>
         <input_file_ref idref="fl-4"/>
      </object_component>
      <object_component id="oc-cb">
         <name>.debug_info</name>
         <load_address>0x8471</load_address>
         <run_address>0x8471</run_address>
         <size>0x25d</size>
         <input_file_ref idref="fl-4"/>
      </object_component>
      <object_component id="oc-212">
         <name>.debug_info</name>
         <load_address>0x86ce</load_address>
         <run_address>0x86ce</run_address>
         <size>0x37e2</size>
         <input_file_ref idref="fl-4"/>
      </object_component>
      <object_component id="oc-2c3">
         <name>.debug_info</name>
         <load_address>0xbeb0</load_address>
         <run_address>0xbeb0</run_address>
         <size>0x5bc</size>
         <input_file_ref idref="fl-5"/>
      </object_component>
      <object_component id="oc-18b">
         <name>.debug_info</name>
         <load_address>0xc46c</load_address>
         <run_address>0xc46c</run_address>
         <size>0x4fc</size>
         <input_file_ref idref="fl-5"/>
      </object_component>
      <object_component id="oc-170">
         <name>.debug_info</name>
         <load_address>0xc968</load_address>
         <run_address>0xc968</run_address>
         <size>0x198</size>
         <input_file_ref idref="fl-6"/>
      </object_component>
      <object_component id="oc-17a">
         <name>.debug_info</name>
         <load_address>0xcb00</load_address>
         <run_address>0xcb00</run_address>
         <size>0x2da</size>
         <input_file_ref idref="fl-7"/>
      </object_component>
      <object_component id="oc-2a0">
         <name>.debug_info</name>
         <load_address>0xcdda</load_address>
         <run_address>0xcdda</run_address>
         <size>0x57d</size>
         <input_file_ref idref="fl-8"/>
      </object_component>
      <object_component id="oc-175">
         <name>.debug_info</name>
         <load_address>0xd357</load_address>
         <run_address>0xd357</run_address>
         <size>0x338</size>
         <input_file_ref idref="fl-8"/>
      </object_component>
      <object_component id="oc-da">
         <name>.debug_info</name>
         <load_address>0xd68f</load_address>
         <run_address>0xd68f</run_address>
         <size>0x552</size>
         <input_file_ref idref="fl-9"/>
      </object_component>
      <object_component id="oc-d2">
         <name>.debug_info</name>
         <load_address>0xdbe1</load_address>
         <run_address>0xdbe1</run_address>
         <size>0x10e</size>
         <input_file_ref idref="fl-9"/>
      </object_component>
      <object_component id="oc-73">
         <name>.debug_info</name>
         <load_address>0xdcef</load_address>
         <run_address>0xdcef</run_address>
         <size>0x343</size>
         <input_file_ref idref="fl-9"/>
      </object_component>
      <object_component id="oc-e8">
         <name>.debug_info</name>
         <load_address>0xe032</load_address>
         <run_address>0xe032</run_address>
         <size>0x6eb</size>
         <input_file_ref idref="fl-a"/>
      </object_component>
      <object_component id="oc-77">
         <name>.debug_info</name>
         <load_address>0xe71d</load_address>
         <run_address>0xe71d</run_address>
         <size>0x558</size>
         <input_file_ref idref="fl-a"/>
      </object_component>
      <object_component id="oc-3f8">
         <name>.debug_info</name>
         <load_address>0xec75</load_address>
         <run_address>0xec75</run_address>
         <size>0x648</size>
         <input_file_ref idref="fl-b"/>
      </object_component>
      <object_component id="oc-2c7">
         <name>.debug_info</name>
         <load_address>0xf2bd</load_address>
         <run_address>0xf2bd</run_address>
         <size>0x52c</size>
         <input_file_ref idref="fl-b"/>
      </object_component>
      <object_component id="oc-2d4">
         <name>.debug_info</name>
         <load_address>0xf7e9</load_address>
         <run_address>0xf7e9</run_address>
         <size>0x479</size>
         <input_file_ref idref="fl-c"/>
      </object_component>
      <object_component id="oc-2ce">
         <name>.debug_info</name>
         <load_address>0xfc62</load_address>
         <run_address>0xfc62</run_address>
         <size>0xcd</size>
         <input_file_ref idref="fl-c"/>
      </object_component>
      <object_component id="oc-2d1">
         <name>.debug_info</name>
         <load_address>0xfd2f</load_address>
         <run_address>0xfd2f</run_address>
         <size>0xcb</size>
         <input_file_ref idref="fl-c"/>
      </object_component>
[...]
         <name>__aeabi_cdcmple</name>
         <value>0x7575</value>
         <object_component_ref idref="oc-3b6"/>
      </symbol>
      <symbol id="sm-8e6">
         <name>__aeabi_cdrcmple</name>
         <value>0x75fb</value>
         <object_component_ref idref="oc-4a5"/>
      </symbol>
      <symbol id="sm-8fa">
         <name>__aeabi_ddiv</name>
         <value>0x6205</value>
         <object_component_ref idref="oc-4a0"/>
      </symbol>
      <symbol id="sm-905">
         <name>__aeabi_dmul</name>
         <value>0x6c21</value>
         <object_component_ref idref="oc-49b"/>
      </symbol>
      <symbol id="sm-90f">
         <name>__aeabi_d2iz</name>
         <value>0x7e05</value>
         <object_component_ref idref="oc-4aa"/>
      </symbol>
      <symbol id="sm-91b">
         <name>__aeabi_i2d</name>
         <value>0x8101</value>
         <object_component_ref idref="oc-4b5"/>
      </symbol>
      <symbol id="sm-936">
         <name>memcpy</name>
         <value>0x729d</value>
         <object_component_ref idref="oc-3a"/>
      </symbol>
      <symbol id="sm-937">
         <name>__aeabi_memcpy</name>
         <value>0x729d</value>
         <object_component_ref idref="oc-3a"/>
      </symbol>
      <symbol id="sm-938">
         <name>__aeabi_memcpy8</name>
         <value>0x729d</value>
         <object_component_ref idref="oc-3a"/>
      </symbol>
      <symbol id="sm-939">
         <name>__aeabi_memcpy4</name>
         <value>0x729d</value>
         <object_component_ref idref="oc-3a"/>
      </symbol>
      <symbol id="sm-946">
         <name>__aeabi_uldivmod</name>
         <value>0x7339</value>
         <object_component_ref idref="oc-494"/>
      </symbol>
      <symbol id="sm-955">
         <name>__aeabi_memset</name>
         <value>0x7783</value>
         <object_component_ref idref="oc-ac"/>
      </symbol>
      <symbol id="sm-956">
         <name>memset</name>
         <value>0x7789</value>
         <object_component_ref idref="oc-ac"/>
      </symbol>
      <symbol id="sm-957">
         <name>__aeabi_memset8</name>
         <value>0x7783</value>
         <object_component_ref idref="oc-ac"/>
      </symbol>
      <symbol id="sm-958">
         <name>__aeabi_memset4</name>
         <value>0x7783</value>
         <object_component_ref idref="oc-ac"/>
      </symbol>
      <symbol id="sm-959">
         <name>__aeabi_memclr8</name>
         <value>0x7781</value>
         <object_component_ref idref="oc-ac"/>
      </symbol>
      <symbol id="sm-95a">
         <name>__aeabi_memclr4</name>
         <value>0x7781</value>
         <object_component_ref idref="oc-ac"/>
      </symbol>
      <symbol id="sm-95b">
         <name>__aeabi_memclr</name>
         <value>0x7781</value>
         <object_component_ref idref="oc-ac"/>
      </symbol>
      <symbol id="sm-96d">
         <name>__TI_zero_init</name>
         <value>0x8335</value>
         <object_component_ref idref="oc-4c"/>
      </symbol>
      <symbol id="sm-984">
         <name>__TI_decompress_none</name>
         <value>0x830d</value>
         <object_component_ref idref="oc-1d"/>
      </symbol>
      <symbol id="sm-9a7">
         <name>__TI_decompress_lzss</name>
         <value>0x78d7</value>
         <object_component_ref idref="oc-17"/>
      </symbol>
      <symbol id="sm-9b2">
         <name>C$$EXIT</name>
         <value>0x835d</value>
         <object_component_ref idref="oc-1c7"/>
      </symbol>
      <symbol id="sm-9b3">
         <name>abort</name>
         <value>0x835d</value>
         <object_component_ref idref="oc-1c7"/>
      </symbol>
      <symbol id="sm-9c8">
         <name>_nop</name>
         <value>0x3197</value>
         <object_component_ref idref="oc-412"/>
      </symbol>
      <symbol id="sm-9c9">
         <name>_lock</name>
         <value>0x20000fe0</value>
         <object_component_ref idref="oc-318"/>
      </symbol>
      <symbol id="sm-9ca">
         <name>_unlock</name>
         <value>0x20000fe4</value>
         <object_component_ref idref="oc-318"/>
      </symbol>
      <symbol id="sm-9d9">
         <name>__TI_ltoa</name>
         <value>0x7c81</value>
         <object_component_ref idref="oc-4af"/>
      </symbol>
      <symbol id="sm-9ef">
         <name>atoi</name>
         <value>0x7d29</value>
         <object_component_ref idref="oc-3aa"/>
      </symbol>
      <symbol id="sm-9fa">
         <name>_ctypes_</name>
         <value>0x8360</value>
         <object_component_ref idref="oc-48f"/>
      </symbol>
      <symbol id="sm-a28">
         <name>__localtime32</name>
         <value>0x633d</value>
         <object_component_ref idref="oc-26f"/>
      </symbol>
      <symbol id="sm-a29">
         <name>localtime</name>
         <value>0x633d</value>
         <object_component_ref idref="oc-26f"/>
      </symbol>
      <symbol id="sm-a39">
         <name>memccpy</name>
         <value>0x81f7</value>
         <object_component_ref idref="oc-3d3"/>
      </symbol>
      <symbol id="sm-a4f">
         <name>_sys_memory</name>
         <value>0x20000b20</value>
         <object_component_ref idref="oc-29"/>
      </symbol>
      <symbol id="sm-a81">
         <name>mktime</name>
         <value>0x4ec9</value>
         <object_component_ref idref="oc-376"/>
      </symbol>
      <symbol id="sm-a82">
         <name>__mktime32</name>
         <value>0x4ec9</value>
         <object_component_ref idref="oc-376"/>
      </symbol>
      <symbol id="sm-a92">
         <name>strchr</name>
         <value>0x825d</value>
         <object_component_ref idref="oc-4e6"/>
      </symbol>
      <symbol id="sm-aa0">
         <name>strlen</name>
         <value>0x8289</value>
         <object_component_ref idref="oc-3a4"/>
      </symbol>
      <symbol id="sm-ab0">
         <name>strncmp</name>
         <value>0x815d</value>
         <object_component_ref idref="oc-1a2"/>
      </symbol>
      <symbol id="sm-ac0">
         <name>_tz</name>
         <value>0x20000fd0</value>
         <object_component_ref idref="oc-37c"/>
      </symbol>
      <symbol id="sm-ad6">
         <name>__aeabi_errno_addr</name>
         <value>0x834d</value>
         <object_component_ref idref="oc-3df"/>
      </symbol>
      <symbol id="sm-ad7">
         <name>errno</name>
         <value>0x20000ff0</value>
         <object_component_ref idref="oc-4f6"/>
      </symbol>
      <symbol id="sm-aea">
         <name>__stack</name>
         <value>0x2000fe00</value>
         <object_component_ref idref="oc-2c"/>
      </symbol>
      <symbol id="sm-aeb">
         <name>_c_int00_noargs</name>
         <value>0x806d</value>
         <object_component_ref idref="oc-58"/>
      </symbol>
      <symbol id="sm-b00">
         <name>__time32</name>
         <value>0x82ff</value>
         <object_component_ref idref="oc-269"/>
      </symbol>
      <symbol id="sm-b01">
         <name>time</name>
         <value>0x82ff</value>
         <object_component_ref idref="oc-269"/>
      </symbol>
      <symbol id="sm-b0e">
         <name>copysign</name>
         <value>0x8213</value>
         <object_component_ref idref="oc-579"/>
      </symbol>
      <symbol id="sm-b0f">
         <name>copysignl</name>
         <value>0x8213</value>
         <object_component_ref idref="oc-579"/>
      </symbol>
      <symbol id="sm-b19">
         <name>__aeabi_idiv0</name>
         <value>0x3be7</value>
         <object_component_ref idref="oc-450"/>
      </symbol>
      <symbol id="sm-b1a">
         <name>__aeabi_ldiv0</name>
         <value>0x3be7</value>
         <object_component_ref idref="oc-450"/>
      </symbol>
      <symbol id="sm-b29">
         <name>__aeabi_uidivmod</name>
         <value>0x7ed1</value>
         <object_component_ref idref="oc-371"/>
      </symbol>
      <symbol id="sm-b2a">
         <name>__aeabi_uidiv</name>
         <value>0x7ed1</value>
         <object_component_ref idref="oc-371"/>
      </symbol>
      <symbol id="sm-b38">
         <name>__aeabi_ldivmod</name>
         <value>0x7869</value>
         <object_component_ref idref="oc-456"/>
      </symbol>
      <symbol id="sm-b60">
         <name>__TI_auto_init_nobinit_nopinit</name>
         <value>0x7e4d</value>
         <object_component_ref idref="oc-1d3"/>
      </symbol>
      <symbol id="sm-b6a">
         <name>_system_pre_init</name>
         <value>0x8359</value>
         <object_component_ref idref="oc-b2"/>
      </symbol>
      <symbol id="sm-b74">
         <name>parmbuf</name>
         <value>0x20000af1</value>
      </symbol>
      <symbol id="sm-b8e">
         <name>HOSTtime</name>
         <value>0x7dbd</value>
         <object_component_ref idref="oc-364"/>
      </symbol>
      <symbol id="sm-bb4">
         <name>__TI_readmsg</name>
         <value>0x8039</value>
         <object_component_ref idref="oc-43a"/>
      </symbol>
      <symbol id="sm-bb5">
         <name>C$$IO$$</name>
         <value>0x7ffb</value>
         <object_component_ref idref="oc-434"/>
      </symbol>
      <symbol id="sm-bb6">
         <name>__CIOBUF_</name>
         <value>0x200008ac</value>
         <object_component_ref idref="oc-546"/>
      </symbol>
      <symbol id="sm-bb7">
         <name>__TI_writemsg</name>
         <value>0x7fcd</value>
         <object_component_ref idref="oc-434"/>
      </symbol>
      <symbol id="sm-c22">
         <name>CS_setDCOCenteredFrequency</name>
         <value>0x8005</value>
         <object_component_ref idref="oc-28d"/>
      </symbol>
      <symbol id="sm-c23">
         <name>CS_setReferenceOscillatorFrequency</name>
         <value>0x80a1</value>
         <object_component_ref idref="oc-2da"/>
      </symbol>
      <symbol id="sm-c24">
         <name>CS_initClockSignal</name>
         <value>0x6471</value>
         <object_component_ref idref="oc-2e0"/>
      </symbol>
      <symbol id="sm-c33">
         <name>FlashCtl_setWaitState</name>
         <value>0x7d75</value>
         <object_component_ref idref="oc-281"/>
      </symbol>
      <symbol id="sm-c4e">
         <name>GPIO_setAsPeripheralModuleFunctionOutputPin</name>
         <value>0x7465</value>
         <object_component_ref idref="oc-2ec"/>
      </symbol>
      <symbol id="sm-c5a">
         <name>Interrupt_enableMaster</name>
         <value>0x82af</value>
         <object_component_ref idref="oc-17e"/>
      </symbol>
      <symbol id="sm-d47">
         <name>PCM_setCoreVoltageLevel</name>
         <value>0x82cf</value>
         <object_component_ref idref="oc-287"/>
      </symbol>
      <symbol id="sm-d48">
         <name>PCM_getCoreVoltageLevel</name>
         <value>0x7a6d</value>
         <object_component_ref idref="oc-472"/>
      </symbol>
      <symbol id="sm-d49">
         <name>PCM_shutdownDevice</name>
         <value>0x7c2d</value>
         <object_component_ref idref="oc-526"/>
      </symbol>
      <symbol id="sm-d4a">
         <name>PCM_setPowerState</name>
         <value>0x82ef</value>
         <object_component_ref idref="oc-2e6"/>
      </symbol>
      <symbol id="sm-d4b">
         <name>PCM_getPowerMode</name>
         <value>0x7b29</value>
         <object_component_ref idref="oc-46c"/>
      </symbol>
      <symbol id="sm-d4c">
         <name>PCM_getPowerState</name>
         <value>0x8275</value>
         <object_component_ref idref="oc-478"/>
      </symbol>
      <symbol id="sm-d4d">
         <name>PCM_gotoLPM4</name>
         <value>0x82bf</value>
         <object_component_ref idref="oc-520"/>
      </symbol>
      <symbol id="sm-d4e">
         <name>PCM_gotoLPM3</name>
         <value>0x7681</value>
         <object_component_ref idref="oc-51a"/>
      </symbol>
      <symbol id="sm-d4f">
         <name>PCM_gotoLPM0</name>
         <value>0x8189</value>
         <object_component_ref idref="oc-514"/>
      </symbol>
      <symbol id="sm-d50">
         <name>PCM_setPowerMode</name>
         <value>0x82df</value>
         <object_component_ref idref="oc-47e"/>
      </symbol>
      <symbol id="sm-da0">
         <name>RTC_C_getCalendarTime</name>
         <value>0x7705</value>
         <object_component_ref idref="oc-fb"/>
      </symbol>
      <symbol id="sm-da1">
         <name>RTC_C_getInterruptStatus</name>
         <value>0x7acd</value>
         <object_component_ref idref="oc-242"/>
      </symbol>
      <symbol id="sm-da2">
         <name>RTC_C_holdClock</name>
         <value>0x8131</value>
         <object_component_ref idref="oc-5a4"/>
      </symbol>
      <symbol id="sm-da3">
         <name>RTC_C_getEnabledInterruptStatus</name>
         <value>0x73d1</value>
         <object_component_ref idref="oc-101"/>
      </symbol>
      <symbol id="sm-da4">
         <name>RTC_C_enableInterrupt</name>
         <value>0x7941</value>
         <object_component_ref idref="oc-f5"/>
      </symbol>
      <symbol id="sm-dc9">
         <name>SPI_initMaster</name>
         <value>0x713b</value>
         <object_component_ref idref="oc-294"/>
      </symbol>
      <symbol id="sm-e03">
         <name>UART_getEnabledInterruptStatus</name>
         <value>0x79a5</value>
         <object_component_ref idref="oc-e1"/>
      </symbol>
      <symbol id="sm-e04">
         <name>UART_getInterruptStatus</name>
         <value>0x822d</value>
         <object_component_ref idref="oc-228"/>
      </symbol>
      <symbol id="sm-e05">
         <name>UART_initModule</name>
         <value>0x67f1</value>
         <object_component_ref idref="oc-db"/>
      </symbol>
      <symbol id="sm-e11">
         <name>WDT_A_holdTimer</name>
         <value>0x81b1</value>
         <object_component_ref idref="oc-59e"/>
      </symbol>
      <symbol id="sm-e23">
         <name>CPU_wfi</name>
         <value>0x8355</value>
         <object_component_ref idref="oc-596"/>
      </symbol>
      <symbol id="sm-e24">
         <name>CPU_cpsie</name>
         <value>0x8329</value>
         <object_component_ref idref="oc-2a2"/>
      </symbol>
      <symbol id="sm-e25">
         <name>__TI_static_base__</name>
         <value>0x0</value>
      </symbol>
      <symbol id="sm-e28">
         <name>__mpu_init</name>
         <value>0x0</value>
      </symbol>
      <symbol id="sm-e29">
         <name>_system_post_cinit</name>
         <value>0x0</value>
      </symbol>
      <symbol id="sm-e2a">
         <name>NMI_Handler</name>
         <value>0x8327</value>
      </symbol>
      <symbol id="sm-e2b">
         <name>HardFault_Handler</name>
         <value>0x8327</value>
      </symbol>
      <symbol id="sm-e2c">
         <name>MemManage_Handler</name>
         <value>0x8327</value>
      </symbol>
      <symbol id="sm-e2d">
         <name>BusFault_Handler</name>
         <value>0x8327</value>
      </symbol>
      <symbol id="sm-e2e">
         <name>UsageFault_Handler</name>
         <value>0x8327</value>
      </symbol>
      <symbol id="sm-e2f">
         <name>SVC_Handler</name>
         <value>0x8327</value>
      </symbol>
      <symbol id="sm-e30">
         <name>DebugMon_Handler</name>
         <value>0x8327</value>
      </symbol>
      <symbol id="sm-e31">
         <name>PendSV_Handler</name>
         <value>0x8327</value>
      </symbol>
      <symbol id="sm-e32">
         <name>SysTick_Handler</name>
         <value>0x8327</value>
      </symbol>
      <symbol id="sm-e33">
         <name>PSS_IRQHandler</name>
         <value>0x8327</value>
      </symbol>
      <symbol id="sm-e34">
         <name>CS_IRQHandler</name>
         <value>0x8327</value>
      </symbol>
      <symbol id="sm-e35">
         <name>PCM_IRQHandler</name>
         <value>0x8327</value>
      </symbol>
      <symbol id="sm-e36">
         <name>WDT_A_IRQHandler</name>
         <value>0x8327</value>
      </symbol>
      <symbol id="sm-e37">
         <name>FPU_IRQHandler</name>
         <value>0x8327</value>
      </symbol>
      <symbol id="sm-e38">
         <name>FLCTL_IRQHandler</name>
         <value>0x8327</value>
      </symbol>
      <symbol id="sm-e39">
         <name>COMP_E0_IRQHandler</name>
         <value>0x8327</value>
      </symbol>
      <symbol id="sm-e3a">
         <name>COMP_E1_IRQHandler</name>
         <value>0x8327</value>
      </symbol>
      <symbol id="sm-e3b">
         <name>TA0_0_IRQHandler</name>
         <value>0x6bdf</value>
      </symbol>
      <symbol id="sm-e3c">
         <name>TA0_N_IRQHandler</name>
         <value>0x8327</value>
      </symbol>
      <symbol id="sm-e3d">
         <name>TA1_0_IRQHandler</name>
         <value>0x6bef</value>
      </symbol>
      <symbol id="sm-e3e">
         <name>TA1_N_IRQHandler</name>
         <value>0x8327</value>
      </symbol>
      <symbol id="sm-e3f">
         <name>TA2_0_IRQHandler</name>
         <value>0x8327</value>
      </symbol>
      <symbol id="sm-e40">
         <name>TA2_N_IRQHandler</name>
         <value>0x8327</value>
      </symbol>
      <symbol id="sm-e41">
         <name>TA3_0_IRQHandler</name>
         <value>0x8327</value>
      </symbol>
      <symbol id="sm-e42">
         <name>TA3_N_IRQHandler</name>
         <value>0x8327</value>
      </symbol>
      <symbol id="sm-e43">
         <name>EUSCIA0_IRQHandler</name>
         <value>0x4dc5</value>
      </symbol>
      <symbol id="sm-e44">
         <name>EUSCIA1_IRQHandler</name>
         <value>0x8327</value>
      </symbol>
      <symbol id="sm-e45">
         <name>EUSCIA2_IRQHandler</name>
         <value>0x4e39</value>
      </symbol>
      <symbol id="sm-e46">
         <name>EUSCIA3_IRQHandler</name>
         <value>0x8327</value>
      </symbol>
      <symbol id="sm-e47">
         <name>EUSCIB0_IRQHandler</name>
         <value>0x8327</value>
      </symbol>
      <symbol id="sm-e48">
         <name>EUSCIB1_IRQHandler</name>
         <value>0x8327</value>
      </symbol>
      <symbol id="sm-e49">
         <name>EUSCIB2_IRQHandler</name>
         <value>0x8327</value>
      </symbol>
      <symbol id="sm-e4a">
         <name>EUSCIB3_IRQHandler</name>
         <value>0x8327</value>
      </symbol>
      <symbol id="sm-e4b">
         <name>ADC14_IRQHandler</name>
         <value>0x8327</value>
      </symbol>
      <symbol id="sm-e4c">
         <name>T32_INT1_IRQHandler</name>
         <value>0x8327</value>
      </symbol>
      <symbol id="sm-e4d">
         <name>T32_INT2_IRQHandler</name>
         <value>0x8327</value>
      </symbol>
      <symbol id="sm-e4e">
         <name>T32_INTC_IRQHandler</name>
         <value>0x8327</value>
      </symbol>
      <symbol id="sm-e4f">
         <name>AES256_IRQHandler</name>
         <value>0x8327</value>
      </symbol>
      <symbol id="sm-e50">
         <name>RTC_C_IRQHandler</name>
         <value>0x6da9</value>
      </symbol>
      <symbol id="sm-e51">
         <name>DMA_ERR_IRQHandler</name>
         <value>0x8327</value>
      </symbol>
      <symbol id="sm-e52">
         <name>DMA_INT3_IRQHandler</name>
         <value>0x8327</value>
      </symbol>
      <symbol id="sm-e53">
         <name>DMA_INT2_IRQHandler</name>
         <value>0x8327</value>
      </symbol>
      <symbol id="sm-e54">
         <name>DMA_INT1_IRQHandler</name>
         <value>0x8327</value>
      </symbol>
      <symbol id="sm-e55">
         <name>DMA_INT0_IRQHandler</name>
         <value>0x8327</value>
      </symbol>
      <symbol id="sm-e56">
         <name>PORT1_IRQHandler</name>
         <value>0x722f</value>
      </symbol>
      <symbol id="sm-e57">
         <name>PORT2_IRQHandler</name>
         <value>0x752f</value>
      </symbol>
      <symbol id="sm-e58">
         <name>PORT3_IRQHandler</name>
         <value>0x8327</value>
      </symbol>
      <symbol id="sm-e59">
         <name>PORT4_IRQHandler</name>
         <value>0x8327</value>
      </symbol>
      <symbol id="sm-e5a">
         <name>PORT5_IRQHandler</name>
         <value>0x8327</value>
      </symbol>
      <symbol id="sm-e5b">
         <name>PORT6_IRQHandler</name>
         <value>0x8327</value>
      </symbol>
   </symbol_table>
   <title>Link successful</title>
</link_info>
